Component: ARM Compiler 5.06 update 6 (build 750) Tool: armlink [4d35ed]

==============================================================================

Section Cross References

    startup_stm32f407xx.o(RESET) refers to startup_stm32f407xx.o(STACK) for __initial_sp
    startup_stm32f407xx.o(RESET) refers to startup_stm32f407xx.o(.text) for Reset_Handler
    startup_stm32f407xx.o(RESET) refers to stm32f4xx_it.o(i.NMI_Handler) for NMI_Handler
    startup_stm32f407xx.o(RESET) refers to stm32f4xx_it.o(i.HardFault_Handler) for HardFault_Handler
    startup_stm32f407xx.o(RESET) refers to stm32f4xx_it.o(i.MemManage_Handler) for MemManage_Handler
    startup_stm32f407xx.o(RESET) refers to stm32f4xx_it.o(i.BusFault_Handler) for BusFault_Handler
    startup_stm32f407xx.o(RESET) refers to stm32f4xx_it.o(i.UsageFault_Handler) for UsageFault_Handler
    startup_stm32f407xx.o(RESET) refers to stm32f4xx_it.o(i.SVC_Handler) for SVC_Handler
    startup_stm32f407xx.o(RESET) refers to stm32f4xx_it.o(i.DebugMon_Handler) for DebugMon_Handler
    startup_stm32f407xx.o(RESET) refers to os_cpu_a.o(.text) for PendSV_Handler
    startup_stm32f407xx.o(RESET) refers to stm32f4xx_it.o(i.SysTick_Handler) for SysTick_Handler
    startup_stm32f407xx.o(.text) refers to system_stm32f4xx.o(i.SystemInit) for SystemInit
    startup_stm32f407xx.o(.text) refers to entry.o(.ARM.Collect$$$$00000000) for __main
    hmc5883.o(i.HMC_Init) refers to i2c.o(i.Sensor_Write) for Sensor_Write
    hmc5883.o(i.HMC_Init) refers to i2c.o(i.Soft_Dely) for Soft_Dely
    hmc5883.o(i.HMC_Read) refers to i2c.o(i.Sensor_Read) for Sensor_Read
    mpu6050.o(i.MPU6050ReadAcc) refers to i2c.o(i.Sensor_Read) for Sensor_Read
    mpu6050.o(i.MPU6050ReadGyro) refers to i2c.o(i.Sensor_Read) for Sensor_Read
    mpu6050.o(i.MPU6050ReadID) refers to i2c.o(i.Sensor_Read) for Sensor_Read
    mpu6050.o(i.MPU6050ReadID) refers to printf1.o(i.__0printf$1) for __2printf
    mpu6050.o(i.MPU6050_Init) refers to i2c.o(i.Sensor_Write) for Sensor_Write
    mahonyahrs.o(i.AHRS_Time_Init) refers to tim.o(i.MX_TIM2_Init) for MX_TIM2_Init
    mahonyahrs.o(i.Attitude_Update) refers to mahonyahrs.o(i.invSqrt) for invSqrt
    mahonyahrs.o(i.Attitude_Update) refers to sqrtf.o(i.__hardfp_sqrtf) for __hardfp_sqrtf
    mahonyahrs.o(i.Attitude_Update) refers to mahonyahrs.o(i.Get_AHRS_Time) for Get_AHRS_Time
    mahonyahrs.o(i.Attitude_Update) refers to f2d.o(.text) for __aeabi_f2d
    mahonyahrs.o(i.Attitude_Update) refers to asin.o(i.__hardfp_asin) for __hardfp_asin
    mahonyahrs.o(i.Attitude_Update) refers to dmul.o(.text) for __aeabi_dmul
    mahonyahrs.o(i.Attitude_Update) refers to d2f.o(.text) for __aeabi_d2f
    mahonyahrs.o(i.Attitude_Update) refers to atan2.o(i.__hardfp_atan2) for __hardfp_atan2
    mahonyahrs.o(i.Attitude_Update) refers to mahonyahrs.o(.data) for .data
    mahonyahrs.o(i.Attitude_Update) refers to main.o(.bss) for angle
    mahonyahrs.o(i.Calib_Status) refers to main.o(.data) for accOffset
    mahonyahrs.o(i.Calib_Status) refers to main.o(.data) for gyroOffset
    mahonyahrs.o(i.GY86_Read) refers to mpu6050.o(i.MPU6050ReadAcc) for MPU6050ReadAcc
    mahonyahrs.o(i.GY86_Read) refers to mpu6050.o(i.MPU6050ReadGyro) for MPU6050ReadGyro
    mahonyahrs.o(i.GY86_Read) refers to hmc5883.o(i.HMC_Read) for HMC_Read
    mahonyahrs.o(i.GY86_Read) refers to mahonyahrs.o(i.MPU6050_Offset) for MPU6050_Offset
    mahonyahrs.o(i.GY86_Read) refers to main.o(.data) for offsetAcc
    mahonyahrs.o(i.GY86_Read) refers to main.o(.data) for acc
    mahonyahrs.o(i.GY86_Read) refers to main.o(.data) for offsetGyro
    mahonyahrs.o(i.GY86_Read) refers to main.o(.data) for gyro
    mahonyahrs.o(i.GY86_Read) refers to main.o(.bss) for fGyro
    mahonyahrs.o(i.GY86_Read) refers to main.o(.data) for mag
    mahonyahrs.o(i.MPU6050_Offset) refers to main.o(.data) for accOffset
    mahonyahrs.o(i.MPU6050_Offset) refers to mahonyahrs.o(.data) for .data
    mahonyahrs.o(i.MPU6050_Offset) refers to main.o(.data) for offsetAcc
    mahonyahrs.o(i.MPU6050_Offset) refers to main.o(.data) for acc
    mahonyahrs.o(i.MPU6050_Offset) refers to main.o(.data) for gyroOffset
    mahonyahrs.o(i.MPU6050_Offset) refers to main.o(.data) for offsetGyro
    mahonyahrs.o(i.MPU6050_Offset) refers to main.o(.data) for gyro
    mahonyahrs.o(i.Open_Calib) refers to main.o(.data) for accOffset
    mahonyahrs.o(i.Open_Calib) refers to main.o(.data) for gyroOffset
    mahonyahrs.o(i.Quat_Init) refers to hmc5883.o(i.HMC_Read) for HMC_Read
    mahonyahrs.o(i.Quat_Init) refers to sin.o(i.__hardfp_sin) for __hardfp_sin
    mahonyahrs.o(i.Quat_Init) refers to dflti.o(.text) for __aeabi_i2d
    mahonyahrs.o(i.Quat_Init) refers to dmul.o(.text) for __aeabi_dmul
    mahonyahrs.o(i.Quat_Init) refers to cos.o(i.__hardfp_cos) for __hardfp_cos
    mahonyahrs.o(i.Quat_Init) refers to dadd.o(.text) for __aeabi_dsub
    mahonyahrs.o(i.Quat_Init) refers to atan2.o(i.__hardfp_atan2) for __hardfp_atan2
[...]
    .ARM.Collect$$$$0000000A                 0x08000190   Section        0  entry8b.o(.ARM.Collect$$$$0000000A)
    .ARM.Collect$$$$0000000B                 0x08000190   Section        8  entry9a.o(.ARM.Collect$$$$0000000B)
    .ARM.Collect$$$$0000000D                 0x08000198   Section        0  entry10a.o(.ARM.Collect$$$$0000000D)
    .ARM.Collect$$$$0000000F                 0x08000198   Section        0  entry11a.o(.ARM.Collect$$$$0000000F)
    .ARM.Collect$$$$00002712                 0x08000198   Section        4  entry2.o(.ARM.Collect$$$$00002712)
    __lit__00000000                          0x08000198   Data           4  entry2.o(.ARM.Collect$$$$00002712)
    .text                                    0x0800019c   Section       36  startup_stm32f407xx.o(.text)
    $v0                                      0x0800019c   Number         0  startup_stm32f407xx.o(.text)
    .text                                    0x080001c0   Section      192  os_cpu_a.o(.text)
    $v0                                      0x080001c0   Number         0  os_cpu_a.o(.text)
    .text                                    0x08000280   Section        0  uldiv.o(.text)
    .text                                    0x080002e2   Section        0  memseta.o(.text)
    .text                                    0x08000306   Section        0  dadd.o(.text)
    .text                                    0x08000454   Section        0  dmul.o(.text)
    .text                                    0x08000538   Section        0  dflti.o(.text)
    .text                                    0x0800055a   Section        0  f2d.o(.text)
    .text                                    0x08000580   Section        0  d2f.o(.text)
    .text                                    0x080005b8   Section        0  uidiv.o(.text)
    .text                                    0x080005e4   Section        0  llshl.o(.text)
    .text                                    0x08000602   Section        0  llushr.o(.text)
    .text                                    0x08000622   Section        0  llsshr.o(.text)
    .text                                    0x08000646   Section        0  fepilogue.o(.text)
    .text                                    0x08000646   Section        0  iusefp.o(.text)
    .text                                    0x080006b4   Section        0  depilogue.o(.text)
    .text                                    0x0800076e   Section        0  ddiv.o(.text)
    .text                                    0x0800084c   Section       36  init.o(.text)
    .text                                    0x08000870   Section        0  dsqrt.o(.text)
    .text                                    0x08000912   Section        0  dfltui.o(.text)
    .text                                    0x0800092c   Section        0  dfixi.o(.text)
    i.Attitude_Update                        0x0800096c   Section        0  mahonyahrs.o(i.Attitude_Update)
    i.BusFault_Handler                       0x08000d38   Section        0  stm32f4xx_it.o(i.BusFault_Handler)
    i.Calib_Status                           0x08000d3c   Section        0  mahonyahrs.o(i.Calib_Status)
    i.DebugMon_Handler                       0x08000d50   Section        0  stm32f4xx_it.o(i.DebugMon_Handler)
    i.Error_Handler                          0x08000d52   Section        0  main.o(i.Error_Handler)
    i.GY86_Read                              0x08000d54   Section        0  mahonyahrs.o(i.GY86_Read)
    i.Get_AHRS_Time                          0x08000e5c   Section        0  mahonyahrs.o(i.Get_AHRS_Time)
    i.HAL_GPIO_Init                          0x08000e7c   Section        0  stm32f4xx_hal_gpio.o(i.HAL_GPIO_Init)
    i.HAL_GetTick                            0x08001034   Section        0  stm32f4xx_hal.o(i.HAL_GetTick)
    i.HAL_I2C_Init                           0x08001040   Section        0  stm32f4xx_hal_i2c.o(i.HAL_I2C_Init)
    i.HAL_I2C_Mem_Read                       0x080011c8   Section        0  stm32f4xx_hal_i2c.o(i.HAL_I2C_Mem_Read)
    i.HAL_I2C_MspInit                        0x080013c0   Section        0  i2c.o(i.HAL_I2C_MspInit)
    i.HAL_IncTick                            0x08001428   Section        0  stm32f4xx_hal.o(i.HAL_IncTick)
    i.HAL_Init                               0x08001438   Section        0  stm32f4xx_hal.o(i.HAL_Init)
    i.HAL_InitTick                           0x0800146c   Section        0  stm32f4xx_hal.o(i.HAL_InitTick)
    i.HAL_MspInit                            0x080014ac   Section        0  stm32f4xx_hal_msp.o(i.HAL_MspInit)
    i.HAL_NVIC_SetPriority                   0x080014dc   Section        0  stm32f4xx_hal_cortex.o(i.HAL_NVIC_SetPriority)
    i.HAL_NVIC_SetPriorityGrouping           0x0800151c   Section        0  stm32f4xx_hal_cortex.o(i.HAL_NVIC_SetPriorityGrouping)
    i.HAL_RCC_ClockConfig                    0x08001540   Section        0  stm32f4xx_hal_rcc.o(i.HAL_RCC_ClockConfig)
    i.HAL_RCC_GetPCLK1Freq                   0x08001674   Section        0  stm32f4xx_hal_rcc.o(i.HAL_RCC_GetPCLK1Freq)
    i.HAL_RCC_GetPCLK2Freq                   0x08001694   Section        0  stm32f4xx_hal_rcc.o(i.HAL_RCC_GetPCLK2Freq)
    i.HAL_RCC_GetSysClockFreq                0x080016b4   Section        0  stm32f4xx_hal_rcc.o(i.HAL_RCC_GetSysClockFreq)
    i.HAL_RCC_OscConfig                      0x08001718   Section        0  stm32f4xx_hal_rcc.o(i.HAL_RCC_OscConfig)
    i.HAL_SYSTICK_Config                     0x08001a74   Section        0  stm32f4xx_hal_cortex.o(i.HAL_SYSTICK_Config)
    i.HAL_TIMEx_MasterConfigSynchronization  0x08001a9c   Section        0  stm32f4xx_hal_tim_ex.o(i.HAL_TIMEx_MasterConfigSynchronization)
    i.HAL_TIM_Base_Init                      0x08001b2c   Section        0  stm32f4xx_hal_tim.o(i.HAL_TIM_Base_Init)
    i.HAL_TIM_Base_MspInit                   0x08001b64   Section        0  tim.o(i.HAL_TIM_Base_MspInit)
    i.HAL_TIM_ConfigClockSource              0x08001b88   Section        0  stm32f4xx_hal_tim.o(i.HAL_TIM_ConfigClockSource)
    i.HAL_UART_Init                          0x08001c5e   Section        0  stm32f4xx_hal_uart.o(i.HAL_UART_Init)
    i.HAL_UART_MspInit                       0x08001cc0   Section        0  usart.o(i.HAL_UART_MspInit)
    i.HAL_UART_Transmit                      0x08001d2c   Section        0  stm32f4xx_hal_uart.o(i.HAL_UART_Transmit)
    i.HMC_Read                               0x08001de6   Section        0  hmc5883.o(i.HMC_Read)
    i.HardFault_Handler                      0x08001df8   Section        0  stm32f4xx_it.o(i.HardFault_Handler)
    i.I2C_IsAcknowledgeFailed                0x08001dfa   Section        0  stm32f4xx_hal_i2c.o(i.I2C_IsAcknowledgeFailed)
    I2C_IsAcknowledgeFailed                  0x08001dfb   Thumb Code    46  stm32f4xx_hal_i2c.o(i.I2C_IsAcknowledgeFailed)
    i.I2C_RequestMemoryRead                  0x08001e28   Section        0  stm32f4xx_hal_i2c.o(i.I2C_RequestMemoryRead)
    I2C_RequestMemoryRead                    0x08001e29   Thumb Code   246  stm32f4xx_hal_i2c.o(i.I2C_RequestMemoryRead)
    i.I2C_WaitOnFlagUntilTimeout             0x08001f24   Section        0  stm32f4xx_hal_i2c.o(i.I2C_WaitOnFlagUntilTimeout)
    I2C_WaitOnFlagUntilTimeout               0x08001f25   Thumb Code   104  stm32f4xx_hal_i2c.o(i.I2C_WaitOnFlagUntilTimeout)
    i.I2C_WaitOnMasterAddressFlagUntilTimeout 0x08001f8c   Section        0  stm32f4xx_hal_i2c.o(i.I2C_WaitOnMasterAddressFlagUntilTimeout)
    I2C_WaitOnMasterAddressFlagUntilTimeout  0x08001f8d   Thumb Code   150  stm32f4xx_hal_i2c.o(i.I2C_WaitOnMasterAddressFlagUntilTimeout)
    i.I2C_WaitOnRXNEFlagUntilTimeout         0x08002022   Section        0  stm32f4xx_hal_i2c.o(i.I2C_WaitOnRXNEFlagUntilTimeout)
    I2C_WaitOnRXNEFlagUntilTimeout           0x08002023   Thumb Code   102  stm32f4xx_hal_i2c.o(i.I2C_WaitOnRXNEFlagUntilTimeout)
    i.I2C_WaitOnTXEFlagUntilTimeout          0x08002088   Section        0  stm32f4xx_hal_i2c.o(i.I2C_WaitOnTXEFlagUntilTimeout)
    I2C_WaitOnTXEFlagUntilTimeout            0x08002089   Thumb Code    76  stm32f4xx_hal_i2c.o(i.I2C_WaitOnTXEFlagUntilTimeout)
    i.IIC_Byte_Read                          0x080020d4   Section        0  i2c.o(i.IIC_Byte_Read)
    i.MPU6050ReadAcc                         0x080020f0   Section        0  mpu6050.o(i.MPU6050ReadAcc)
    i.MPU6050ReadGyro                        0x08002102   Section        0  mpu6050.o(i.MPU6050ReadGyro)
    i.MPU6050_Offset                         0x08002114   Section        0  mahonyahrs.o(i.MPU6050_Offset)
    i.MX_GPIO_Init                           0x08002214   Section        0  gpio.o(i.MX_GPIO_Init)
    i.MX_I2C1_Init                           0x08002260   Section        0  i2c.o(i.MX_I2C1_Init)
    i.MX_TIM2_Init                           0x080022a0   Section        0  tim.o(i.MX_TIM2_Init)
    i.MX_USART3_UART_Init                    0x08002304   Section        0  usart.o(i.MX_USART3_UART_Init)
    i.MemManage_Handler                      0x0800233c   Section        0  stm32f4xx_it.o(i.MemManage_Handler)
    i.NMI_Handler                            0x0800233e   Section        0  stm32f4xx_it.o(i.NMI_Handler)
    i.OSDebugInit                            0x08002340   Section        0  os_dbg_r.o(i.OSDebugInit)
    i.OSInit                                 0x08002344   Section        0  os_core.o(i.OSInit)
    i.OSInitHookBegin                        0x0800242c   Section        0  os_cpu_c.o(i.OSInitHookBegin)
    i.OSInitHookEnd                          0x0800242e   Section        0  os_cpu_c.o(i.OSInitHookEnd)
    i.OSIntExit                              0x08002430   Section        0  os_core.o(i.OSIntExit)
    i.OSStart                                0x0800248c   Section        0  os_core.o(i.OSStart)
    i.OSTCBInitHook                          0x080024bc   Section        0  os_cpu_c.o(i.OSTCBInitHook)
    i.OSTaskCreate                           0x080024c0   Section        0  os_task.o(i.OSTaskCreate)
    i.OSTaskCreateExt                        0x08002550   Section        0  os_task.o(i.OSTaskCreateExt)
    i.OSTaskCreateHook                       0x080025f4   Section        0  os_cpu_c.o(i.OSTaskCreateHook)
    i.OSTaskDel                              0x080025f8   Section        0  os_task.o(i.OSTaskDel)
    i.OSTaskDelHook                          0x08002740   Section        0  os_cpu_c.o(i.OSTaskDelHook)
    i.OSTaskIdleHook                         0x08002742   Section        0  os_cpu_c.o(i.OSTaskIdleHook)
    i.OSTaskNameSet                          0x08002744   Section        0  os_task.o(i.OSTaskNameSet)
    i.OSTaskReturnHook                       0x080027b0   Section        0  os_cpu_c.o(i.OSTaskReturnHook)
    i.OSTaskStatHook                         0x080027b2   Section        0  os_cpu_c.o(i.OSTaskStatHook)
    i.OSTaskStkChk                           0x080027b4   Section        0  os_task.o(i.OSTaskStkChk)
    i.OSTaskStkInit                          0x0800283c   Section        0  os_cpu_c.o(i.OSTaskStkInit)
    i.OSTaskSuspend                          0x08002980   Section        0  os_task.o(i.OSTaskSuspend)
    i.OSTaskSwHook                           0x08002a24   Section        0  os_cpu_c.o(i.OSTaskSwHook)
    i.OSTimeDly                              0x08002a28   Section        0  os_time.o(i.OSTimeDly)
    i.OSTimeTick                             0x08002a90   Section        0  os_core.o(i.OSTimeTick)
    i.OSTimeTickHook                         0x08002b30   Section        0  os_cpu_c.o(i.OSTimeTickHook)
    i.OS_CPU_SysTickInit                     0x08002b34   Section        0  os_cpu_c.o(i.OS_CPU_SysTickInit)
    i.OS_Dummy                               0x08002b68   Section        0  os_core.o(i.OS_Dummy)
    i.OS_EventTaskRemove                     0x08002b6a   Section        0  os_core.o(i.OS_EventTaskRemove)
    i.OS_EventTaskRemoveMulti                0x08002b8a   Section        0  os_core.o(i.OS_EventTaskRemoveMulti)
    i.OS_FlagInit                            0x08002bb4   Section        0  os_flag.o(i.OS_FlagInit)
    i.OS_FlagUnlink                          0x08002bfc   Section        0  os_flag.o(i.OS_FlagUnlink)
    i.OS_InitEventList                       0x08002c1c   Section        0  os_core.o(i.OS_InitEventList)
    OS_InitEventList                         0x08002c1d   Thumb Code    72  os_core.o(i.OS_InitEventList)
    i.OS_InitTCBList                         0x08002c70   Section        0  os_core.o(i.OS_InitTCBList)
    OS_InitTCBList                           0x08002c71   Thumb Code    92  os_core.o(i.OS_InitTCBList)
    i.OS_MemClr                              0x08002cdc   Section        0  os_core.o(i.OS_MemClr)
    i.OS_MemInit                             0x08002cf0   Section        0  os_mem.o(i.OS_MemInit)
    i.OS_QInit                               0x08002d3c   Section        0  os_q.o(i.OS_QInit)
    i.OS_Sched                               0x08002d7c   Section        0  os_core.o(i.OS_Sched)
    i.OS_SchedNew                            0x08002dc4   Section        0  os_core.o(i.OS_SchedNew)
    OS_SchedNew                              0x08002dc5   Thumb Code    24  os_core.o(i.OS_SchedNew)
    i.OS_TCBInit                             0x08002de4   Section        0  os_core.o(i.OS_TCBInit)
    i.OS_TaskIdle                            0x08002ed0   Section        0  os_core.o(i.OS_TaskIdle)
    i.OS_TaskReturn                          0x08002eec   Section        0  os_task.o(i.OS_TaskReturn)
    i.OS_TaskStat                            0x08002f04   Section        0  os_core.o(i.OS_TaskStat)
    i.OS_TaskStatStkChk                      0x08002f5c   Section        0  os_core.o(i.OS_TaskStatStkChk)
    i.OS_TaskStkClr                          0x08002f94   Section        0  os_task.o(i.OS_TaskStkClr)
    i.Open_Calib                             0x08002fac   Section        0  mahonyahrs.o(i.Open_Calib)
    i.Quat_Init                              0x08002fc0   Section        0  mahonyahrs.o(i.Quat_Init)
    i.SVC_Handler                            0x08003468   Section        0  stm32f4xx_it.o(i.SVC_Handler)
    i.Send_Attitude                          0x0800346c   Section        0  usart.o(i.Send_Attitude)
    i.Send_Senser                            0x08003518   Section        0  usart.o(i.Send_Senser)
    i.Sensor_Read                            0x080035c0   Section        0  i2c.o(i.Sensor_Read)
    i.SysTick_Handler                        0x080035fc   Section        0  stm32f4xx_it.o(i.SysTick_Handler)
    i.SystemClock_Config                     0x08003624   Section        0  main.o(i.SystemClock_Config)
    i.SystemInit                             0x080036ac   Section        0  system_stm32f4xx.o(i.SystemInit)
    i.TIM_Base_SetConfig                     0x080036c8   Section        0  stm32f4xx_hal_tim.o(i.TIM_Base_SetConfig)
    i.TIM_ETR_SetConfig                      0x08003790   Section        0  stm32f4xx_hal_tim.o(i.TIM_ETR_SetConfig)
    i.TIM_ITRx_SetConfig                     0x080037a4   Section        0  stm32f4xx_hal_tim.o(i.TIM_ITRx_SetConfig)
    TIM_ITRx_SetConfig                       0x080037a5   Thumb Code    16  stm32f4xx_hal_tim.o(i.TIM_ITRx_SetConfig)
    i.TIM_TI1_ConfigInputStage               0x080037b4   Section        0  stm32f4xx_hal_tim.o(i.TIM_TI1_ConfigInputStage)
    TIM_TI1_ConfigInputStage                 0x080037b5   Thumb Code    34  stm32f4xx_hal_tim.o(i.TIM_TI1_ConfigInputStage)
    i.TIM_TI2_ConfigInputStage               0x080037d6   Section        0  stm32f4xx_hal_tim.o(i.TIM_TI2_ConfigInputStage)
    TIM_TI2_ConfigInputStage                 0x080037d7   Thumb Code    36  stm32f4xx_hal_tim.o(i.TIM_TI2_ConfigInputStage)
    i.Task_AHRS                              0x080037fc   Section        0  apps.o(i.Task_AHRS)
    i.Task_COM                               0x08003874   Section        0  apps.o(i.Task_COM)
    i.UART_SetConfig                         0x08003930   Section        0  stm32f4xx_hal_uart.o(i.UART_SetConfig)
    UART_SetConfig                           0x08003931   Thumb Code   286  stm32f4xx_hal_uart.o(i.UART_SetConfig)
    i.UART_WaitOnFlagUntilTimeout            0x08003a58   Section        0  stm32f4xx_hal_uart.o(i.UART_WaitOnFlagUntilTimeout)
    UART_WaitOnFlagUntilTimeout              0x08003a59   Thumb Code   100  stm32f4xx_hal_uart.o(i.UART_WaitOnFlagUntilTimeout)
    i.USART_NItSend                          0x08003abc   Section        0  usart.o(i.USART_NItSend)
    i.UsageFault_Handler                     0x08003ad0   Section        0  stm32f4xx_it.o(i.UsageFault_Handler)
    i.__0printf$1                            0x08003ad4   Section        0  printf1.o(i.__0printf$1)
    i.__ARM_fpclassify                       0x08003af4   Section        0  fpclassify.o(i.__ARM_fpclassify)
    i.__NVIC_SetPriority                     0x08003b24   Section        0  stm32f4xx_hal_cortex.o(i.__NVIC_SetPriority)
    __NVIC_SetPriority                       0x08003b25   Thumb Code    32  stm32f4xx_hal_cortex.o(i.__NVIC_SetPriority)
    i.__hardfp_asin                          0x08003b48   Section        0  asin.o(i.__hardfp_asin)
    i.__hardfp_atan                          0x08003ea8   Section        0  atan.o(i.__hardfp_atan)
    i.__hardfp_atan2                         0x08004180   Section        0  atan2.o(i.__hardfp_atan2)
    i.__hardfp_cos                           0x08004370   Section        0  cos.o(i.__hardfp_cos)
    i.__hardfp_sin                           0x08004438   Section        0  sin.o(i.__hardfp_sin)
    i.__hardfp_sqrtf                         0x08004500   Section        0  sqrtf.o(i.__hardfp_sqrtf)
    i.__ieee754_rem_pio2                     0x08004540   Section        0  rred.o(i.__ieee754_rem_pio2)
    i.__kernel_cos                           0x08004978   Section        0  cos_i.o(i.__kernel_cos)
    i.__kernel_poly                          0x08004ae8   Section        0  poly.o(i.__kernel_poly)
    i.__kernel_sin                           0x08004be0   Section        0  sin_i.o(i.__kernel_sin)
    i.__mathlib_dbl_infnan                   0x08004d10   Section        0  dunder.o(i.__mathlib_dbl_infnan)
    i.__mathlib_dbl_infnan2                  0x08004d24   Section        0  dunder.o(i.__mathlib_dbl_infnan2)
    i.__mathlib_dbl_invalid                  0x08004d38   Section        0  dunder.o(i.__mathlib_dbl_invalid)
    i.__mathlib_dbl_underflow                0x08004d58   Section        0  dunder.o(i.__mathlib_dbl_underflow)
    i.__scatterload_copy                     0x08004d78   Section       14  handlers.o(i.__scatterload_copy)
    i.__scatterload_null                     0x08004d86   Section        2  handlers.o(i.__scatterload_null)
    i.__scatterload_zeroinit                 0x08004d88   Section       14  handlers.o(i.__scatterload_zeroinit)
    i.__set_errno                            0x08004d98   Section        0  errno.o(i.__set_errno)
    i._printf_core                           0x08004da4   Section        0  printf1.o(i._printf_core)
    _printf_core                             0x08004da5   Thumb Code   336  printf1.o(i._printf_core)
    i.atan                                   0x08004ef8   Section        0  atan.o(i.atan)
    i.fabs                                   0x08004f08   Section        0  fabs.o(i.fabs)
    i.fputc                                  0x08004f20   Section        0  usart.o(i.fputc)
    i.invSqrt                                0x08004f3c   Section        0  mahonyahrs.o(i.invSqrt)
    i.main                                   0x08004f68   Section        0  main.o(i.main)
    i.sqrt                                   0x08004fcc   Section        0  sqrt.o(i.sqrt)
    .constdata                               0x0800503a   Section       16  system_stm32f4xx.o(.constdata)
    .constdata                               0x0800504a   Section        8  system_stm32f4xx.o(.constdata)
    .constdata                               0x08005052   Section      256  os_core.o(.constdata)
    .constdata                               0x08005158   Section       80  asin.o(.constdata)
    pS                                       0x08005158   Data          48  asin.o(.constdata)
    qS                                       0x08005188   Data          32  asin.o(.constdata)
    .constdata                               0x080051a8   Section      152  atan.o(.constdata)
    atanhi                                   0x080051a8   Data          32  atan.o(.constdata)
    atanlo                                   0x080051c8   Data          32  atan.o(.constdata)
    aTodd                                    0x080051e8   Data          40  atan.o(.constdata)
    aTeven                                   0x08005210   Data          48  atan.o(.constdata)
    .constdata                               0x08005240   Section       48  cos_i.o(.constdata)
    C                                        0x08005240   Data          48  cos_i.o(.constdata)
    .constdata                               0x08005270   Section        8  qnan.o(.constdata)
    .constdata                               0x08005278   Section      200  rred.o(.constdata)
    pio2s                                    0x08005278   Data          48  rred.o(.constdata)
    twooverpi                                0x080052a8   Data         152  rred.o(.constdata)
    .constdata                               0x08005340   Section       40  sin_i.o(.constdata)
    S                                        0x08005340   Data          40  sin_i.o(.constdata)
    .data                                    0x20000000   Section       72  mahonyahrs.o(.data)
    count_acc                                0x20000000   Data           1  mahonyahrs.o(.data)
    count_gyro                               0x20000001   Data           1  mahonyahrs.o(.data)
    ACC_X                                    0x2000002c   Data           4  mahonyahrs.o(.data)
    ACC_Y                                    0x20000030   Data           4  mahonyahrs.o(.data)
    ACC_Z                                    0x20000034   Data           4  mahonyahrs.o(.data)
    GYRO_X                                   0x20000038   Data           4  mahonyahrs.o(.data)
    GYRO_Y                                   0x2000003c   Data           4  mahonyahrs.o(.data)
    GYRO_Z                                   0x20000040   Data           4  mahonyahrs.o(.data)
    now                                      0x20000044   Data           4  mahonyahrs.o(.data)
    .data                                    0x20000048   Section        1  main.o(.data)
    .data                                    0x20000049   Section        1  main.o(.data)
    .data                                    0x2000004a   Section        6  main.o(.data)
    .data                                    0x20000050   Section        6  main.o(.data)
    .data                                    0x20000056   Section        6  main.o(.data)
    .data                                    0x2000005c   Section        6  main.o(.data)
    .data                                    0x20000062   Section        6  main.o(.data)
    .data                                    0x20000068   Section        8  i2c.o(.data)
    NUM                                      0x20000068   Data           4  i2c.o(.data)
    NUM                                      0x2000006c   Data           4  i2c.o(.data)
    .data                                    0x20000070   Section       12  stm32f4xx_hal.o(.data)
    .data                                    0x2000007c   Section        4  system_stm32f4xx.o(.data)
    .data                                    0x20000080   Section       60  os_core.o(.data)
    .data                                    0x200000bc   Section        4  os_core.o(.data)
    .data                                    0x200000c0   Section        4  os_core.o(.data)
    .data                                    0x200000c4   Section        4  os_core.o(.data)
    .data                                    0x200000c8   Section        4  stdout.o(.data)
    .data                                    0x200000cc   Section        4  errno.o(.data)
    _errno                                   0x200000cc   Data           4  errno.o(.data)
    .bss                                     0x200000d0   Section       12  main.o(.bss)
    .bss                                     0x200000dc   Section       12  main.o(.bss)
    .bss                                     0x200000e8   Section       50  main.o(.bss)
    .bss                                     0x2000011c   Section     4096  main.o(.bss)
    .bss                                     0x2000111c   Section       84  i2c.o(.bss)
    .bss                                     0x20001170   Section       64  tim.o(.bss)
    .bss                                     0x200011b0   Section       64  usart.o(.bss)
    .bss                                     0x200011f0   Section     2576  os_core.o(.bss)
    .bss                                     0x20001c00   Section       80  os_core.o(.bss)
    .bss                                     0x20001c50   Section      120  os_core.o(.bss)
    .bss                                     0x20001cc8   Section       96  os_core.o(.bss)
    STACK                                    0x20001d28   Section     1024  startup_stm32f407xx.o(STACK)

    Global Symbols

    Symbol Name                              Value     Ov Type        Size  Object(Section)

    BuildAttributes$$THM_ISAv4$E$P$D$K$B$S$7EM$VFPi3$EXTD16$VFPS$VFMA$PE$A:L22UL41UL21$X:L11$S22US41US21$IEEE1$IW$USESV6$~STKCKD$USESV7$~SHL$OTIME$ROPI$IEEEX$EBA8$MICROLIB$REQ8$PRES8$EABIv2 0x00000000   Number         0  anon$$obj.o ABSOLUTE
    __ARM_use_no_argv                        0x00000000   Number         0  main.o ABSOLUTE
    _printf_a                                0x00000000   Number         0  stubs.o ABSOLUTE
    _printf_c                                0x00000000   Number         0  stubs.o ABSOLUTE
    _printf_charcount                        0x00000000   Number         0  stubs.o ABSOLUTE
    _printf_d                                0x00000000   Number         0  stubs.o ABSOLUTE
    _printf_e                                0x00000000   Number         0  stubs.o ABSOLUTE
    _printf_f                                0x00000000   Number         0  stubs.o ABSOLUTE
    _printf_flags                            0x00000000   Number         0  stubs.o ABSOLUTE
    _printf_fp_dec                           0x00000000   Number         0  stubs.o ABSOLUTE
    _printf_fp_hex                           0x00000000   Number         0  stubs.o ABSOLUTE
    _printf_g                                0x00000000   Number         0  stubs.o ABSOLUTE
    _printf_i                                0x00000000   Number         0  stubs.o ABSOLUTE
    _printf_int_dec                          0x00000000   Number         0  stubs.o ABSOLUTE
    _printf_l                                0x00000000   Number         0  stubs.o ABSOLUTE
    _printf_lc                               0x00000000   Number         0  stubs.o ABSOLUTE
    _printf_ll                               0x00000000   Number         0  stubs.o ABSOLUTE
    _printf_lld                              0x00000000   Number         0  stubs.o ABSOLUTE
    _printf_lli                              0x00000000   Number         0  stubs.o ABSOLUTE
    _printf_llo                              0x00000000   Number         0  stubs.o ABSOLUTE
    _printf_llu                              0x00000000   Number         0  stubs.o ABSOLUTE
    _printf_llx                              0x00000000   Number         0  stubs.o ABSOLUTE
    _printf_longlong_dec                     0x00000000   Number         0  stubs.o ABSOLUTE
    _printf_longlong_hex                     0x00000000   Number         0  stubs.o ABSOLUTE
    _printf_longlong_oct                     0x00000000   Number         0  stubs.o ABSOLUTE
    _printf_ls                               0x00000000   Number         0  stubs.o ABSOLUTE
    _printf_mbtowc                           0x00000000   Number         0  stubs.o ABSOLUTE
    _printf_n                                0x00000000   Number         0  stubs.o ABSOLUTE
    _printf_o                                0x00000000   Number         0  stubs.o ABSOLUTE
    _printf_p                                0x00000000   Number         0  stubs.o ABSOLUTE
    _printf_percent                          0x00000000   Number         0  stubs.o ABSOLUTE
    _printf_pre_padding                      0x00000000   Number         0  stubs.o ABSOLUTE
    _printf_return_value                     0x00000000   Number         0  stubs.o ABSOLUTE
    _printf_s                                0x00000000   Number         0  stubs.o ABSOLUTE
    _printf_sizespec                         0x00000000   Number         0  stubs.o ABSOLUTE
    _printf_str                              0x00000000   Number         0  stubs.o ABSOLUTE
    _printf_truncate_signed                  0x00000000   Number         0  stubs.o ABSOLUTE
    _printf_truncate_unsigned                0x00000000   Number         0  stubs.o ABSOLUTE
    _printf_u                                0x00000000   Number         0  stubs.o ABSOLUTE
    _printf_wc                               0x00000000   Number         0  stubs.o ABSOLUTE
    _printf_wctomb                           0x00000000   Number         0  stubs.o ABSOLUTE
    _printf_widthprec                        0x00000000   Number         0  stubs.o ABSOLUTE
    _printf_x                                0x00000000   Number         0  stubs.o ABSOLUTE
    __cpp_initialize__aeabi_                  - Undefined Weak Reference
    __cxa_finalize                            - Undefined Weak Reference
    __decompress                              - Undefined Weak Reference
    _clock_init                               - Undefined Weak Reference
    _microlib_exit                            - Undefined Weak Reference
    __Vectors_Size                           0x00000188   Number         0  startup_stm32f407xx.o ABSOLUTE
    __Vectors                                0x08000000   Data           4  startup_stm32f407xx.o(RESET)
    __Vectors_End                            0x08000188   Data           0  startup_stm32f407xx.o(RESET)
    __main                                   0x08000189   Thumb Code     0  entry.o(.ARM.Collect$$$$00000000)
    _main_stk                                0x08000189   Thumb Code     0  entry2.o(.ARM.Collect$$$$00000001)
    _main_scatterload                        0x0800018d   Thumb Code     0  entry5.o(.ARM.Collect$$$$00000004)
    __main_after_scatterload                 0x08000191   Thumb Code     0  entry5.o(.ARM.Collect$$$$00000004)
    _main_clock                              0x08000191   Thumb Code     0  entry7b.o(.ARM.Collect$$$$00000008)
    _main_cpp_init                           0x08000191   Thumb Code     0  entry8b.o(.ARM.Collect$$$$0000000A)
    _main_init                               0x08000191   Thumb Code     0  entry9a.o(.ARM.Collect$$$$0000000B)
    __rt_final_cpp                           0x08000199   Thumb Code     0  entry10a.o(.ARM.Collect$$$$0000000D)
    __rt_final_exit                          0x08000199   Thumb Code     0  entry11a.o(.ARM.Collect$$$$0000000F)
    Reset_Handler                            0x0800019d   Thumb Code     8  startup_stm32f407xx.o(.text)
    ADC_IRQHandler                           0x080001b7   Thumb Code     0  startup_stm32f407xx.o(.text)
    CAN1_RX0_IRQHandler                      0x080001b7   Thumb Code     0  startup_stm32f407xx.o(.text)
    CAN1_RX1_IRQHandler                      0x080001b7   Thumb Code     0  startup_stm32f407xx.o(.text)
    CAN1_SCE_IRQHandler                      0x080001b7   Thumb Code     0  startup_stm32f407xx.o(.text)
    CAN1_TX_IRQHandler                       0x080001b7   Thumb Code     0  startup_stm32f407xx.o(.text)
    CAN2_RX0_IRQHandler                      0x080001b7   Thumb Code     0  startup_stm32f407xx.o(.text)
    CAN2_RX1_IRQHandler                      0x080001b7   Thumb Code     0  startup_stm32f407xx.o(.text)
    CAN2_SCE_IRQHandler                      0x080001b7   Thumb Code     0  startup_stm32f407xx.o(.text)
    CAN2_TX_IRQHandler                       0x080001b7   Thumb Code     0  startup_stm32f407xx.o(.text)
    DCMI_IRQHandler                          0x080001b7   Thumb Code     0  startup_stm32f407xx.o(.text)
    DMA1_Stream0_IRQHandler                  0x080001b7   Thumb Code     0  startup_stm32f407xx.o(.text)
    DMA1_Stream1_IRQHandler                  0x080001b7   Thumb Code     0  startup_stm32f407xx.o(.text)
    DMA1_Stream2_IRQHandler                  0x080001b7   Thumb Code     0  startup_stm32f407xx.o(.text)
    DMA1_Stream3_IRQHandler                  0x080001b7   Thumb Code     0  startup_stm32f407xx.o(.text)
    DMA1_Stream4_IRQHandler                  0x080001b7   Thumb Code     0  startup_stm32f407xx.o(.text)
    DMA1_Stream5_IRQHandler                  0x080001b7   Thumb Code     0  startup_stm32f407xx.o(.text)
    DMA1_Stream6_IRQHandler                  0x080001b7   Thumb Code     0  startup_stm32f407xx.o(.text)
    DMA1_Stream7_IRQHandler                  0x080001b7   Thumb Code     0  startup_stm32f407xx.o(.text)
    DMA2_Stream0_IRQHandler                  0x080001b7   Thumb Code     0  startup_stm32f407xx.o(.text)
    DMA2_Stream1_IRQHandler                  0x080001b7   Thumb Code     0  startup_stm32f407xx.o(.text)
    DMA2_Stream2_IRQHandler                  0x080001b7   Thumb Code     0  startup_stm32f407xx.o(.text)
    DMA2_Stream3_IRQHandler                  0x080001b7   Thumb Code     0  startup_stm32f407xx.o(.text)
    DMA2_Stream4_IRQHandler                  0x080001b7   Thumb Code     0  startup_stm32f407xx.o(.text)
    DMA2_Stream5_IRQHandler                  0x080001b7   Thumb Code     0  startup_stm32f407xx.o(.text)
    DMA2_Stream6_IRQHandler                  0x080001b7   Thumb Code     0  startup_stm32f407xx.o(.text)
    DMA2_Stream7_IRQHandler                  0x080001b7   Thumb Code     0  startup_stm32f407xx.o(.text)
    ETH_IRQHandler                           0x080001b7   Thumb Code     0  startup_stm32f407xx.o(.text)
    ETH_WKUP_IRQHandler                      0x080001b7   Thumb Code     0  startup_stm32f407xx.o(.text)
    EXTI0_IRQHandler                         0x080001b7   Thumb Code     0  startup_stm32f407xx.o(.text)
    EXTI15_10_IRQHandler                     0x080001b7   Thumb Code     0  startup_stm32f407xx.o(.text)
    EXTI1_IRQHandler                         0x080001b7   Thumb Code     0  startup_stm32f407xx.o(.text)
    EXTI2_IRQHandler                         0x080001b7   Thumb Code     0  startup_stm32f407xx.o(.text)
    EXTI3_IRQHandler                         0x080001b7   Thumb Code     0  startup_stm32f407xx.o(.text)
    EXTI4_IRQHandler                         0x080001b7   Thumb Code     0  startup_stm32f407xx.o(.text)
    EXTI9_5_IRQHandler                       0x080001b7   Thumb Code     0  startup_stm32f407xx.o(.text)
    FLASH_IRQHandler                         0x080001b7   Thumb Code     0  startup_stm32f407xx.o(.text)
    FMC_IRQHandler                           0x080001b7   Thumb Code     0  startup_stm32f407xx.o(.text)
    FPU_IRQHandler                           0x080001b7   Thumb Code     0  startup_stm32f407xx.o(.text)
    HASH_RNG_IRQHandler                      0x080001b7   Thumb Code     0  startup_stm32f407xx.o(.text)
    I2C1_ER_IRQHandler                       0x080001b7   Thumb Code     0  startup_stm32f407xx.o(.text)
    I2C1_EV_IRQHandler                       0x080001b7   Thumb Code     0  startup_stm32f407xx.o(.text)
    I2C2_ER_IRQHandler                       0x080001b7   Thumb Code     0  startup_stm32f407xx.o(.text)
    I2C2_EV_IRQHandler                       0x080001b7   Thumb Code     0  startup_stm32f407xx.o(.text)
    I2C3_ER_IRQHandler                       0x080001b7   Thumb Code     0  startup_stm32f407xx.o(.text)
    I2C3_EV_IRQHandler                       0x080001b7   Thumb Code     0  startup_stm32f407xx.o(.text)
    OTG_FS_IRQHandler                        0x080001b7   Thumb Code     0  startup_stm32f407xx.o(.text)
    OTG_FS_WKUP_IRQHandler                   0x080001b7   Thumb Code     0  startup_stm32f407xx.o(.text)
    OTG_HS_EP1_IN_IRQHandler                 0x080001b7   Thumb Code     0  startup_stm32f407xx.o(.text)
    OTG_HS_EP1_OUT_IRQHandler                0x080001b7   Thumb Code     0  startup_stm32f407xx.o(.text)
    OTG_HS_IRQHandler                        0x080001b7   Thumb Code     0  startup_stm32f407xx.o(.text)
    OTG_HS_WKUP_IRQHandler                   0x080001b7   Thumb Code     0  startup_stm32f407xx.o(.text)
    PVD_IRQHandler                           0x080001b7   Thumb Code     0  startup_stm32f407xx.o(.text)
    RCC_IRQHandler                           0x080001b7   Thumb Code     0  startup_stm32f407xx.o(.text)
    RTC_Alarm_IRQHandler                     0x080001b7   Thumb Code     0  startup_stm32f407xx.o(.text)
    RTC_WKUP_IRQHandler                      0x080001b7   Thumb Code     0  startup_stm32f407xx.o(.text)
    SDIO_IRQHandler                          0x080001b7   Thumb Code     0  startup_stm32f407xx.o(.text)
    SPI1_IRQHandler                          0x080001b7   Thumb Code     0  startup_stm32f407xx.o(.text)
    SPI2_IRQHandler                          0x080001b7   Thumb Code     0  startup_stm32f407xx.o(.text)
    SPI3_IRQHandler                          0x080001b7   Thumb Code     0  startup_stm32f407xx.o(.text)
    TAMP_STAMP_IRQHandler                    0x080001b7   Thumb Code     0  startup_stm32f407xx.o(.text)
    TIM1_BRK_TIM9_IRQHandler                 0x080001b7   Thumb Code     0  startup_stm32f407xx.o(.text)
    TIM1_CC_IRQHandler                       0x080001b7   Thumb Code     0  startup_stm32f407xx.o(.text)
    TIM1_TRG_COM_TIM11_IRQHandler            0x080001b7   Thumb Code     0  startup_stm32f407xx.o(.text)
    TIM1_UP_TIM10_IRQHandler                 0x080001b7   Thumb Code     0  startup_stm32f407xx.o(.text)
    TIM2_IRQHandler                          0x080001b7   Thumb Code     0  startup_stm32f407xx.o(.text)
    TIM3_IRQHandler                          0x080001b7   Thumb Code     0  startup_stm32f407xx.o(.text)
    TIM4_IRQHandler                          0x080001b7   Thumb Code     0  startup_stm32f407xx.o(.text)
    TIM5_IRQHandler                          0x080001b7   Thumb Code     0  startup_stm32f407xx.o(.text)
    TIM6_DAC_IRQHandler                      0x080001b7   Thumb Code     0  startup_stm32f407xx.o(.text)
    TIM7_IRQHandler                          0x080001b7   Thumb Code     0  startup_stm32f407xx.o(.text)
    TIM8_BRK_TIM12_IRQHandler                0x080001b7   Thumb Code     0  startup_stm32f407xx.o(.text)
    TIM8_CC_IRQHandler                       0x080001b7   Thumb Code     0  startup_stm32f407xx.o(.text)
    TIM8_TRG_COM_TIM14_IRQHandler            0x080001b7   Thumb Code     0  startup_stm32f407xx.o(.text)
    TIM8_UP_TIM13_IRQHandler                 0x080001b7   Thumb Code     0  startup_stm32f407xx.o(.text)
    UART4_IRQHandler                         0x080001b7   Thumb Code     0  startup_stm32f407xx.o(.text)
    UART5_IRQHandler                         0x080001b7   Thumb Code     0  startup_stm32f407xx.o(.text)
    USART1_IRQHandler                        0x080001b7   Thumb Code     0  startup_stm32f407xx.o(.text)
    USART2_IRQHandler                        0x080001b7   Thumb Code     0  startup_stm32f407xx.o(.text)
    USART3_IRQHandler                        0x080001b7   Thumb Code     0  startup_stm32f407xx.o(.text)
    USART6_IRQHandler                        0x080001b7   Thumb Code     0  startup_stm32f407xx.o(.text)
    WWDG_IRQHandler                          0x080001b7   Thumb Code     0  startup_stm32f407xx.o(.text)
    OS_CPU_SR_Save                           0x080001c1   Thumb Code     0  os_cpu_a.o(.text)
    OS_CPU_SR_Restore                        0x080001c9   Thumb Code     0  os_cpu_a.o(.text)
    OSStartHighRdy                           0x080001cf   Thumb Code     0  os_cpu_a.o(.text)
    OSCtxSw                                  0x080001ef   Thumb Code     0  os_cpu_a.o(.text)
    OSIntCtxSw                               0x080001f9   Thumb Code     0  os_cpu_a.o(.text)
    PendSV_Handler                           0x08000203   Thumb Code     0  os_cpu_a.o(.text)
    __aeabi_uldivmod                         0x08000281   Thumb Code    98  uldiv.o(.text)
    __aeabi_memset                           0x080002e3   Thumb Code    14  memseta.o(.text)
    __aeabi_memset4                          0x080002e3   Thumb Code     0  memseta.o(.text)
    __aeabi_memset8                          0x080002e3   Thumb Code     0  memseta.o(.text)
    __aeabi_memclr                           0x080002f1   Thumb Code     4  memseta.o(.text)
    __aeabi_memclr4                          0x080002f1   Thumb Code     0  memseta.o(.text)
    __aeabi_memclr8                          0x080002f1   Thumb Code     0  memseta.o(.text)
    _memset$wrapper                          0x080002f5   Thumb Code    18  memseta.o(.text)
    __aeabi_dadd                             0x08000307   Thumb Code   322  dadd.o(.text)
    __aeabi_dsub                             0x08000449   Thumb Code     6  dadd.o(.text)
    __aeabi_drsub                            0x0800044f   Thumb Code     6  dadd.o(.text)
    __aeabi_dmul                             0x08000455   Thumb Code   228  dmul.o(.text)
    __aeabi_i2d                              0x08000539   Thumb Code    34  dflti.o(.text)
    __aeabi_f2d                              0x0800055b   Thumb Code    38  f2d.o(.text)
    __aeabi_d2f                              0x08000581   Thumb Code    56  d2f.o(.text)
    __aeabi_uidiv                            0x080005b9   Thumb Code     0  uidiv.o(.text)
    __aeabi_uidivmod                         0x080005b9   Thumb Code    44  uidiv.o(.text)
    __aeabi_llsl                             0x080005e5   Thumb Code    30  llshl.o(.text)
    _ll_shift_l                              0x080005e5   Thumb Code     0  llshl.o(.text)
    __aeabi_llsr                             0x08000603   Thumb Code    32  llushr.o(.text)
    _ll_ushift_r                             0x08000603   Thumb Code     0  llushr.o(.text)
    __aeabi_lasr                             0x08000623   Thumb Code    36  llsshr.o(.text)
    _ll_sshift_r                             0x08000623   Thumb Code     0  llsshr.o(.text)
    __I$use$fp                               0x08000647   Thumb Code     0  iusefp.o(.text)
    _float_round                             0x08000647   Thumb Code    18  fepilogue.o(.text)
    _float_epilogue                          0x08000659   Thumb Code    92  fepilogue.o(.text)
    _double_round                            0x080006b5   Thumb Code    30  depilogue.o(.text)
    _double_epilogue                         0x080006d3   Thumb Code   156  depilogue.o(.text)
    __aeabi_ddiv                             0x0800076f   Thumb Code   222  ddiv.o(.text)
    __scatterload                            0x0800084d   Thumb Code    28  init.o(.text)
    __scatterload_rt2                        0x0800084d   Thumb Code     0  init.o(.text)
    _dsqrt                                   0x08000871   Thumb Code   162  dsqrt.o(.text)
    __aeabi_ui2d                             0x08000913   Thumb Code    26  dfltui.o(.text)
    __aeabi_d2iz                             0x0800092d   Thumb Code    62  dfixi.o(.text)
    Attitude_Update                          0x0800096d   Thumb Code   948  mahonyahrs.o(i.Attitude_Update)
    BusFault_Handler                         0x08000d39   Thumb Code     2  stm32f4xx_it.o(i.BusFault_Handler)
    Calib_Status                             0x08000d3d   Thumb Code    12  mahonyahrs.o(i.Calib_Status)
    DebugMon_Handler                         0x08000d51   Thumb Code     2  stm32f4xx_it.o(i.DebugMon_Handler)
    Error_Handler                            0x08000d53   Thumb Code     2  main.o(i.Error_Handler)
    GY86_Read                                0x08000d55   Thumb Code   236  mahonyahrs.o(i.GY86_Read)
    Get_AHRS_Time                            0x08000e5d   Thumb Code    28  mahonyahrs.o(i.Get_AHRS_Time)
    HAL_GPIO_Init                            0x08000e7d   Thumb Code   394  stm32f4xx_hal_gpio.o(i.HAL_GPIO_Init)
    HAL_GetTick                              0x08001035   Thumb Code     6  stm32f4xx_hal.o(i.HAL_GetTick)
    HAL_I2C_Init                             0x08001041   Thumb Code   376  stm32f4xx_hal_i2c.o(i.HAL_I2C_Init)
    HAL_I2C_Mem_Read                         0x080011c9   Thumb Code   490  stm32f4xx_hal_i2c.o(i.HAL_I2C_Mem_Read)
    HAL_I2C_MspInit                          0x080013c1   Thumb Code    92  i2c.o(i.HAL_I2C_MspInit)
    HAL_IncTick                              0x08001429   Thumb Code    12  stm32f4xx_hal.o(i.HAL_IncTick)
    HAL_Init                                 0x08001439   Thumb Code    48  stm32f4xx_hal.o(i.HAL_Init)
    HAL_InitTick                             0x0800146d   Thumb Code    54  stm32f4xx_hal.o(i.HAL_InitTick)
    HAL_MspInit                              0x080014ad   Thumb Code    42  stm32f4xx_hal_msp.o(i.HAL_MspInit)
    HAL_NVIC_SetPriority                     0x080014dd   Thumb Code    60  stm32f4xx_hal_cortex.o(i.HAL_NVIC_SetPriority)
    HAL_NVIC_SetPriorityGrouping             0x0800151d   Thumb Code    26  stm32f4xx_hal_cortex.o(i.HAL_NVIC_SetPriorityGrouping)
    HAL_RCC_ClockConfig                      0x08001541   Thumb Code   288  stm32f4xx_hal_rcc.o(i.HAL_RCC_ClockConfig)
    HAL_RCC_GetPCLK1Freq                     0x08001675   Thumb Code    20  stm32f4xx_hal_rcc.o(i.HAL_RCC_GetPCLK1Freq)
    HAL_RCC_GetPCLK2Freq                     0x08001695   Thumb Code    20  stm32f4xx_hal_rcc.o(i.HAL_RCC_GetPCLK2Freq)
    HAL_RCC_GetSysClockFreq                  0x080016b5   Thumb Code    88  stm32f4xx_hal_rcc.o(i.HAL_RCC_GetSysClockFreq)
    HAL_RCC_OscConfig                        0x08001719   Thumb Code   840  stm32f4xx_hal_rcc.o(i.HAL_RCC_OscConfig)
    HAL_SYSTICK_Config                       0x08001a75   Thumb Code    40  stm32f4xx_hal_cortex.o(i.HAL_SYSTICK_Config)
    HAL_TIMEx_MasterConfigSynchronization    0x08001a9d   Thumb Code   116  stm32f4xx_hal_tim_ex.o(i.HAL_TIMEx_MasterConfigSynchronization)
    HAL_TIM_Base_Init                        0x08001b2d   Thumb Code    54  stm32f4xx_hal_tim.o(i.HAL_TIM_Base_Init)
    HAL_TIM_Base_MspInit                     0x08001b65   Thumb Code    30  tim.o(i.HAL_TIM_Base_MspInit)
    HAL_TIM_ConfigClockSource                0x08001b89   Thumb Code   214  stm32f4xx_hal_tim.o(i.HAL_TIM_ConfigClockSource)
    HAL_UART_Init                            0x08001c5f   Thumb Code    98  stm32f4xx_hal_uart.o(i.HAL_UART_Init)
    HAL_UART_MspInit                         0x08001cc1   Thumb Code    94  usart.o(i.HAL_UART_MspInit)
    HAL_UART_Transmit                        0x08001d2d   Thumb Code   186  stm32f4xx_hal_uart.o(i.HAL_UART_Transmit)
    HMC_Read                                 0x08001de7   Thumb Code    18  hmc5883.o(i.HMC_Read)
    HardFault_Handler                        0x08001df9   Thumb Code     2  stm32f4xx_it.o(i.HardFault_Handler)
    IIC_Byte_Read                            0x080020d5   Thumb Code    24  i2c.o(i.IIC_Byte_Read)
    MPU6050ReadAcc                           0x080020f1   Thumb Code    18  mpu6050.o(i.MPU6050ReadAcc)
    MPU6050ReadGyro                          0x08002103   Thumb Code    18  mpu6050.o(i.MPU6050ReadGyro)
    MPU6050_Offset                           0x08002115   Thumb Code   228  mahonyahrs.o(i.MPU6050_Offset)
    MX_GPIO_Init                             0x08002215   Thumb Code    70  gpio.o(i.MX_GPIO_Init)
    MX_I2C1_Init                             0x08002261   Thumb Code    50  i2c.o(i.MX_I2C1_Init)
    MX_TIM2_Init                             0x080022a1   Thumb Code    96  tim.o(i.MX_TIM2_Init)
    MX_USART3_UART_Init                      0x08002305   Thumb Code    48  usart.o(i.MX_USART3_UART_Init)
    MemManage_Handler                        0x0800233d   Thumb Code     2  stm32f4xx_it.o(i.MemManage_Handler)
    NMI_Handler                              0x0800233f   Thumb Code     2  stm32f4xx_it.o(i.NMI_Handler)
    OSDebugInit                              0x08002341   Thumb Code     2  os_dbg_r.o(i.OSDebugInit)
    OSInit                                   0x08002345   Thumb Code   174  os_core.o(i.OSInit)
    OSInitHookBegin                          0x0800242d   Thumb Code     2  os_cpu_c.o(i.OSInitHookBegin)
    OSInitHookEnd                            0x0800242f   Thumb Code     2  os_cpu_c.o(i.OSInitHookEnd)
    OSIntExit                                0x08002431   Thumb Code    82  os_core.o(i.OSIntExit)
    OSStart                                  0x0800248d   Thumb Code    38  os_core.o(i.OSStart)
    OSTCBInitHook                            0x080024bd   Thumb Code     2  os_cpu_c.o(i.OSTCBInitHook)
    OSTaskCreate                             0x080024c1   Thumb Code   132  os_task.o(i.OSTaskCreate)
    OSTaskCreateExt                          0x08002551   Thumb Code   152  os_task.o(i.OSTaskCreateExt)
    OSTaskCreateHook                         0x080025f5   Thumb Code     2  os_cpu_c.o(i.OSTaskCreateHook)
    OSTaskDel                                0x080025f9   Thumb Code   282  os_task.o(i.OSTaskDel)
    OSTaskDelHook                            0x08002741   Thumb Code     2  os_cpu_c.o(i.OSTaskDelHook)
    OSTaskIdleHook                           0x08002743   Thumb Code     2  os_cpu_c.o(i.OSTaskIdleHook)
    OSTaskNameSet                            0x08002745   Thumb Code    94  os_task.o(i.OSTaskNameSet)
    OSTaskReturnHook                         0x080027b1   Thumb Code     2  os_cpu_c.o(i.OSTaskReturnHook)
    OSTaskStatHook                           0x080027b3   Thumb Code     2  os_cpu_c.o(i.OSTaskStatHook)
    OSTaskStkChk                             0x080027b5   Thumb Code   128  os_task.o(i.OSTaskStkChk)
    OSTaskStkInit                            0x0800283d   Thumb Code   318  os_cpu_c.o(i.OSTaskStkInit)
    OSTaskSuspend                            0x08002981   Thumb Code   146  os_task.o(i.OSTaskSuspend)
    OSTaskSwHook                             0x08002a25   Thumb Code     2  os_cpu_c.o(i.OSTaskSwHook)
    OSTimeDly                                0x08002a29   Thumb Code    82  os_time.o(i.OSTimeDly)
    OSTimeTick                               0x08002a91   Thumb Code   154  os_core.o(i.OSTimeTick)
    OSTimeTickHook                           0x08002b31   Thumb Code     2  os_cpu_c.o(i.OSTimeTickHook)
    OS_CPU_SysTickInit                       0x08002b35   Thumb Code    46  os_cpu_c.o(i.OS_CPU_SysTickInit)
    OS_Dummy                                 0x08002b69   Thumb Code     2  os_core.o(i.OS_Dummy)
    OS_EventTaskRemove                       0x08002b6b   Thumb Code    32  os_core.o(i.OS_EventTaskRemove)
    OS_EventTaskRemoveMulti                  0x08002b8b   Thumb Code    40  os_core.o(i.OS_EventTaskRemoveMulti)
    OS_FlagInit                              0x08002bb5   Thumb Code    60  os_flag.o(i.OS_FlagInit)
    OS_FlagUnlink                            0x08002bfd   Thumb Code    32  os_flag.o(i.OS_FlagUnlink)
    OS_MemClr                                0x08002cdd   Thumb Code    18  os_core.o(i.OS_MemClr)
    OS_MemInit                               0x08002cf1   Thumb Code    64  os_mem.o(i.OS_MemInit)
    OS_QInit                                 0x08002d3d   Thumb Code    56  os_q.o(i.OS_QInit)
    OS_Sched                                 0x08002d7d   Thumb Code    64  os_core.o(i.OS_Sched)
    OS_TCBInit                               0x08002de5   Thumb Code   222  os_core.o(i.OS_TCBInit)
    OS_TaskIdle                              0x08002ed1   Thumb Code    24  os_core.o(i.OS_TaskIdle)
    OS_TaskReturn                            0x08002eed   Thumb Code    20  os_task.o(i.OS_TaskReturn)
    OS_TaskStat                              0x08002f05   Thumb Code    82  os_core.o(i.OS_TaskStat)
    OS_TaskStatStkChk                        0x08002f5d   Thumb Code    50  os_core.o(i.OS_TaskStatStkChk)
    OS_TaskStkClr                            0x08002f95   Thumb Code    22  os_task.o(i.OS_TaskStkClr)
    Open_Calib                               0x08002fad   Thumb Code    12  mahonyahrs.o(i.Open_Calib)
    Quat_Init                                0x08002fc1   Thumb Code  1192  mahonyahrs.o(i.Quat_Init)
    SVC_Handler                              0x08003469   Thumb Code     2  stm32f4xx_it.o(i.SVC_Handler)
    Send_Attitude                            0x0800346d   Thumb Code   164  usart.o(i.Send_Attitude)
    Send_Senser                              0x08003519   Thumb Code   164  usart.o(i.Send_Senser)
    Sensor_Read                              0x080035c1   Thumb Code    56  i2c.o(i.Sensor_Read)
    SysTick_Handler                          0x080035fd   Thumb Code    34  stm32f4xx_it.o(i.SysTick_Handler)
    SystemClock_Config                       0x08003625   Thumb Code   126  main.o(i.SystemClock_Config)
    SystemInit                               0x080036ad   Thumb Code    22  system_stm32f4xx.o(i.SystemInit)
    TIM_Base_SetConfig                       0x080036c9   Thumb Code   156  stm32f4xx_hal_tim.o(i.TIM_Base_SetConfig)
    TIM_ETR_SetConfig                        0x08003791   Thumb Code    20  stm32f4xx_hal_tim.o(i.TIM_ETR_SetConfig)
    Task_AHRS                                0x080037fd   Thumb Code   108  apps.o(i.Task_AHRS)
    Task_COM                                 0x08003875   Thumb Code   168  apps.o(i.Task_COM)
    USART_NItSend                            0x08003abd   Thumb Code    14  usart.o(i.USART_NItSend)
    UsageFault_Handler                       0x08003ad1   Thumb Code     2  stm32f4xx_it.o(i.UsageFault_Handler)
    __0printf$1                              0x08003ad5   Thumb Code    22  printf1.o(i.__0printf$1)
    __1printf$1                              0x08003ad5   Thumb Code     0  printf1.o(i.__0printf$1)
    __2printf                                0x08003ad5   Thumb Code     0  printf1.o(i.__0printf$1)
    __ARM_fpclassify                         0x08003af5   Thumb Code    48  fpclassify.o(i.__ARM_fpclassify)
    __hardfp_asin                            0x08003b49   Thumb Code   770  asin.o(i.__hardfp_asin)
    __hardfp_atan                            0x08003ea9   Thumb Code   622  atan.o(i.__hardfp_atan)
    __hardfp_atan2                           0x08004181   Thumb Code   432  atan2.o(i.__hardfp_atan2)
    __hardfp_cos                             0x08004371   Thumb Code   180  cos.o(i.__hardfp_cos)
    __hardfp_sin                             0x08004439   Thumb Code   180  sin.o(i.__hardfp_sin)
    __hardfp_sqrtf                           0x08004501   Thumb Code    58  sqrtf.o(i.__hardfp_sqrtf)
    __ieee754_rem_pio2                       0x08004541   Thumb Code   938  rred.o(i.__ieee754_rem_pio2)
    __kernel_cos                             0x08004979   Thumb Code   322  cos_i.o(i.__kernel_cos)
    __kernel_poly                            0x08004ae9   Thumb Code   248  poly.o(i.__kernel_poly)
    __kernel_sin                             0x08004be1   Thumb Code   280  sin_i.o(i.__kernel_sin)
    __mathlib_dbl_infnan                     0x08004d11   Thumb Code    20  dunder.o(i.__mathlib_dbl_infnan)
    __mathlib_dbl_infnan2                    0x08004d25   Thumb Code    20  dunder.o(i.__mathlib_dbl_infnan2)
    __mathlib_dbl_invalid                    0x08004d39   Thumb Code    24  dunder.o(i.__mathlib_dbl_invalid)
    __mathlib_dbl_underflow                  0x08004d59   Thumb Code    24  dunder.o(i.__mathlib_dbl_underflow)
    __scatterload_copy                       0x08004d79   Thumb Code    14  handlers.o(i.__scatterload_copy)
    __scatterload_null                       0x08004d87   Thumb Code     2  handlers.o(i.__scatterload_null)
    __scatterload_zeroinit                   0x08004d89   Thumb Code    14  handlers.o(i.__scatterload_zeroinit)
    __set_errno                              0x08004d99   Thumb Code     6  errno.o(i.__set_errno)
    atan                                     0x08004ef9   Thumb Code    16  atan.o(i.atan)
    fabs                                     0x08004f09   Thumb Code    24  fabs.o(i.fabs)
    fputc                                    0x08004f21   Thumb Code    24  usart.o(i.fputc)
    invSqrt                                  0x08004f3d   Thumb Code    40  mahonyahrs.o(i.invSqrt)
    main                                     0x08004f69   Thumb Code    76  main.o(i.main)
    sqrt                                     0x08004fcd   Thumb Code   110  sqrt.o(i.sqrt)
    AHBPrescTable                            0x0800503a   Data          16  system_stm32f4xx.o(.constdata)
    APBPrescTable                            0x0800504a   Data           8  system_stm32f4xx.o(.constdata)
    OSUnMapTbl                               0x08005052   Data         256  os_core.o(.constdata)
    __mathlib_zero                           0x08005270   Data           8  qnan.o(.constdata)
    Region$$Table$$Base                      0x08005368   Number         0  anon$$obj.o(Region$$Table)
    Region$$Table$$Limit                     0x08005388   Number         0  anon$$obj.o(Region$$Table)
    Kp                                       0x20000004   Data           4  mahonyahrs.o(.data)
    Ki                                       0x20000008   Data           4  mahonyahrs.o(.data)
    halfT                                    0x2000000c   Data           4  mahonyahrs.o(.data)
    q0                                       0x20000010   Data           4  mahonyahrs.o(.data)
    q1                                       0x20000014   Data           4  mahonyahrs.o(.data)
    q2                                       0x20000018   Data           4  mahonyahrs.o(.data)
    q3                                       0x2000001c   Data           4  mahonyahrs.o(.data)
    exInt                                    0x20000020   Data           4  mahonyahrs.o(.data)
    eyInt                                    0x20000024   Data           4  mahonyahrs.o(.data)
    ezInt                                    0x20000028   Data           4  mahonyahrs.o(.data)
    gyroOffset                               0x20000048   Data           1  main.o(.data)
    accOffset                                0x20000049   Data           1  main.o(.data)
    acc                                      0x2000004a   Data           6  main.o(.data)
    offsetAcc                                0x20000050   Data           6  main.o(.data)
    gyro                                     0x20000056   Data           6  main.o(.data)
    offsetGyro                               0x2000005c   Data           6  main.o(.data)
    mag                                      0x20000062   Data           6  main.o(.data)
    uwTickFreq                               0x20000070   Data           1  stm32f4xx_hal.o(.data)
    uwTickPrio                               0x20000074   Data           4  stm32f4xx_hal.o(.data)
    uwTick                                   0x20000078   Data           4  stm32f4xx_hal.o(.data)
    SystemCoreClock                          0x2000007c   Data           4  system_stm32f4xx.o(.data)
    OSCPUUsage                               0x20000080   Data           1  os_core.o(.data)
    OSStatRdy                                0x20000081   Data           1  os_core.o(.data)
    OSIntNesting                             0x20000082   Data           1  os_core.o(.data)
    OSLockNesting                            0x20000083   Data           1  os_core.o(.data)
    OSPrioCur                                0x20000084   Data           1  os_core.o(.data)
    OSPrioHighRdy                            0x20000085   Data           1  os_core.o(.data)
    OSRdyGrp                                 0x20000086   Data           1  os_core.o(.data)
    OSRunning                                0x20000087   Data           1  os_core.o(.data)
    OSTaskCtr                                0x20000088   Data           1  os_core.o(.data)
    OSTickStepState                          0x20000089   Data           1  os_core.o(.data)
    OSCtxSwCtr                               0x2000008c   Data           4  os_core.o(.data)
    OSEventFreeList                          0x20000090   Data           4  os_core.o(.data)
    OSIdleCtrMax                             0x20000094   Data           4  os_core.o(.data)
    OSIdleCtrRun                             0x20000098   Data           4  os_core.o(.data)
    OSIdleCtr                                0x2000009c   Data           4  os_core.o(.data)
    OSTCBCur                                 0x200000a0   Data           4  os_core.o(.data)
    OSTCBFreeList                            0x200000a4   Data           4  os_core.o(.data)
    OSTCBHighRdy                             0x200000a8   Data           4  os_core.o(.data)
    OSTCBList                                0x200000ac   Data           4  os_core.o(.data)
    OSTime                                   0x200000b0   Data           4  os_core.o(.data)
    OSRdyTbl                                 0x200000b4   Data           8  os_core.o(.data)
    OSFlagFreeList                           0x200000bc   Data           4  os_core.o(.data)
    OSMemFreeList                            0x200000c0   Data           4  os_core.o(.data)
    OSQFreeList                              0x200000c4   Data           4  os_core.o(.data)
    __stdout                                 0x200000c8   Data           4  stdout.o(.data)
    fGyro                                    0x200000d0   Data          12  main.o(.bss)
    angle                                    0x200000dc   Data          12  main.o(.bss)
    sendBuf                                  0x200000e8   Data          50  main.o(.bss)
    Task_ComStack                            0x2000011c   Data        2048  main.o(.bss)
    Task_AHRSStack                           0x2000091c   Data        2048  main.o(.bss)
    hi2c1                                    0x2000111c   Data          84  i2c.o(.bss)
    htim2                                    0x20001170   Data          64  tim.o(.bss)
    huart3                                   0x200011b0   Data          64  usart.o(.bss)
    OSEventTbl                               0x200011f0   Data         240  os_core.o(.bss)
    OSTaskStatStk                            0x200012e0   Data         512  os_core.o(.bss)
    OSTaskIdleStk                            0x200014e0   Data         512  os_core.o(.bss)
    OSTCBPrioTbl                             0x200016e0   Data         256  os_core.o(.bss)
    OSTCBTbl                                 0x200017e0   Data        1056  os_core.o(.bss)
    OSFlagTbl                                0x20001c00   Data          80  os_core.o(.bss)
    OSMemTbl                                 0x20001c50   Data         120  os_core.o(.bss)
    OSQTbl                                   0x20001cc8   Data          96  os_core.o(.bss)
    __initial_sp                             0x20002128   Data           0  startup_stm32f407xx.o(STACK)



==============================================================================

Memory Map of the image

  Image Entry point : 0x08000189

  Load Region LR_IROM1 (Base: 0x08000000, Size: 0x00005458, Max: 0x00080000, ABSOLUTE)

    Execution Region ER_IROM1 (Exec base: 0x08000000, Load base: 0x08000000, Size: 0x00005388, Max: 0x00080000, ABSOLUTE)

    Exec Addr    Load Addr    Size         Type   Attr      Idx    E Section Name        Object

    0x08000000   0x08000000   0x00000188   Data   RO            3    RESET               startup_stm32f407xx.o
    0x08000188   0x08000188   0x00000000   Code   RO         4610  * .ARM.Collect$$$$00000000  mc_w.l(entry.o)
    0x08000188   0x08000188   0x00000004   Code   RO         4953    .ARM.Collect$$$$00000001  mc_w.l(entry2.o)
    0x0800018c   0x0800018c   0x00000004   Code   RO         4956    .ARM.Collect$$$$00000004  mc_w.l(entry5.o)
    0x08000190   0x08000190   0x00000000   Code   RO         4958    .ARM.Collect$$$$00000008  mc_w.l(entry7b.o)
    0x08000190   0x08000190   0x00000000   Code   RO         4960    .ARM.Collect$$$$0000000A  mc_w.l(entry8b.o)
    0x08000190   0x08000190   0x00000008   Code   RO         4961    .ARM.Collect$$$$0000000B  mc_w.l(entry9a.o)
    0x08000198   0x08000198   0x00000000   Code   RO         4963    .ARM.Collect$$$$0000000D  mc_w.l(entry10a.o)
    0x08000198   0x08000198   0x00000000   Code   RO         4965    .ARM.Collect$$$$0000000F  mc_w.l(entry11a.o)
    0x08000198   0x08000198   0x00000004   Code   RO         4954    .ARM.Collect$$$$00002712  mc_w.l(entry2.o)
    0x0800019c   0x0800019c   0x00000024   Code   RO            4    .text               startup_stm32f407xx.o
    0x080001c0   0x080001c0   0x000000c0   Code   RO         3694    .text               os_cpu_a.o
    0x08000280   0x08000280   0x00000062   Code   RO         4613    .text               mc_w.l(uldiv.o)
    0x080002e2   0x080002e2   0x00000024   Code   RO         4615    .text               mc_w.l(memseta.o)
    0x08000306   0x08000306   0x0000014e   Code   RO         4878    .text               mf_w.l(dadd.o)
    0x08000454   0x08000454   0x000000e4   Code   RO         4880    .text               mf_w.l(dmul.o)
    0x08000538   0x08000538   0x00000022   Code   RO         4882    .text               mf_w.l(dflti.o)
    0x0800055a   0x0800055a   0x00000026   Code   RO         4884    .text               mf_w.l(f2d.o)
    0x08000580   0x08000580   0x00000038   Code   RO         4886    .text               mf_w.l(d2f.o)
    0x080005b8   0x080005b8   0x0000002c   Code   RO         4968    .text               mc_w.l(uidiv.o)
    0x080005e4   0x080005e4   0x0000001e   Code   RO         4970    .text               mc_w.l(llshl.o)
    0x08000602   0x08000602   0x00000020   Code   RO         4972    .text               mc_w.l(llushr.o)
    0x08000622   0x08000622   0x00000024   Code   RO         4974    .text               mc_w.l(llsshr.o)
    0x08000646   0x08000646   0x00000000   Code   RO         4983    .text               mc_w.l(iusefp.o)
    0x08000646   0x08000646   0x0000006e   Code   RO         4984    .text               mf_w.l(fepilogue.o)
    0x080006b4   0x080006b4   0x000000ba   Code   RO         4986    .text               mf_w.l(depilogue.o)
    0x0800076e   0x0800076e   0x000000de   Code   RO         4988    .text               mf_w.l(ddiv.o)
    0x0800084c   0x0800084c   0x00000024   Code   RO         4996    .text               mc_w.l(init.o)
    0x08000870   0x08000870   0x000000a2   Code   RO         4998    .text               mf_w.l(dsqrt.o)
    0x08000912   0x08000912   0x0000001a   Code   RO         5000    .text               mf_w.l(dfltui.o)
    0x0800092c   0x0800092c   0x0000003e   Code   RO         5002    .text               mf_w.l(dfixi.o)
    0x0800096a   0x0800096a   0x00000002   PAD
    0x0800096c   0x0800096c   0x000003cc   Code   RO          203    i.Attitude_Update   mahonyahrs.o
    0x08000d38   0x08000d38   0x00000002   Code   RO          597    i.BusFault_Handler  stm32f4xx_it.o
    0x08000d3a   0x08000d3a   0x00000002   PAD
    0x08000d3c   0x08000d3c   0x00000014   Code   RO          204    i.Calib_Status      mahonyahrs.o
    0x08000d50   0x08000d50   0x00000002   Code   RO          598    i.DebugMon_Handler  stm32f4xx_it.o
    0x08000d52   0x08000d52   0x00000002   Code   RO          289    i.Error_Handler     main.o
    0x08000d54   0x08000d54   0x00000108   Code   RO          205    i.GY86_Read         mahonyahrs.o
    0x08000e5c   0x08000e5c   0x00000020   Code   RO          206    i.Get_AHRS_Time     mahonyahrs.o
    0x08000e7c   0x08000e7c   0x000001b8   Code   RO         1490    i.HAL_GPIO_Init     stm32f4xx_hal_gpio.o
    0x08001034   0x08001034   0x0000000c   Code   RO         2022    i.HAL_GetTick       stm32f4xx_hal.o
    0x08001040   0x08001040   0x00000188   Code   RO          701    i.HAL_I2C_Init      stm32f4xx_hal_i2c.o
    0x080011c8   0x080011c8   0x000001f8   Code   RO          719    i.HAL_I2C_Mem_Read  stm32f4xx_hal_i2c.o
    0x080013c0   0x080013c0   0x00000068   Code   RO          379    i.HAL_I2C_MspInit   i2c.o
    0x08001428   0x08001428   0x00000010   Code   RO         2028    i.HAL_IncTick       stm32f4xx_hal.o
    0x08001438   0x08001438   0x00000034   Code   RO         2029    i.HAL_Init          stm32f4xx_hal.o
    0x0800146c   0x0800146c   0x00000040   Code   RO         2030    i.HAL_InitTick      stm32f4xx_hal.o
    0x080014ac   0x080014ac   0x00000030   Code   RO          666    i.HAL_MspInit       stm32f4xx_hal_msp.o
    0x080014dc   0x080014dc   0x00000040   Code   RO         1885    i.HAL_NVIC_SetPriority  stm32f4xx_hal_cortex.o
    0x0800151c   0x0800151c   0x00000024   Code   RO         1886    i.HAL_NVIC_SetPriorityGrouping  stm32f4xx_hal_cortex.o
    0x08001540   0x08001540   0x00000134   Code   RO         1136    i.HAL_RCC_ClockConfig  stm32f4xx_hal_rcc.o
    0x08001674   0x08001674   0x00000020   Code   RO         1143    i.HAL_RCC_GetPCLK1Freq  stm32f4xx_hal_rcc.o
    0x08001694   0x08001694   0x00000020   Code   RO         1144    i.HAL_RCC_GetPCLK2Freq  stm32f4xx_hal_rcc.o
    0x080016b4   0x080016b4   0x00000064   Code   RO         1145    i.HAL_RCC_GetSysClockFreq  stm32f4xx_hal_rcc.o
    0x08001718   0x08001718   0x0000035c   Code   RO         1148    i.HAL_RCC_OscConfig  stm32f4xx_hal_rcc.o
    0x08001a74   0x08001a74   0x00000028   Code   RO         1890    i.HAL_SYSTICK_Config  stm32f4xx_hal_cortex.o
    0x08001a9c   0x08001a9c   0x00000090   Code   RO         2962    i.HAL_TIMEx_MasterConfigSynchronization  stm32f4xx_hal_tim_ex.o
    0x08001b2c   0x08001b2c   0x00000036   Code   RO         2269    i.HAL_TIM_Base_Init  stm32f4xx_hal_tim.o
    0x08001b62   0x08001b62   0x00000002   PAD
    0x08001b64   0x08001b64   0x00000024   Code   RO          450    i.HAL_TIM_Base_MspInit  tim.o
    0x08001b88   0x08001b88   0x000000d6   Code   RO         2278    i.HAL_TIM_ConfigClockSource  stm32f4xx_hal_tim.o
    0x08001c5e   0x08001c5e   0x00000062   Code   RO         3220    i.HAL_UART_Init     stm32f4xx_hal_uart.o
    0x08001cc0   0x08001cc0   0x0000006c   Code   RO          492    i.HAL_UART_MspInit  usart.o
    0x08001d2c   0x08001d2c   0x000000ba   Code   RO         3228    i.HAL_UART_Transmit  stm32f4xx_hal_uart.o
    0x08001de6   0x08001de6   0x00000012   Code   RO           14    i.HMC_Read          hmc5883.o
    0x08001df8   0x08001df8   0x00000002   Code   RO          599    i.HardFault_Handler  stm32f4xx_it.o
    0x08001dfa   0x08001dfa   0x0000002e   Code   RO          743    i.I2C_IsAcknowledgeFailed  stm32f4xx_hal_i2c.o
    0x08001e28   0x08001e28   0x000000fc   Code   RO          753    i.I2C_RequestMemoryRead  stm32f4xx_hal_i2c.o
    0x08001f24   0x08001f24   0x00000068   Code   RO          758    i.I2C_WaitOnFlagUntilTimeout  stm32f4xx_hal_i2c.o
    0x08001f8c   0x08001f8c   0x00000096   Code   RO          759    i.I2C_WaitOnMasterAddressFlagUntilTimeout  stm32f4xx_hal_i2c.o
    0x08002022   0x08002022   0x00000066   Code   RO          760    i.I2C_WaitOnRXNEFlagUntilTimeout  stm32f4xx_hal_i2c.o
    0x08002088   0x08002088   0x0000004c   Code   RO          761    i.I2C_WaitOnTXEFlagUntilTimeout  stm32f4xx_hal_i2c.o
    0x080020d4   0x080020d4   0x0000001c   Code   RO          380    i.IIC_Byte_Read     i2c.o
    0x080020f0   0x080020f0   0x00000012   Code   RO          157    i.MPU6050ReadAcc    mpu6050.o
    0x08002102   0x08002102   0x00000012   Code   RO          158    i.MPU6050ReadGyro   mpu6050.o
    0x08002114   0x08002114   0x00000100   Code   RO          207    i.MPU6050_Offset    mahonyahrs.o
    0x08002214   0x08002214   0x0000004c   Code   RO          354    i.MX_GPIO_Init      gpio.o
    0x08002260   0x08002260   0x00000040   Code   RO          382    i.MX_I2C1_Init      i2c.o
    0x080022a0   0x080022a0   0x00000064   Code   RO          451    i.MX_TIM2_Init      tim.o
    0x08002304   0x08002304   0x00000038   Code   RO          493    i.MX_USART3_UART_Init  usart.o
    0x0800233c   0x0800233c   0x00000002   Code   RO          600    i.MemManage_Handler  stm32f4xx_it.o
    0x0800233e   0x0800233e   0x00000002   Code   RO          601    i.NMI_Handler       stm32f4xx_it.o
    0x08002340   0x08002340   0x00000002   Code   RO         3660    i.OSDebugInit       os_dbg_r.o
    0x08002342   0x08002342   0x00000002   PAD
    0x08002344   0x08002344   0x000000e8   Code   RO         3703    i.OSInit            os_core.o
    0x0800242c   0x0800242c   0x00000002   Code   RO         3559    i.OSInitHookBegin   os_cpu_c.o
    0x0800242e   0x0800242e   0x00000002   Code   RO         3560    i.OSInitHookEnd     os_cpu_c.o
    0x08002430   0x08002430   0x0000005c   Code   RO         3705    i.OSIntExit         os_core.o
    0x0800248c   0x0800248c   0x00000030   Code   RO         3708    i.OSStart           os_core.o
    0x080024bc   0x080024bc   0x00000002   Code   RO         3561    i.OSTCBInitHook     os_cpu_c.o
    0x080024be   0x080024be   0x00000002   PAD
    0x080024c0   0x080024c0   0x00000090   Code   RO         4337    i.OSTaskCreate      os_task.o
    0x08002550   0x08002550   0x000000a4   Code   RO         4338    i.OSTaskCreateExt   os_task.o
    0x080025f4   0x080025f4   0x00000002   Code   RO         3562    i.OSTaskCreateHook  os_cpu_c.o
    0x080025f6   0x080025f6   0x00000002   PAD
    0x080025f8   0x080025f8   0x00000148   Code   RO         4339    i.OSTaskDel         os_task.o
    0x08002740   0x08002740   0x00000002   Code   RO         3563    i.OSTaskDelHook     os_cpu_c.o
    0x08002742   0x08002742   0x00000002   Code   RO         3564    i.OSTaskIdleHook    os_cpu_c.o
    0x08002744   0x08002744   0x0000006c   Code   RO         4342    i.OSTaskNameSet     os_task.o
    0x080027b0   0x080027b0   0x00000002   Code   RO         3565    i.OSTaskReturnHook  os_cpu_c.o
    0x080027b2   0x080027b2   0x00000002   Code   RO         3566    i.OSTaskStatHook    os_cpu_c.o
    0x080027b4   0x080027b4   0x00000088   Code   RO         4347    i.OSTaskStkChk      os_task.o
    0x0800283c   0x0800283c   0x00000144   Code   RO         3567    i.OSTaskStkInit     os_cpu_c.o
    0x08002980   0x08002980   0x000000a4   Code   RO         4348    i.OSTaskSuspend     os_task.o
    0x08002a24   0x08002a24   0x00000002   Code   RO         3568    i.OSTaskSwHook      os_cpu_c.o
    0x08002a26   0x08002a26   0x00000002   PAD
    0x08002a28   0x08002a28   0x00000068   Code   RO         4444    i.OSTimeDly         os_time.o
    0x08002a90   0x08002a90   0x000000a0   Code   RO         3710    i.OSTimeTick        os_core.o
    0x08002b30   0x08002b30   0x00000002   Code   RO         3569    i.OSTimeTickHook    os_cpu_c.o
    0x08002b32   0x08002b32   0x00000002   PAD
    0x08002b34   0x08002b34   0x00000034   Code   RO         3570    i.OS_CPU_SysTickInit  os_cpu_c.o
    0x08002b68   0x08002b68   0x00000002   Code   RO         3712    i.OS_Dummy          os_core.o
    0x08002b6a   0x08002b6a   0x00000020   Code   RO         3714    i.OS_EventTaskRemove  os_core.o
    0x08002b8a   0x08002b8a   0x00000028   Code   RO         3715    i.OS_EventTaskRemoveMulti  os_core.o
    0x08002bb2   0x08002bb2   0x00000002   PAD
    0x08002bb4   0x08002bb4   0x00000048   Code   RO         3917    i.OS_FlagInit       os_flag.o
    0x08002bfc   0x08002bfc   0x00000020   Code   RO         3919    i.OS_FlagUnlink     os_flag.o
    0x08002c1c   0x08002c1c   0x00000054   Code   RO         3719    i.OS_InitEventList  os_core.o
    0x08002c70   0x08002c70   0x0000006c   Code   RO         3720    i.OS_InitTCBList    os_core.o
    0x08002cdc   0x08002cdc   0x00000012   Code   RO         3721    i.OS_MemClr         os_core.o
    0x08002cee   0x08002cee   0x00000002   PAD
    0x08002cf0   0x08002cf0   0x0000004c   Code   RO         4073    i.OS_MemInit        os_mem.o
    0x08002d3c   0x08002d3c   0x00000040   Code   RO         4196    i.OS_QInit          os_q.o
    0x08002d7c   0x08002d7c   0x00000048   Code   RO         3723    i.OS_Sched          os_core.o
    0x08002dc4   0x08002dc4   0x00000020   Code   RO         3724    i.OS_SchedNew       os_core.o
    0x08002de4   0x08002de4   0x000000ec   Code   RO         3726    i.OS_TCBInit        os_core.o
    0x08002ed0   0x08002ed0   0x0000001c   Code   RO         3727    i.OS_TaskIdle       os_core.o
    0x08002eec   0x08002eec   0x00000018   Code   RO         4349    i.OS_TaskReturn     os_task.o
    0x08002f04   0x08002f04   0x00000058   Code   RO         3728    i.OS_TaskStat       os_core.o
    0x08002f5c   0x08002f5c   0x00000038   Code   RO         3729    i.OS_TaskStatStkChk  os_core.o
    0x08002f94   0x08002f94   0x00000016   Code   RO         4350    i.OS_TaskStkClr     os_task.o
    0x08002faa   0x08002faa   0x00000002   PAD
    0x08002fac   0x08002fac   0x00000014   Code   RO          208    i.Open_Calib        mahonyahrs.o
    0x08002fc0   0x08002fc0   0x000004a8   Code   RO          209    i.Quat_Init         mahonyahrs.o
    0x08003468   0x08003468   0x00000002   Code   RO          602    i.SVC_Handler       stm32f4xx_it.o
    0x0800346a   0x0800346a   0x00000002   PAD
    0x0800346c   0x0800346c   0x000000ac   Code   RO          499    i.Send_Attitude     usart.o
    0x08003518   0x08003518   0x000000a8   Code   RO          501    i.Send_Senser       usart.o
    0x080035c0   0x080035c0   0x0000003c   Code   RO          383    i.Sensor_Read       i2c.o
    0x080035fc   0x080035fc   0x00000028   Code   RO          603    i.SysTick_Handler   stm32f4xx_it.o
    0x08003624   0x08003624   0x00000088   Code   RO          290    i.SystemClock_Config  main.o
    0x080036ac   0x080036ac   0x0000001c   Code   RO         3522    i.SystemInit        system_stm32f4xx.o
    0x080036c8   0x080036c8   0x000000c8   Code   RO         2357    i.TIM_Base_SetConfig  stm32f4xx_hal_tim.o
    0x08003790   0x08003790   0x00000014   Code   RO         2368    i.TIM_ETR_SetConfig  stm32f4xx_hal_tim.o
    0x080037a4   0x080037a4   0x00000010   Code   RO         2369    i.TIM_ITRx_SetConfig  stm32f4xx_hal_tim.o
    0x080037b4   0x080037b4   0x00000022   Code   RO         2375    i.TIM_TI1_ConfigInputStage  stm32f4xx_hal_tim.o
    0x080037d6   0x080037d6   0x00000024   Code   RO         2377    i.TIM_TI2_ConfigInputStage  stm32f4xx_hal_tim.o
    0x080037fa   0x080037fa   0x00000002   PAD
    0x080037fc   0x080037fc   0x00000078   Code   RO         4511    i.Task_AHRS         apps.o
    0x08003874   0x08003874   0x000000bc   Code   RO         4512    i.Task_COM          apps.o
    0x08003930   0x08003930   0x00000128   Code   RO         3246    i.UART_SetConfig    stm32f4xx_hal_uart.o
    0x08003a58   0x08003a58   0x00000064   Code   RO         3248    i.UART_WaitOnFlagUntilTimeout  stm32f4xx_hal_uart.o
    0x08003abc   0x08003abc   0x00000014   Code   RO          502    i.USART_NItSend     usart.o
    0x08003ad0   0x08003ad0   0x00000002   Code   RO          604    i.UsageFault_Handler  stm32f4xx_it.o
    0x08003ad2   0x08003ad2   0x00000002   PAD
    0x08003ad4   0x08003ad4   0x00000020   Code   RO         4662    i.__0printf$1       mc_w.l(printf1.o)
    0x08003af4   0x08003af4   0x00000030   Code   RO         4925    i.__ARM_fpclassify  m_wm.l(fpclassify.o)
    0x08003b24   0x08003b24   0x00000020   Code   RO         1892    i.__NVIC_SetPriority  stm32f4xx_hal_cortex.o
    0x08003b44   0x08003b44   0x00000004   PAD
    0x08003b48   0x08003b48   0x00000360   Code   RO         4548    i.__hardfp_asin     m_wm.l(asin.o)
    0x08003ea8   0x08003ea8   0x000002d8   Code   RO         4888    i.__hardfp_atan     m_wm.l(atan.o)
    0x08004180   0x08004180   0x000001f0   Code   RO         4562    i.__hardfp_atan2    m_wm.l(atan2.o)
    0x08004370   0x08004370   0x000000c8   Code   RO         4574    i.__hardfp_cos      m_wm.l(cos.o)
    0x08004438   0x08004438   0x000000c8   Code   RO         4586    i.__hardfp_sin      m_wm.l(sin.o)
    0x08004500   0x08004500   0x0000003a   Code   RO         4598    i.__hardfp_sqrtf    m_wm.l(sqrtf.o)
    0x0800453a   0x0800453a   0x00000006   PAD
    0x08004540   0x08004540   0x00000438   Code   RO         4930    i.__ieee754_rem_pio2  m_wm.l(rred.o)
    0x08004978   0x08004978   0x00000170   Code   RO         4902    i.__kernel_cos      m_wm.l(cos_i.o)
    0x08004ae8   0x08004ae8   0x000000f8   Code   RO         4927    i.__kernel_poly     m_wm.l(poly.o)
    0x08004be0   0x08004be0   0x00000130   Code   RO         4935    i.__kernel_sin      m_wm.l(sin_i.o)
    0x08004d10   0x08004d10   0x00000014   Code   RO         4906    i.__mathlib_dbl_infnan  m_wm.l(dunder.o)
    0x08004d24   0x08004d24   0x00000014   Code   RO         4907    i.__mathlib_dbl_infnan2  m_wm.l(dunder.o)
    0x08004d38   0x08004d38   0x00000020   Code   RO         4908    i.__mathlib_dbl_invalid  m_wm.l(dunder.o)
    0x08004d58   0x08004d58   0x00000020   Code   RO         4911    i.__mathlib_dbl_underflow  m_wm.l(dunder.o)
    0x08004d78   0x08004d78   0x0000000e   Code   RO         5008    i.__scatterload_copy  mc_w.l(handlers.o)
    0x08004d86   0x08004d86   0x00000002   Code   RO         5009    i.__scatterload_null  mc_w.l(handlers.o)
    0x08004d88   0x08004d88   0x0000000e   Code   RO         5010    i.__scatterload_zeroinit  mc_w.l(handlers.o)
    0x08004d96   0x08004d96   0x00000002   PAD
    0x08004d98   0x08004d98   0x0000000c   Code   RO         4978    i.__set_errno       mc_w.l(errno.o)
    0x08004da4   0x08004da4   0x00000154   Code   RO         4669    i._printf_core      mc_w.l(printf1.o)
    0x08004ef8   0x08004ef8   0x00000010   Code   RO         4890    i.atan              m_wm.l(atan.o)
    0x08004f08   0x08004f08   0x00000018   Code   RO         4921    i.fabs              m_wm.l(fabs.o)
    0x08004f20   0x08004f20   0x0000001c   Code   RO          503    i.fputc             usart.o
    0x08004f3c   0x08004f3c   0x0000002c   Code   RO          210    i.invSqrt           mahonyahrs.o
    0x08004f68   0x08004f68   0x00000064   Code   RO          291    i.main              main.o
    0x08004fcc   0x08004fcc   0x0000006e   Code   RO         4943    i.sqrt              m_wm.l(sqrt.o)
    0x0800503a   0x0800503a   0x00000010   Data   RO         3523    .constdata          system_stm32f4xx.o
    0x0800504a   0x0800504a   0x00000008   Data   RO         3524    .constdata          system_stm32f4xx.o
    0x08005052   0x08005052   0x00000100   Data   RO         3734    .constdata          os_core.o
    0x08005152   0x08005152   0x00000006   PAD
    0x08005158   0x08005158   0x00000050   Data   RO         4551    .constdata          m_wm.l(asin.o)
    0x080051a8   0x080051a8   0x00000098   Data   RO         4891    .constdata          m_wm.l(atan.o)
    0x08005240   0x08005240   0x00000030   Data   RO         4903    .constdata          m_wm.l(cos_i.o)
    0x08005270   0x08005270   0x00000008   Data   RO         4929    .constdata          m_wm.l(qnan.o)
    0x08005278   0x08005278   0x000000c8   Data   RO         4932    .constdata          m_wm.l(rred.o)
    0x08005340   0x08005340   0x00000028   Data   RO         4936    .constdata          m_wm.l(sin_i.o)
    0x08005368   0x08005368   0x00000020   Data   RO         5006    Region$$Table       anon$$obj.o


    Execution Region RW_IRAM2 (Exec base: 0x10000000, Load base: 0x08005458, Size: 0x00000000, Max: 0x00010000, ABSOLUTE)

    **** No section assigned to this execution region ****


    Execution Region RW_IRAM1 (Exec base: 0x20000000, Load base: 0x08005388, Size: 0x00002128, Max: 0x00020000, ABSOLUTE)

    Exec Addr    Load Addr    Size         Type   Attr      Idx    E Section Name        Object

    0x20000000   0x08005388   0x00000048   Data   RW          211    .data               mahonyahrs.o
    0x20000048   0x080053d0   0x00000001   Data   RW          296    .data               main.o
    0x20000049   0x080053d1   0x00000001   Data   RW          297    .data               main.o
    0x2000004a   0x080053d2   0x00000006   Data   RW          298    .data               main.o
    0x20000050   0x080053d8   0x00000006   Data   RW          299    .data               main.o
    0x20000056   0x080053de   0x00000006   Data   RW          300    .data               main.o
    0x2000005c   0x080053e4   0x00000006   Data   RW          301    .data               main.o
    0x20000062   0x080053ea   0x00000006   Data   RW          302    .data               main.o
    0x20000068   0x080053f0   0x00000008   Data   RW          387    .data               i2c.o
    0x20000070   0x080053f8   0x0000000c   Data   RW         2036    .data               stm32f4xx_hal.o
    0x2000007c   0x08005404   0x00000004   Data   RW         3525    .data               system_stm32f4xx.o
    0x20000080   0x08005408   0x0000003c   Data   RW         3735    .data               os_core.o
    0x200000bc   0x08005444   0x00000004   Data   RW         3736    .data               os_core.o
    0x200000c0   0x08005448   0x00000004   Data   RW         3737    .data               os_core.o
    0x200000c4   0x0800544c   0x00000004   Data   RW         3738    .data               os_core.o
    0x200000c8   0x08005450   0x00000004   Data   RW         4967    .data               mc_w.l(stdout.o)
    0x200000cc   0x08005454   0x00000004   Data   RW         4979    .data               mc_w.l(errno.o)
    0x200000d0        -       0x0000000c   Zero   RW          292    .bss                main.o
    0x200000dc        -       0x0000000c   Zero   RW          293    .bss                main.o
    0x200000e8        -       0x00000032   Zero   RW          294    .bss                main.o
    0x2000011a   0x08005458   0x00000002   PAD
    0x2000011c        -       0x00001000   Zero   RW          295    .bss                main.o
    0x2000111c        -       0x00000054   Zero   RW          386    .bss                i2c.o
    0x20001170        -       0x00000040   Zero   RW          452    .bss                tim.o
    0x200011b0        -       0x00000040   Zero   RW          504    .bss                usart.o
    0x200011f0        -       0x00000a10   Zero   RW         3730    .bss                os_core.o
    0x20001c00        -       0x00000050   Zero   RW         3731    .bss                os_core.o
    0x20001c50        -       0x00000078   Zero   RW         3732    .bss                os_core.o
    0x20001cc8        -       0x00000060   Zero   RW         3733    .bss                os_core.o
    0x20001d28        -       0x00000400   Zero   RW            1    STACK               startup_stm32f407xx.o


==============================================================================

Image component sizes


      Code (inc. data)   RO Data    RW Data    ZI Data      Debug   Object Name

       308         32          0          0          0        979   apps.o
        76          6          0          0          0        851   gpio.o
        18          0          0          0          0     693031   hmc5883.o
       256         34          0          8         84       4135   i2c.o
      2800        118          0         72          0       7742   mahonyahrs.o
       238         34          0         32       4170      11185   main.o
        36          0          0          0          0       1383   mpu6050.o
      1328        158        256         72       2872      18749   os_core.o
       192         32          0          0          0        304   os_cpu_a.o
       396         12          0          0          0      45505   os_cpu_c.o
         2          0          0          0          0        470   os_dbg_r.o
       104         12          0          0          0       1590   os_flag.o
        76         12          0          0          0        561   os_mem.o
        64          8          0          0          0        619   os_q.o
      1090        114          0          0          0       7204   os_task.o
       104         22          0          0          0        688   os_time.o
        36          8        392          0       1024        824   startup_stm32f407xx.o
       144         24          0         12          0       8697   stm32f4xx_hal.o
       172         14          0          0          0      33206   stm32f4xx_hal_cortex.o
       440         46          0          0          0       1720   stm32f4xx_hal_gpio.o
      1626         36          0          0          0       9726   stm32f4xx_hal_i2c.o
        48          6          0          0          0        834   stm32f4xx_hal_msp.o
      1332         76          0          0          0       5168   stm32f4xx_hal_rcc.o
       574         44          0          0          0       6119   stm32f4xx_hal_tim.o
       144         28          0          0          0       1324   stm32f4xx_hal_tim_ex.o
       680         10          0          0          0       4064   stm32f4xx_hal_uart.o
        54          6          0          0          0       3729   stm32f4xx_it.o
        28          6         24          4          0       1127   system_stm32f4xx.o
       136         10          0          0         64       1614   tim.o
       552         44          0          0         64       5884   usart.o

    ----------------------------------------------------------------------
     13084        952        710        200       8280     879032   Object Totals
         0          0         32          0          0          0   (incl. Generated)
        30          0          6          0          2          0   (incl. Padding)

    ----------------------------------------------------------------------

      Code (inc. data)   RO Data    RW Data    ZI Data      Debug   Library Member Name

       864         94         80          0          0        280   asin.o
       744        106        152          0          0        352   atan.o
       496         64          0          0          0        192   atan2.o
       200         20          0          0          0        164   cos.o
       368         46         48          0          0        200   cos_i.o
       104         16          0          0          0        496   dunder.o
        24          0          0          0          0        124   fabs.o
        48          0          0          0          0        124   fpclassify.o
       248          0          0          0          0        152   poly.o
         0          0          8          0          0          0   qnan.o
      1080        142        200          0          0        188   rred.o
       200         20          0          0          0        164   sin.o
       304         24         40          0          0        208   sin_i.o
       110          0          0          0          0        148   sqrt.o
        58          0          0          0          0        136   sqrtf.o
         0          0          0          0          0          0   entry.o
         0          0          0          0          0          0   entry10a.o
         0          0          0          0          0          0   entry11a.o
         8          4          0          0          0          0   entry2.o
         4          0          0          0          0          0   entry5.o
         0          0          0          0          0          0   entry7b.o
         0          0          0          0          0          0   entry8b.o
         8          4          0          0          0          0   entry9a.o
        12          6          0          4          0         68   errno.o
        30          0          0          0          0          0   handlers.o
        36          8          0          0          0         68   init.o
         0          0          0          0          0          0   iusefp.o
        30          0          0          0          0         68   llshl.o
        36          0          0          0          0         68   llsshr.o
        32          0          0          0          0         68   llushr.o
        36          0          0          0          0        108   memseta.o
       372         14          0          0          0        184   printf1.o
         0          0          0          4          0          0   stdout.o
        44          0          0          0          0         80   uidiv.o
        98          0          0          0          0         92   uldiv.o
        56          0          0          0          0         88   d2f.o
       334          0          0          0          0        148   dadd.o
       222          0          0          0          0        100   ddiv.o
       186          0          0          0          0        176   depilogue.o
        62          0          0          0          0         80   dfixi.o
        34          0          0          0          0         76   dflti.o
        26          0          0          0          0         76   dfltui.o
       228          0          0          0          0         96   dmul.o
       162          0          0          0          0        100   dsqrt.o
        38          0          0          0          0         68   f2d.o
       110          0          0          0          0        168   fepilogue.o

    ----------------------------------------------------------------------
      7062        568        528          8          0       4908   Library Totals
        10          0          0          0          0          0   (incl. Padding)

    ----------------------------------------------------------------------

      Code (inc. data)   RO Data    RW Data    ZI Data      Debug   Library Name

      4848        532        528          0          0       2928   m_wm.l
       746         36          0          8          0        804   mc_w.l
      1458          0          0          0          0       1176   mf_w.l

    ----------------------------------------------------------------------
      7062        568        528          8          0       4908   Library Totals

    ----------------------------------------------------------------------

==============================================================================


      Code (inc. data)   RO Data    RW Data    ZI Data      Debug   

     20146       1520       1238        208       8280     870908   Grand Totals
     20146       1520       1238        208       8280     870908   ELF Image Totals
     20146       1520       1238        208          0          0   ROM Totals

==============================================================================

    Total RO  Size (Code + RO Data)                21384 (  20.88kB)
    Total RW  Size (RW Data + ZI Data)              8488 (   8.29kB)
    Total ROM Size (Code + RO Data + RW Data)      21592 (  21.09kB)

==============================================================================

