Component: ARM Compiler 5.06 update 6 (build 750) Tool: armlink [4d35ed]

==============================================================================

Section Cross References

    startup_stm32f407xx.o(RESET) refers to startup_stm32f407xx.o(STACK) for __initial_sp
    startup_stm32f407xx.o(RESET) refers to startup_stm32f407xx.o(.text) for Reset_Handler
    startup_stm32f407xx.o(RESET) refers to stm32f4xx_it.o(i.NMI_Handler) for NMI_Handler
    startup_stm32f407xx.o(RESET) refers to stm32f4xx_it.o(i.HardFault_Handler) for HardFault_Handler
    startup_stm32f407xx.o(RESET) refers to stm32f4xx_it.o(i.MemManage_Handler) for MemManage_Handler
    startup_stm32f407xx.o(RESET) refers to stm32f4xx_it.o(i.BusFault_Handler) for BusFault_Handler
    startup_stm32f407xx.o(RESET) refers to stm32f4xx_it.o(i.UsageFault_Handler) for UsageFault_Handler
    startup_stm32f407xx.o(RESET) refers to stm32f4xx_it.o(i.SVC_Handler) for SVC_Handler
    startup_stm32f407xx.o(RESET) refers to stm32f4xx_it.o(i.DebugMon_Handler) for DebugMon_Handler
    startup_stm32f407xx.o(RESET) refers to os_cpu_a.o(.text) for PendSV_Handler
    startup_stm32f407xx.o(RESET) refers to stm32f4xx_it.o(i.SysTick_Handler) for SysTick_Handler
    startup_stm32f407xx.o(RESET) refers to stm32f4xx_it.o(i.RCC_IRQHandler) for RCC_IRQHandler
    startup_stm32f407xx.o(.text) refers to system_stm32f4xx.o(i.SystemInit) for SystemInit
    startup_stm32f407xx.o(.text) refers to entry.o(.ARM.Collect$$$$00000000) for __main
    hmc5883.o(i.HMC_Init) refers to i2c.o(i.Sensor_Write) for Sensor_Write
    hmc5883.o(i.HMC_Init) refers to i2c.o(i.Soft_Dely) for Soft_Dely
    hmc5883.o(i.HMC_Read) refers to i2c.o(i.Sensor_Read) for Sensor_Read
    mpu6050.o(i.MPU6050ReadAcc) refers to i2c.o(i.Sensor_Read) for Sensor_Read
    mpu6050.o(i.MPU6050ReadGyro) refers to i2c.o(i.Sensor_Read) for Sensor_Read
    mpu6050.o(i.MPU6050ReadID) refers to i2c.o(i.Sensor_Read) for Sensor_Read
    mpu6050.o(i.MPU6050ReadID) refers to printf1.o(i.__0printf$1) for __2printf
    mpu6050.o(i.MPU6050_Init) refers to i2c.o(i.Sensor_Write) for Sensor_Write
    mahonyahrs.o(i.AHRS_Time_Init) refers to tim.o(i.MX_TIM2_Init) for MX_TIM2_Init
    mahonyahrs.o(i.Attitude_Update) refers to mahonyahrs.o(i.invSqrt) for invSqrt
    mahonyahrs.o(i.Attitude_Update) refers to sqrtf.o(i.__hardfp_sqrtf) for __hardfp_sqrtf
    mahonyahrs.o(i.Attitude_Update) refers to mahonyahrs.o(.data) for q0
    mahonyahrs.o(i.Attitude_Update) refers to f2d.o(.text) for __aeabi_f2d
    mahonyahrs.o(i.Attitude_Update) refers to asin.o(i.__hardfp_asin) for __hardfp_asin
    mahonyahrs.o(i.Attitude_Update) refers to dmul.o(.text) for __aeabi_dmul
    mahonyahrs.o(i.Attitude_Update) refers to d2f.o(.text) for __aeabi_d2f
    mahonyahrs.o(i.Attitude_Update) refers to atan2.o(i.__hardfp_atan2) for __hardfp_atan2
    mahonyahrs.o(i.Attitude_Update) refers to main.o(.bss) for angle
    mahonyahrs.o(i.Calib_Status) refers to main.o(.data) for accOffset
    mahonyahrs.o(i.GY86_Read) refers to mpu6050.o(i.MPU6050ReadAcc) for MPU6050ReadAcc
    mahonyahrs.o(i.GY86_Read) refers to mpu6050.o(i.MPU6050ReadGyro) for MPU6050ReadGyro
    mahonyahrs.o(i.GY86_Read) refers to hmc5883.o(i.HMC_Read) for HMC_Read
    mahonyahrs.o(i.GY86_Read) refers to mahonyahrs.o(i.MPU6050_Offset) for MPU6050_Offset
    mahonyahrs.o(i.GY86_Read) refers to main.o(.data) for offsetAcc
    mahonyahrs.o(i.GY86_Read) refers to main.o(.bss) for fGyro
    mahonyahrs.o(i.Get_AHRS_Time) refers to mahonyahrs.o(.data) for now
    mahonyahrs.o(i.MPU6050_Offset) refers to main.o(.data) for accOffset
    mahonyahrs.o(i.MPU6050_Offset) refers to mahonyahrs.o(.data) for count_acc
    mahonyahrs.o(i.Open_Calib) refers to main.o(.data) for accOffset
    mahonyahrs.o(i.Quat_Init) refers to hmc5883.o(i.HMC_Read) for HMC_Read
    mahonyahrs.o(i.Quat_Init) refers to f2d.o(.text) for __aeabi_f2d
    mahonyahrs.o(i.Quat_Init) refers to sin.o(i.__hardfp_sin) for __hardfp_sin
    mahonyahrs.o(i.Quat_Init) refers to dflti.o(.text) for __aeabi_i2d
    mahonyahrs.o(i.Quat_Init) refers to dmul.o(.text) for __aeabi_dmul
    mahonyahrs.o(i.Quat_Init) refers to cos.o(i.__hardfp_cos) for __hardfp_cos
    mahonyahrs.o(i.Quat_Init) refers to dadd.o(.text) for __aeabi_dsub
    mahonyahrs.o(i.Quat_Init) refers to atan2.o(i.__hardfp_atan2) for __hardfp_atan2
    mahonyahrs.o(i.Quat_Init) refers to d2f.o(.text) for __aeabi_d2f
    mahonyahrs.o(i.Quat_Init) refers to mahonyahrs.o(.data) for q0
    main.o(i.SystemClock_Config) refers to memseta.o(.text) for __aeabi_memclr4
    main.o(i.SystemClock_Config) refers to stm32f4xx_hal_rcc.o(i.HAL_RCC_OscConfig) for HAL_RCC_OscConfig
    main.o(i.SystemClock_Config) refers to main.o(i.Error_Handler) for Error_Handler
    main.o(i.SystemClock_Config) refers to stm32f4xx_hal_rcc.o(i.HAL_RCC_ClockConfig) for HAL_RCC_ClockConfig
    main.o(i.main) refers to stm32f4xx_hal.o(i.HAL_Init) for HAL_Init
[...]
    I2C_WaitOnBTFFlagUntilTimeout            0x08002be1   Thumb Code    92  stm32f4xx_hal_i2c.o(i.I2C_WaitOnBTFFlagUntilTimeout)
    i.I2C_WaitOnFlagUntilTimeout             0x08002c3c   Section        0  stm32f4xx_hal_i2c.o(i.I2C_WaitOnFlagUntilTimeout)
    I2C_WaitOnFlagUntilTimeout               0x08002c3d   Thumb Code   134  stm32f4xx_hal_i2c.o(i.I2C_WaitOnFlagUntilTimeout)
    i.I2C_WaitOnMasterAddressFlagUntilTimeout 0x08002cc2   Section        0  stm32f4xx_hal_i2c.o(i.I2C_WaitOnMasterAddressFlagUntilTimeout)
    I2C_WaitOnMasterAddressFlagUntilTimeout  0x08002cc3   Thumb Code   196  stm32f4xx_hal_i2c.o(i.I2C_WaitOnMasterAddressFlagUntilTimeout)
    i.I2C_WaitOnRXNEFlagUntilTimeout         0x08002d86   Section        0  stm32f4xx_hal_i2c.o(i.I2C_WaitOnRXNEFlagUntilTimeout)
    I2C_WaitOnRXNEFlagUntilTimeout           0x08002d87   Thumb Code   128  stm32f4xx_hal_i2c.o(i.I2C_WaitOnRXNEFlagUntilTimeout)
    i.I2C_WaitOnTXEFlagUntilTimeout          0x08002e06   Section        0  stm32f4xx_hal_i2c.o(i.I2C_WaitOnTXEFlagUntilTimeout)
    I2C_WaitOnTXEFlagUntilTimeout            0x08002e07   Thumb Code    92  stm32f4xx_hal_i2c.o(i.I2C_WaitOnTXEFlagUntilTimeout)
    i.IIC_Byte_Read                          0x08002e64   Section        0  i2c.o(i.IIC_Byte_Read)
    i.IIC_Byte_Write                         0x08002e8c   Section        0  i2c.o(i.IIC_Byte_Write)
    i.MPU6050ReadAcc                         0x08002eb4   Section        0  mpu6050.o(i.MPU6050ReadAcc)
    i.MPU6050ReadGyro                        0x08002ec8   Section        0  mpu6050.o(i.MPU6050ReadGyro)
    i.MPU6050ReadID                          0x08002edc   Section        0  mpu6050.o(i.MPU6050ReadID)
    i.MPU6050_Init                           0x08002f40   Section        0  mpu6050.o(i.MPU6050_Init)
    i.MPU6050_Offset                         0x08002fb4   Section        0  mahonyahrs.o(i.MPU6050_Offset)
    i.MX_GPIO_Init                           0x08003160   Section        0  gpio.o(i.MX_GPIO_Init)
    i.MX_I2C1_Init                           0x080031e4   Section        0  i2c.o(i.MX_I2C1_Init)
    i.MX_TIM2_Init                           0x08003220   Section        0  tim.o(i.MX_TIM2_Init)
    i.MX_USART3_UART_Init                    0x0800328c   Section        0  usart.o(i.MX_USART3_UART_Init)
    i.MemManage_Handler                      0x080032c4   Section        0  stm32f4xx_it.o(i.MemManage_Handler)
    i.NMI_Handler                            0x080032c8   Section        0  stm32f4xx_it.o(i.NMI_Handler)
    i.OSDebugInit                            0x080032cc   Section        0  os_dbg_r.o(i.OSDebugInit)
    i.OSInit                                 0x080033e4   Section        0  os_core.o(i.OSInit)
    i.OSInitHookBegin                        0x08003418   Section        0  os_cpu_c.o(i.OSInitHookBegin)
    i.OSInitHookEnd                          0x0800341a   Section        0  os_cpu_c.o(i.OSInitHookEnd)
    i.OSIntExit                              0x0800341c   Section        0  os_core.o(i.OSIntExit)
    i.OSStart                                0x080034ac   Section        0  os_core.o(i.OSStart)
    i.OSTCBInitHook                          0x080034f4   Section        0  os_cpu_c.o(i.OSTCBInitHook)
    i.OSTaskCreate                           0x080034f8   Section        0  os_task.o(i.OSTaskCreate)
    i.OSTaskCreateExt                        0x080035a0   Section        0  os_task.o(i.OSTaskCreateExt)
    i.OSTaskCreateHook                       0x08003660   Section        0  os_cpu_c.o(i.OSTaskCreateHook)
    i.OSTaskDel                              0x08003664   Section        0  os_task.o(i.OSTaskDel)
    i.OSTaskDelHook                          0x080037d0   Section        0  os_cpu_c.o(i.OSTaskDelHook)
    i.OSTaskIdleHook                         0x080037d2   Section        0  os_cpu_c.o(i.OSTaskIdleHook)
    i.OSTaskNameSet                          0x080037d4   Section        0  os_task.o(i.OSTaskNameSet)
    i.OSTaskReturnHook                       0x08003858   Section        0  os_cpu_c.o(i.OSTaskReturnHook)
    i.OSTaskStatHook                         0x0800385a   Section        0  os_cpu_c.o(i.OSTaskStatHook)
    i.OSTaskStkChk                           0x0800385c   Section        0  os_task.o(i.OSTaskStkChk)
    i.OSTaskStkInit                          0x080038fc   Section        0  os_cpu_c.o(i.OSTaskStkInit)
    i.OSTaskSuspend                          0x08003aac   Section        0  os_task.o(i.OSTaskSuspend)
    i.OSTaskSwHook                           0x08003b68   Section        0  os_cpu_c.o(i.OSTaskSwHook)
    i.OSTimeDly                              0x08003b6c   Section        0  os_time.o(i.OSTimeDly)
    i.OSTimeTick                             0x08003be4   Section        0  os_core.o(i.OSTimeTick)
    i.OSTimeTickHook                         0x08003cd0   Section        0  os_cpu_c.o(i.OSTimeTickHook)
    i.OS_CPU_SysTickInit                     0x08003cd4   Section        0  os_cpu_c.o(i.OS_CPU_SysTickInit)
    i.OS_Dummy                               0x08003d30   Section        0  os_core.o(i.OS_Dummy)
    i.OS_EventTaskRemove                     0x08003d32   Section        0  os_core.o(i.OS_EventTaskRemove)
    i.OS_EventTaskRemoveMulti                0x08003d5c   Section        0  os_core.o(i.OS_EventTaskRemoveMulti)
    i.OS_FlagInit                            0x08003d98   Section        0  os_flag.o(i.OS_FlagInit)
    i.OS_FlagUnlink                          0x08003df0   Section        0  os_flag.o(i.OS_FlagUnlink)
    i.OS_InitEventList                       0x08003e14   Section        0  os_core.o(i.OS_InitEventList)
    OS_InitEventList                         0x08003e15   Thumb Code    82  os_core.o(i.OS_InitEventList)
    i.OS_InitMisc                            0x08003e74   Section        0  os_core.o(i.OS_InitMisc)
    OS_InitMisc                              0x08003e75   Thumb Code    44  os_core.o(i.OS_InitMisc)
    i.OS_InitRdyList                         0x08003ec8   Section        0  os_core.o(i.OS_InitRdyList)
    OS_InitRdyList                           0x08003ec9   Thumb Code    44  os_core.o(i.OS_InitRdyList)
    i.OS_InitTCBList                         0x08003f0c   Section        0  os_core.o(i.OS_InitTCBList)
    OS_InitTCBList                           0x08003f0d   Thumb Code   106  os_core.o(i.OS_InitTCBList)
    i.OS_InitTaskIdle                        0x08003f8c   Section        0  os_core.o(i.OS_InitTaskIdle)
    OS_InitTaskIdle                          0x08003f8d   Thumb Code    50  os_core.o(i.OS_InitTaskIdle)
    i.OS_InitTaskStat                        0x08003fdc   Section        0  os_core.o(i.OS_InitTaskStat)
    OS_InitTaskStat                          0x08003fdd   Thumb Code    50  os_core.o(i.OS_InitTaskStat)
    i.OS_MemClr                              0x0800402c   Section        0  os_core.o(i.OS_MemClr)
    i.OS_MemInit                             0x08004040   Section        0  os_mem.o(i.OS_MemInit)
    i.OS_QInit                               0x08004098   Section        0  os_q.o(i.OS_QInit)
    i.OS_Sched                               0x080040e8   Section        0  os_core.o(i.OS_Sched)
    i.OS_SchedNew                            0x0800415c   Section        0  os_core.o(i.OS_SchedNew)
    OS_SchedNew                              0x0800415d   Thumb Code    26  os_core.o(i.OS_SchedNew)
    i.OS_TCBInit                             0x08004188   Section        0  os_core.o(i.OS_TCBInit)
    i.OS_TaskIdle                            0x080042bc   Section        0  os_core.o(i.OS_TaskIdle)
    i.OS_TaskReturn                          0x080042e4   Section        0  os_task.o(i.OS_TaskReturn)
    i.OS_TaskStat                            0x080042fc   Section        0  os_core.o(i.OS_TaskStat)
    i.OS_TaskStatStkChk                      0x08004384   Section        0  os_core.o(i.OS_TaskStatStkChk)
    i.OS_TaskStkClr                          0x080043c0   Section        0  os_task.o(i.OS_TaskStkClr)
    i.Open_Calib                             0x080043dc   Section        0  mahonyahrs.o(i.Open_Calib)
    i.Quat_Init                              0x080043f0   Section        0  mahonyahrs.o(i.Quat_Init)
    i.RCC_IRQHandler                         0x08004c14   Section        0  stm32f4xx_it.o(i.RCC_IRQHandler)
    i.SVC_Handler                            0x08004c16   Section        0  stm32f4xx_it.o(i.SVC_Handler)
    i.Send_Attitude                          0x08004c18   Section        0  usart.o(i.Send_Attitude)
    i.Send_Senser                            0x08004d78   Section        0  usart.o(i.Send_Senser)
    i.Sensor_Read                            0x08004ecc   Section        0  i2c.o(i.Sensor_Read)
    i.Sensor_Write                           0x08004ef2   Section        0  i2c.o(i.Sensor_Write)
    i.Soft_Dely                              0x08004f18   Section        0  i2c.o(i.Soft_Dely)
    i.SysTick_Handler                        0x08004f24   Section        0  stm32f4xx_it.o(i.SysTick_Handler)
    i.SystemClock_Config                     0x08004f50   Section        0  main.o(i.SystemClock_Config)
    i.SystemInit                             0x08005004   Section        0  system_stm32f4xx.o(i.SystemInit)
    i.TIM_Base_SetConfig                     0x08005020   Section        0  stm32f4xx_hal_tim.o(i.TIM_Base_SetConfig)
    i.TIM_ETR_SetConfig                      0x080050f8   Section        0  stm32f4xx_hal_tim.o(i.TIM_ETR_SetConfig)
    i.TIM_ITRx_SetConfig                     0x0800510e   Section        0  stm32f4xx_hal_tim.o(i.TIM_ITRx_SetConfig)
    TIM_ITRx_SetConfig                       0x0800510f   Thumb Code    18  stm32f4xx_hal_tim.o(i.TIM_ITRx_SetConfig)
    i.TIM_TI1_ConfigInputStage               0x08005120   Section        0  stm32f4xx_hal_tim.o(i.TIM_TI1_ConfigInputStage)
    TIM_TI1_ConfigInputStage                 0x08005121   Thumb Code    38  stm32f4xx_hal_tim.o(i.TIM_TI1_ConfigInputStage)
    i.TIM_TI2_ConfigInputStage               0x08005146   Section        0  stm32f4xx_hal_tim.o(i.TIM_TI2_ConfigInputStage)
    TIM_TI2_ConfigInputStage                 0x08005147   Thumb Code    40  stm32f4xx_hal_tim.o(i.TIM_TI2_ConfigInputStage)
    i.Task_AHRS                              0x08005170   Section        0  apps.o(i.Task_AHRS)
    i.Task_COM                               0x08005224   Section        0  apps.o(i.Task_COM)
    i.UART_SetConfig                         0x080052f8   Section        0  stm32f4xx_hal_uart.o(i.UART_SetConfig)
    UART_SetConfig                           0x080052f9   Thumb Code   992  stm32f4xx_hal_uart.o(i.UART_SetConfig)
    i.UART_WaitOnFlagUntilTimeout            0x080056e0   Section        0  stm32f4xx_hal_uart.o(i.UART_WaitOnFlagUntilTimeout)
    UART_WaitOnFlagUntilTimeout              0x080056e1   Thumb Code   108  stm32f4xx_hal_uart.o(i.UART_WaitOnFlagUntilTimeout)
    i.USART_NItSend                          0x0800574c   Section        0  usart.o(i.USART_NItSend)
    i.UsageFault_Handler                     0x08005768   Section        0  stm32f4xx_it.o(i.UsageFault_Handler)
    i.__0printf$1                            0x0800576c   Section        0  printf1.o(i.__0printf$1)
    i.__ARM_fpclassify                       0x0800578c   Section        0  fpclassify.o(i.__ARM_fpclassify)
    i.__NVIC_GetPriorityGrouping             0x080057bc   Section        0  stm32f4xx_hal_cortex.o(i.__NVIC_GetPriorityGrouping)
    __NVIC_GetPriorityGrouping               0x080057bd   Thumb Code    10  stm32f4xx_hal_cortex.o(i.__NVIC_GetPriorityGrouping)
    i.__NVIC_SetPriority                     0x080057cc   Section        0  stm32f4xx_hal_cortex.o(i.__NVIC_SetPriority)
    __NVIC_SetPriority                       0x080057cd   Thumb Code    32  stm32f4xx_hal_cortex.o(i.__NVIC_SetPriority)
    i.__hardfp_asin                          0x080057f8   Section        0  asin.o(i.__hardfp_asin)
    i.__hardfp_atan                          0x08005b58   Section        0  atan.o(i.__hardfp_atan)
    i.__hardfp_atan2                         0x08005e30   Section        0  atan2.o(i.__hardfp_atan2)
    i.__hardfp_cos                           0x08006020   Section        0  cos.o(i.__hardfp_cos)
    i.__hardfp_sin                           0x080060e8   Section        0  sin.o(i.__hardfp_sin)
    i.__hardfp_sqrtf                         0x080061b0   Section        0  sqrtf.o(i.__hardfp_sqrtf)
    i.__ieee754_rem_pio2                     0x080061f0   Section        0  rred.o(i.__ieee754_rem_pio2)
    i.__kernel_cos                           0x08006628   Section        0  cos_i.o(i.__kernel_cos)
    i.__kernel_poly                          0x08006798   Section        0  poly.o(i.__kernel_poly)
    i.__kernel_sin                           0x08006890   Section        0  sin_i.o(i.__kernel_sin)
    i.__mathlib_dbl_infnan                   0x080069c0   Section        0  dunder.o(i.__mathlib_dbl_infnan)
    i.__mathlib_dbl_infnan2                  0x080069d4   Section        0  dunder.o(i.__mathlib_dbl_infnan2)
    i.__mathlib_dbl_invalid                  0x080069e8   Section        0  dunder.o(i.__mathlib_dbl_invalid)
    i.__mathlib_dbl_underflow                0x08006a08   Section        0  dunder.o(i.__mathlib_dbl_underflow)
    i.__scatterload_copy                     0x08006a28   Section       14  handlers.o(i.__scatterload_copy)
    i.__scatterload_null                     0x08006a36   Section        2  handlers.o(i.__scatterload_null)
    i.__scatterload_zeroinit                 0x08006a38   Section       14  handlers.o(i.__scatterload_zeroinit)
    i.__set_errno                            0x08006a48   Section        0  errno.o(i.__set_errno)
    i._printf_core                           0x08006a54   Section        0  printf1.o(i._printf_core)
    _printf_core                             0x08006a55   Thumb Code   336  printf1.o(i._printf_core)
    i.atan                                   0x08006ba8   Section        0  atan.o(i.atan)
    i.fabs                                   0x08006bb8   Section        0  fabs.o(i.fabs)
    i.fputc                                  0x08006bd0   Section        0  usart.o(i.fputc)
    i.invSqrt                                0x08006bf0   Section        0  mahonyahrs.o(i.invSqrt)
    i.main                                   0x08006c2c   Section        0  main.o(i.main)
    i.sqrt                                   0x08006c84   Section        0  sqrt.o(i.sqrt)
    .constdata                               0x08006cf2   Section       24  system_stm32f4xx.o(.constdata)
    .constdata                               0x08006d0c   Section      116  os_dbg_r.o(.constdata)
    .constdata                               0x08006d80   Section      256  os_core.o(.constdata)
    .constdata                               0x08006e80   Section       80  asin.o(.constdata)
    pS                                       0x08006e80   Data          48  asin.o(.constdata)
    qS                                       0x08006eb0   Data          32  asin.o(.constdata)
    .constdata                               0x08006ed0   Section      152  atan.o(.constdata)
    atanhi                                   0x08006ed0   Data          32  atan.o(.constdata)
    atanlo                                   0x08006ef0   Data          32  atan.o(.constdata)
    aTodd                                    0x08006f10   Data          40  atan.o(.constdata)
    aTeven                                   0x08006f38   Data          48  atan.o(.constdata)
    .constdata                               0x08006f68   Section       48  cos_i.o(.constdata)
    C                                        0x08006f68   Data          48  cos_i.o(.constdata)
    .constdata                               0x08006f98   Section        8  qnan.o(.constdata)
    .constdata                               0x08006fa0   Section      200  rred.o(.constdata)
    pio2s                                    0x08006fa0   Data          48  rred.o(.constdata)
    twooverpi                                0x08006fd0   Data         152  rred.o(.constdata)
    .constdata                               0x08007068   Section       40  sin_i.o(.constdata)
    S                                        0x08007068   Data          40  sin_i.o(.constdata)
    .data                                    0x20000000   Section       80  mahonyahrs.o(.data)
    ACC_X                                    0x2000002c   Data           4  mahonyahrs.o(.data)
    ACC_Y                                    0x20000030   Data           4  mahonyahrs.o(.data)
    ACC_Z                                    0x20000034   Data           4  mahonyahrs.o(.data)
    count_acc                                0x20000038   Data           1  mahonyahrs.o(.data)
    GYRO_X                                   0x2000003c   Data           4  mahonyahrs.o(.data)
    GYRO_Y                                   0x20000040   Data           4  mahonyahrs.o(.data)
    GYRO_Z                                   0x20000044   Data           4  mahonyahrs.o(.data)
    count_gyro                               0x20000048   Data           1  mahonyahrs.o(.data)
    now                                      0x2000004c   Data           4  mahonyahrs.o(.data)
    .data                                    0x20000050   Section       32  main.o(.data)
    .data                                    0x20000070   Section        9  stm32f4xx_hal.o(.data)
    .data                                    0x2000007c   Section        4  system_stm32f4xx.o(.data)
    .data                                    0x20000080   Section       76  os_core.o(.data)
    .data                                    0x200000cc   Section        4  stdout.o(.data)
    .data                                    0x200000d0   Section        4  errno.o(.data)
    _errno                                   0x200000d0   Data           4  errno.o(.data)
    .bss                                     0x200000d4   Section     4172  main.o(.bss)
    .bss                                     0x20001120   Section       84  i2c.o(.bss)
    .bss                                     0x20001174   Section       64  tim.o(.bss)
    .bss                                     0x200011b4   Section       64  usart.o(.bss)
    .bss                                     0x200011f4   Section     2872  os_core.o(.bss)
    STACK                                    0x20001d30   Section     1024  startup_stm32f407xx.o(STACK)

    Global Symbols

    Symbol Name                              Value     Ov Type        Size  Object(Section)

    BuildAttributes$$THM_ISAv4$E$P$D$K$B$S$7EM$VFPi3$EXTD16$VFPS$VFMA$PE$A:L22UL41UL21$X:L11$S22US41US21$IEEE1$IW$USESV6$~STKCKD$USESV7$~SHL$OTIME$ROPI$IEEEX$EBA8$MICROLIB$REQ8$PRES8$EABIv2 0x00000000   Number         0  anon$$obj.o ABSOLUTE
    __ARM_use_no_argv                        0x00000000   Number         0  main.o ABSOLUTE
    _printf_a                                0x00000000   Number         0  stubs.o ABSOLUTE
    _printf_c                                0x00000000   Number         0  stubs.o ABSOLUTE
    _printf_charcount                        0x00000000   Number         0  stubs.o ABSOLUTE
    _printf_d                                0x00000000   Number         0  stubs.o ABSOLUTE
    _printf_e                                0x00000000   Number         0  stubs.o ABSOLUTE
    _printf_f                                0x00000000   Number         0  stubs.o ABSOLUTE
    _printf_flags                            0x00000000   Number         0  stubs.o ABSOLUTE
    _printf_fp_dec                           0x00000000   Number         0  stubs.o ABSOLUTE
    _printf_fp_hex                           0x00000000   Number         0  stubs.o ABSOLUTE
    _printf_g                                0x00000000   Number         0  stubs.o ABSOLUTE
    _printf_i                                0x00000000   Number         0  stubs.o ABSOLUTE
    _printf_int_dec                          0x00000000   Number         0  stubs.o ABSOLUTE
    _printf_l                                0x00000000   Number         0  stubs.o ABSOLUTE
    _printf_lc                               0x00000000   Number         0  stubs.o ABSOLUTE
    _printf_ll                               0x00000000   Number         0  stubs.o ABSOLUTE
    _printf_lld                              0x00000000   Number         0  stubs.o ABSOLUTE
    _printf_lli                              0x00000000   Number         0  stubs.o ABSOLUTE
    _printf_llo                              0x00000000   Number         0  stubs.o ABSOLUTE
    _printf_llu                              0x00000000   Number         0  stubs.o ABSOLUTE
    _printf_llx                              0x00000000   Number         0  stubs.o ABSOLUTE
    _printf_longlong_dec                     0x00000000   Number         0  stubs.o ABSOLUTE
    _printf_longlong_hex                     0x00000000   Number         0  stubs.o ABSOLUTE
    _printf_longlong_oct                     0x00000000   Number         0  stubs.o ABSOLUTE
    _printf_ls                               0x00000000   Number         0  stubs.o ABSOLUTE
    _printf_mbtowc                           0x00000000   Number         0  stubs.o ABSOLUTE
    _printf_n                                0x00000000   Number         0  stubs.o ABSOLUTE
    _printf_o                                0x00000000   Number         0  stubs.o ABSOLUTE
    _printf_p                                0x00000000   Number         0  stubs.o ABSOLUTE
    _printf_percent                          0x00000000   Number         0  stubs.o ABSOLUTE
    _printf_pre_padding                      0x00000000   Number         0  stubs.o ABSOLUTE
    _printf_return_value                     0x00000000   Number         0  stubs.o ABSOLUTE
    _printf_s                                0x00000000   Number         0  stubs.o ABSOLUTE
    _printf_sizespec                         0x00000000   Number         0  stubs.o ABSOLUTE
    _printf_str                              0x00000000   Number         0  stubs.o ABSOLUTE
    _printf_truncate_signed                  0x00000000   Number         0  stubs.o ABSOLUTE
    _printf_truncate_unsigned                0x00000000   Number         0  stubs.o ABSOLUTE
    _printf_u                                0x00000000   Number         0  stubs.o ABSOLUTE
    _printf_wc                               0x00000000   Number         0  stubs.o ABSOLUTE
    _printf_wctomb                           0x00000000   Number         0  stubs.o ABSOLUTE
    _printf_widthprec                        0x00000000   Number         0  stubs.o ABSOLUTE
    _printf_x                                0x00000000   Number         0  stubs.o ABSOLUTE
    __cpp_initialize__aeabi_                  - Undefined Weak Reference
    __cxa_finalize                            - Undefined Weak Reference
    __decompress                              - Undefined Weak Reference
    _clock_init                               - Undefined Weak Reference
    _microlib_exit                            - Undefined Weak Reference
    __Vectors_Size                           0x00000188   Number         0  startup_stm32f407xx.o ABSOLUTE
    __Vectors                                0x08000000   Data           4  startup_stm32f407xx.o(RESET)
    __Vectors_End                            0x08000188   Data           0  startup_stm32f407xx.o(RESET)
    __main                                   0x08000189   Thumb Code     0  entry.o(.ARM.Collect$$$$00000000)
    _main_stk                                0x08000189   Thumb Code     0  entry2.o(.ARM.Collect$$$$00000001)
    _main_scatterload                        0x0800018d   Thumb Code     0  entry5.o(.ARM.Collect$$$$00000004)
    __main_after_scatterload                 0x08000191   Thumb Code     0  entry5.o(.ARM.Collect$$$$00000004)
    _main_clock                              0x08000191   Thumb Code     0  entry7b.o(.ARM.Collect$$$$00000008)
    _main_cpp_init                           0x08000191   Thumb Code     0  entry8b.o(.ARM.Collect$$$$0000000A)
    _main_init                               0x08000191   Thumb Code     0  entry9a.o(.ARM.Collect$$$$0000000B)
    __rt_final_cpp                           0x08000199   Thumb Code     0  entry10a.o(.ARM.Collect$$$$0000000D)
    __rt_final_exit                          0x08000199   Thumb Code     0  entry11a.o(.ARM.Collect$$$$0000000F)
    Reset_Handler                            0x0800019d   Thumb Code     8  startup_stm32f407xx.o(.text)
    ADC_IRQHandler                           0x080001b7   Thumb Code     0  startup_stm32f407xx.o(.text)
    CAN1_RX0_IRQHandler                      0x080001b7   Thumb Code     0  startup_stm32f407xx.o(.text)
    CAN1_RX1_IRQHandler                      0x080001b7   Thumb Code     0  startup_stm32f407xx.o(.text)
    CAN1_SCE_IRQHandler                      0x080001b7   Thumb Code     0  startup_stm32f407xx.o(.text)
    CAN1_TX_IRQHandler                       0x080001b7   Thumb Code     0  startup_stm32f407xx.o(.text)
    CAN2_RX0_IRQHandler                      0x080001b7   Thumb Code     0  startup_stm32f407xx.o(.text)
    CAN2_RX1_IRQHandler                      0x080001b7   Thumb Code     0  startup_stm32f407xx.o(.text)
    CAN2_SCE_IRQHandler                      0x080001b7   Thumb Code     0  startup_stm32f407xx.o(.text)
    CAN2_TX_IRQHandler                       0x080001b7   Thumb Code     0  startup_stm32f407xx.o(.text)
    DCMI_IRQHandler                          0x080001b7   Thumb Code     0  startup_stm32f407xx.o(.text)
    DMA1_Stream0_IRQHandler                  0x080001b7   Thumb Code     0  startup_stm32f407xx.o(.text)
    DMA1_Stream1_IRQHandler                  0x080001b7   Thumb Code     0  startup_stm32f407xx.o(.text)
    DMA1_Stream2_IRQHandler                  0x080001b7   Thumb Code     0  startup_stm32f407xx.o(.text)
    DMA1_Stream3_IRQHandler                  0x080001b7   Thumb Code     0  startup_stm32f407xx.o(.text)
    DMA1_Stream4_IRQHandler                  0x080001b7   Thumb Code     0  startup_stm32f407xx.o(.text)
    DMA1_Stream5_IRQHandler                  0x080001b7   Thumb Code     0  startup_stm32f407xx.o(.text)
    DMA1_Stream6_IRQHandler                  0x080001b7   Thumb Code     0  startup_stm32f407xx.o(.text)
    DMA1_Stream7_IRQHandler                  0x080001b7   Thumb Code     0  startup_stm32f407xx.o(.text)
    DMA2_Stream0_IRQHandler                  0x080001b7   Thumb Code     0  startup_stm32f407xx.o(.text)
    DMA2_Stream1_IRQHandler                  0x080001b7   Thumb Code     0  startup_stm32f407xx.o(.text)
    DMA2_Stream2_IRQHandler                  0x080001b7   Thumb Code     0  startup_stm32f407xx.o(.text)
    DMA2_Stream3_IRQHandler                  0x080001b7   Thumb Code     0  startup_stm32f407xx.o(.text)
    DMA2_Stream4_IRQHandler                  0x080001b7   Thumb Code     0  startup_stm32f407xx.o(.text)
    DMA2_Stream5_IRQHandler                  0x080001b7   Thumb Code     0  startup_stm32f407xx.o(.text)
    DMA2_Stream6_IRQHandler                  0x080001b7   Thumb Code     0  startup_stm32f407xx.o(.text)
    DMA2_Stream7_IRQHandler                  0x080001b7   Thumb Code     0  startup_stm32f407xx.o(.text)
    ETH_IRQHandler                           0x080001b7   Thumb Code     0  startup_stm32f407xx.o(.text)
    ETH_WKUP_IRQHandler                      0x080001b7   Thumb Code     0  startup_stm32f407xx.o(.text)
    EXTI0_IRQHandler                         0x080001b7   Thumb Code     0  startup_stm32f407xx.o(.text)
    EXTI15_10_IRQHandler                     0x080001b7   Thumb Code     0  startup_stm32f407xx.o(.text)
    EXTI1_IRQHandler                         0x080001b7   Thumb Code     0  startup_stm32f407xx.o(.text)
    EXTI2_IRQHandler                         0x080001b7   Thumb Code     0  startup_stm32f407xx.o(.text)
    EXTI3_IRQHandler                         0x080001b7   Thumb Code     0  startup_stm32f407xx.o(.text)
    EXTI4_IRQHandler                         0x080001b7   Thumb Code     0  startup_stm32f407xx.o(.text)
    EXTI9_5_IRQHandler                       0x080001b7   Thumb Code     0  startup_stm32f407xx.o(.text)
    FLASH_IRQHandler                         0x080001b7   Thumb Code     0  startup_stm32f407xx.o(.text)
    FMC_IRQHandler                           0x080001b7   Thumb Code     0  startup_stm32f407xx.o(.text)
    FPU_IRQHandler                           0x080001b7   Thumb Code     0  startup_stm32f407xx.o(.text)
    HASH_RNG_IRQHandler                      0x080001b7   Thumb Code     0  startup_stm32f407xx.o(.text)
    I2C1_ER_IRQHandler                       0x080001b7   Thumb Code     0  startup_stm32f407xx.o(.text)
    I2C1_EV_IRQHandler                       0x080001b7   Thumb Code     0  startup_stm32f407xx.o(.text)
    I2C2_ER_IRQHandler                       0x080001b7   Thumb Code     0  startup_stm32f407xx.o(.text)
    I2C2_EV_IRQHandler                       0x080001b7   Thumb Code     0  startup_stm32f407xx.o(.text)
    I2C3_ER_IRQHandler                       0x080001b7   Thumb Code     0  startup_stm32f407xx.o(.text)
    I2C3_EV_IRQHandler                       0x080001b7   Thumb Code     0  startup_stm32f407xx.o(.text)
    OTG_FS_IRQHandler                        0x080001b7   Thumb Code     0  startup_stm32f407xx.o(.text)
    OTG_FS_WKUP_IRQHandler                   0x080001b7   Thumb Code     0  startup_stm32f407xx.o(.text)
    OTG_HS_EP1_IN_IRQHandler                 0x080001b7   Thumb Code     0  startup_stm32f407xx.o(.text)
    OTG_HS_EP1_OUT_IRQHandler                0x080001b7   Thumb Code     0  startup_stm32f407xx.o(.text)
    OTG_HS_IRQHandler                        0x080001b7   Thumb Code     0  startup_stm32f407xx.o(.text)
    OTG_HS_WKUP_IRQHandler                   0x080001b7   Thumb Code     0  startup_stm32f407xx.o(.text)
    PVD_IRQHandler                           0x080001b7   Thumb Code     0  startup_stm32f407xx.o(.text)
    RTC_Alarm_IRQHandler                     0x080001b7   Thumb Code     0  startup_stm32f407xx.o(.text)
    RTC_WKUP_IRQHandler                      0x080001b7   Thumb Code     0  startup_stm32f407xx.o(.text)
    SDIO_IRQHandler                          0x080001b7   Thumb Code     0  startup_stm32f407xx.o(.text)
    SPI1_IRQHandler                          0x080001b7   Thumb Code     0  startup_stm32f407xx.o(.text)
    SPI2_IRQHandler                          0x080001b7   Thumb Code     0  startup_stm32f407xx.o(.text)
    SPI3_IRQHandler                          0x080001b7   Thumb Code     0  startup_stm32f407xx.o(.text)
    TAMP_STAMP_IRQHandler                    0x080001b7   Thumb Code     0  startup_stm32f407xx.o(.text)
    TIM1_BRK_TIM9_IRQHandler                 0x080001b7   Thumb Code     0  startup_stm32f407xx.o(.text)
    TIM1_CC_IRQHandler                       0x080001b7   Thumb Code     0  startup_stm32f407xx.o(.text)
    TIM1_TRG_COM_TIM11_IRQHandler            0x080001b7   Thumb Code     0  startup_stm32f407xx.o(.text)
    TIM1_UP_TIM10_IRQHandler                 0x080001b7   Thumb Code     0  startup_stm32f407xx.o(.text)
    TIM2_IRQHandler                          0x080001b7   Thumb Code     0  startup_stm32f407xx.o(.text)
    TIM3_IRQHandler                          0x080001b7   Thumb Code     0  startup_stm32f407xx.o(.text)
    TIM4_IRQHandler                          0x080001b7   Thumb Code     0  startup_stm32f407xx.o(.text)
    TIM5_IRQHandler                          0x080001b7   Thumb Code     0  startup_stm32f407xx.o(.text)
    TIM6_DAC_IRQHandler                      0x080001b7   Thumb Code     0  startup_stm32f407xx.o(.text)
    TIM7_IRQHandler                          0x080001b7   Thumb Code     0  startup_stm32f407xx.o(.text)
    TIM8_BRK_TIM12_IRQHandler                0x080001b7   Thumb Code     0  startup_stm32f407xx.o(.text)
    TIM8_CC_IRQHandler                       0x080001b7   Thumb Code     0  startup_stm32f407xx.o(.text)
    TIM8_TRG_COM_TIM14_IRQHandler            0x080001b7   Thumb Code     0  startup_stm32f407xx.o(.text)
    TIM8_UP_TIM13_IRQHandler                 0x080001b7   Thumb Code     0  startup_stm32f407xx.o(.text)
    UART4_IRQHandler                         0x080001b7   Thumb Code     0  startup_stm32f407xx.o(.text)
    UART5_IRQHandler                         0x080001b7   Thumb Code     0  startup_stm32f407xx.o(.text)
    USART1_IRQHandler                        0x080001b7   Thumb Code     0  startup_stm32f407xx.o(.text)
    USART2_IRQHandler                        0x080001b7   Thumb Code     0  startup_stm32f407xx.o(.text)
    USART3_IRQHandler                        0x080001b7   Thumb Code     0  startup_stm32f407xx.o(.text)
    USART6_IRQHandler                        0x080001b7   Thumb Code     0  startup_stm32f407xx.o(.text)
    WWDG_IRQHandler                          0x080001b7   Thumb Code     0  startup_stm32f407xx.o(.text)
    OS_CPU_SR_Save                           0x080001c1   Thumb Code     0  os_cpu_a.o(.text)
    OS_CPU_SR_Restore                        0x080001c9   Thumb Code     0  os_cpu_a.o(.text)
    OSStartHighRdy                           0x080001cf   Thumb Code     0  os_cpu_a.o(.text)
    OSCtxSw                                  0x080001ef   Thumb Code     0  os_cpu_a.o(.text)
    OSIntCtxSw                               0x080001f9   Thumb Code     0  os_cpu_a.o(.text)
    PendSV_Handler                           0x08000203   Thumb Code     0  os_cpu_a.o(.text)
    __aeabi_uldivmod                         0x08000281   Thumb Code    98  uldiv.o(.text)
    __aeabi_memset                           0x080002e3   Thumb Code    14  memseta.o(.text)
    __aeabi_memset4                          0x080002e3   Thumb Code     0  memseta.o(.text)
    __aeabi_memset8                          0x080002e3   Thumb Code     0  memseta.o(.text)
    __aeabi_memclr                           0x080002f1   Thumb Code     4  memseta.o(.text)
    __aeabi_memclr4                          0x080002f1   Thumb Code     0  memseta.o(.text)
    __aeabi_memclr8                          0x080002f1   Thumb Code     0  memseta.o(.text)
    _memset$wrapper                          0x080002f5   Thumb Code    18  memseta.o(.text)
    __aeabi_dadd                             0x08000307   Thumb Code   322  dadd.o(.text)
    __aeabi_dsub                             0x08000449   Thumb Code     6  dadd.o(.text)
    __aeabi_drsub                            0x0800044f   Thumb Code     6  dadd.o(.text)
    __aeabi_dmul                             0x08000455   Thumb Code   228  dmul.o(.text)
    __aeabi_i2d                              0x08000539   Thumb Code    34  dflti.o(.text)
    __aeabi_f2d                              0x0800055b   Thumb Code    38  f2d.o(.text)
    __aeabi_d2f                              0x08000581   Thumb Code    56  d2f.o(.text)
    __aeabi_uidiv                            0x080005b9   Thumb Code     0  uidiv.o(.text)
    __aeabi_uidivmod                         0x080005b9   Thumb Code    44  uidiv.o(.text)
    __aeabi_llsl                             0x080005e5   Thumb Code    30  llshl.o(.text)
    _ll_shift_l                              0x080005e5   Thumb Code     0  llshl.o(.text)
    __aeabi_llsr                             0x08000603   Thumb Code    32  llushr.o(.text)
    _ll_ushift_r                             0x08000603   Thumb Code     0  llushr.o(.text)
    __aeabi_lasr                             0x08000623   Thumb Code    36  llsshr.o(.text)
    _ll_sshift_r                             0x08000623   Thumb Code     0  llsshr.o(.text)
    __I$use$fp                               0x08000647   Thumb Code     0  iusefp.o(.text)
    _float_round                             0x08000647   Thumb Code    18  fepilogue.o(.text)
    _float_epilogue                          0x08000659   Thumb Code    92  fepilogue.o(.text)
    _double_round                            0x080006b5   Thumb Code    30  depilogue.o(.text)
    _double_epilogue                         0x080006d3   Thumb Code   156  depilogue.o(.text)
    __aeabi_ddiv                             0x0800076f   Thumb Code   222  ddiv.o(.text)
    __scatterload                            0x0800084d   Thumb Code    28  init.o(.text)
    __scatterload_rt2                        0x0800084d   Thumb Code     0  init.o(.text)
    _dsqrt                                   0x08000871   Thumb Code   162  dsqrt.o(.text)
    __aeabi_ui2d                             0x08000913   Thumb Code    26  dfltui.o(.text)
    __aeabi_d2iz                             0x0800092d   Thumb Code    62  dfixi.o(.text)
    Attitude_Update                          0x0800096d   Thumb Code  2004  mahonyahrs.o(i.Attitude_Update)
    BSP_Init                                 0x08001175   Thumb Code    24  apps.o(i.BSP_Init)
    BusFault_Handler                         0x080011a1   Thumb Code     4  stm32f4xx_it.o(i.BusFault_Handler)
    Calib_Status                             0x080011a5   Thumb Code    12  mahonyahrs.o(i.Calib_Status)
    DebugMon_Handler                         0x080011b9   Thumb Code     2  stm32f4xx_it.o(i.DebugMon_Handler)
    Error_Handler                            0x080011bb   Thumb Code     2  main.o(i.Error_Handler)
    GY86_Read                                0x080011bd   Thumb Code   388  mahonyahrs.o(i.GY86_Read)
    HAL_GPIO_Init                            0x0800135d   Thumb Code   466  stm32f4xx_hal_gpio.o(i.HAL_GPIO_Init)
    HAL_GetTick                              0x0800155d   Thumb Code     6  stm32f4xx_hal.o(i.HAL_GetTick)
    HAL_I2C_Init                             0x08001569   Thumb Code   446  stm32f4xx_hal_i2c.o(i.HAL_I2C_Init)
    HAL_I2C_Mem_Read                         0x08001739   Thumb Code   744  stm32f4xx_hal_i2c.o(i.HAL_I2C_Mem_Read)
    HAL_I2C_Mem_Write                        0x08001a2d   Thumb Code   348  stm32f4xx_hal_i2c.o(i.HAL_I2C_Mem_Write)
    HAL_I2C_MspInit                          0x08001b91   Thumb Code   122  i2c.o(i.HAL_I2C_MspInit)
    HAL_IncTick                              0x08001c19   Thumb Code    16  stm32f4xx_hal.o(i.HAL_IncTick)
    HAL_Init                                 0x08001c31   Thumb Code    54  stm32f4xx_hal.o(i.HAL_Init)
    HAL_InitTick                             0x08001c6d   Thumb Code    64  stm32f4xx_hal.o(i.HAL_InitTick)
    HAL_MspInit                              0x08001cb9   Thumb Code    84  stm32f4xx_hal_msp.o(i.HAL_MspInit)
    HAL_NVIC_EnableIRQ                       0x08001d11   Thumb Code    32  stm32f4xx_hal_cortex.o(i.HAL_NVIC_EnableIRQ)
    HAL_NVIC_SetPriority                     0x08001d31   Thumb Code   124  stm32f4xx_hal_cortex.o(i.HAL_NVIC_SetPriority)
    HAL_NVIC_SetPriorityGrouping             0x08001dad   Thumb Code    32  stm32f4xx_hal_cortex.o(i.HAL_NVIC_SetPriorityGrouping)
    HAL_RCC_ClockConfig                      0x08001dd5   Thumb Code   368  stm32f4xx_hal_rcc.o(i.HAL_RCC_ClockConfig)
    HAL_RCC_GetHCLKFreq                      0x08001f59   Thumb Code     6  stm32f4xx_hal_rcc.o(i.HAL_RCC_GetHCLKFreq)
    HAL_RCC_GetPCLK1Freq                     0x08001f65   Thumb Code    22  stm32f4xx_hal_rcc.o(i.HAL_RCC_GetPCLK1Freq)
    HAL_RCC_GetPCLK2Freq                     0x08001f85   Thumb Code    22  stm32f4xx_hal_rcc.o(i.HAL_RCC_GetPCLK2Freq)
    HAL_RCC_GetSysClockFreq                  0x08001fa5   Thumb Code   162  stm32f4xx_hal_rcc.o(i.HAL_RCC_GetSysClockFreq)
    HAL_RCC_OscConfig                        0x08002055   Thumb Code  1152  stm32f4xx_hal_rcc.o(i.HAL_RCC_OscConfig)
    HAL_SYSTICK_Config                       0x080024dd   Thumb Code    52  stm32f4xx_hal_cortex.o(i.HAL_SYSTICK_Config)
    HAL_TIMEx_MasterConfigSynchronization    0x08002511   Thumb Code   150  stm32f4xx_hal_tim_ex.o(i.HAL_TIMEx_MasterConfigSynchronization)
    HAL_TIM_Base_Init                        0x080025c5   Thumb Code    52  stm32f4xx_hal_tim.o(i.HAL_TIM_Base_Init)
    HAL_TIM_Base_MspInit                     0x080025f9   Thumb Code    44  tim.o(i.HAL_TIM_Base_MspInit)
    HAL_TIM_ConfigClockSource                0x08002629   Thumb Code   264  stm32f4xx_hal_tim.o(i.HAL_TIM_ConfigClockSource)
    HAL_UART_Init                            0x08002731   Thumb Code   114  stm32f4xx_hal_uart.o(i.HAL_UART_Init)
    HAL_UART_MspInit                         0x080027a5   Thumb Code   124  usart.o(i.HAL_UART_MspInit)
    HAL_UART_Transmit                        0x0800282d   Thumb Code   216  stm32f4xx_hal_uart.o(i.HAL_UART_Transmit)
    HMC_Init                                 0x08002905   Thumb Code    62  hmc5883.o(i.HMC_Init)
    HMC_Read                                 0x08002949   Thumb Code    20  hmc5883.o(i.HMC_Read)
    HardFault_Handler                        0x0800295d   Thumb Code     4  stm32f4xx_it.o(i.HardFault_Handler)
    IIC_Byte_Read                            0x08002e65   Thumb Code    34  i2c.o(i.IIC_Byte_Read)
    IIC_Byte_Write                           0x08002e8d   Thumb Code    34  i2c.o(i.IIC_Byte_Write)
    MPU6050ReadAcc                           0x08002eb5   Thumb Code    20  mpu6050.o(i.MPU6050ReadAcc)
    MPU6050ReadGyro                          0x08002ec9   Thumb Code    20  mpu6050.o(i.MPU6050ReadGyro)
    MPU6050ReadID                            0x08002edd   Thumb Code    50  mpu6050.o(i.MPU6050ReadID)
    MPU6050_Init                             0x08002f41   Thumb Code   116  mpu6050.o(i.MPU6050_Init)
    MPU6050_Offset                           0x08002fb5   Thumb Code   372  mahonyahrs.o(i.MPU6050_Offset)
    MX_GPIO_Init                             0x08003161   Thumb Code   126  gpio.o(i.MX_GPIO_Init)
    MX_I2C1_Init                             0x080031e5   Thumb Code    48  i2c.o(i.MX_I2C1_Init)
    MX_TIM2_Init                             0x08003221   Thumb Code   102  tim.o(i.MX_TIM2_Init)
    MX_USART3_UART_Init                      0x0800328d   Thumb Code    46  usart.o(i.MX_USART3_UART_Init)
    MemManage_Handler                        0x080032c5   Thumb Code     4  stm32f4xx_it.o(i.MemManage_Handler)
    NMI_Handler                              0x080032c9   Thumb Code     2  stm32f4xx_it.o(i.NMI_Handler)
    OSDebugInit                              0x080032cd   Thumb Code    96  os_dbg_r.o(i.OSDebugInit)
    OSInit                                   0x080033e5   Thumb Code    52  os_core.o(i.OSInit)
    OSInitHookBegin                          0x08003419   Thumb Code     2  os_cpu_c.o(i.OSInitHookBegin)
    OSInitHookEnd                            0x0800341b   Thumb Code     2  os_cpu_c.o(i.OSInitHookEnd)
    OSIntExit                                0x0800341d   Thumb Code   112  os_core.o(i.OSIntExit)
    OSStart                                  0x080034ad   Thumb Code    48  os_core.o(i.OSStart)
    OSTCBInitHook                            0x080034f5   Thumb Code     2  os_cpu_c.o(i.OSTCBInitHook)
    OSTaskCreate                             0x080034f9   Thumb Code   156  os_task.o(i.OSTaskCreate)
    OSTaskCreateExt                          0x080035a1   Thumb Code   178  os_task.o(i.OSTaskCreateExt)
    OSTaskCreateHook                         0x08003661   Thumb Code     2  os_cpu_c.o(i.OSTaskCreateHook)
    OSTaskDel                                0x08003665   Thumb Code   318  os_task.o(i.OSTaskDel)
    OSTaskDelHook                            0x080037d1   Thumb Code     2  os_cpu_c.o(i.OSTaskDelHook)
    OSTaskIdleHook                           0x080037d3   Thumb Code     2  os_cpu_c.o(i.OSTaskIdleHook)
    OSTaskNameSet                            0x080037d5   Thumb Code   120  os_task.o(i.OSTaskNameSet)
    OSTaskReturnHook                         0x08003859   Thumb Code     2  os_cpu_c.o(i.OSTaskReturnHook)
    OSTaskStatHook                           0x0800385b   Thumb Code     2  os_cpu_c.o(i.OSTaskStatHook)
    OSTaskStkChk                             0x0800385d   Thumb Code   150  os_task.o(i.OSTaskStkChk)
    OSTaskStkInit                            0x080038fd   Thumb Code   426  os_cpu_c.o(i.OSTaskStkInit)
    OSTaskSuspend                            0x08003aad   Thumb Code   172  os_task.o(i.OSTaskSuspend)
    OSTaskSwHook                             0x08003b69   Thumb Code     2  os_cpu_c.o(i.OSTaskSwHook)
    OSTimeDly                                0x08003b6d   Thumb Code   100  os_time.o(i.OSTimeDly)
    OSTimeTick                               0x08003be5   Thumb Code   210  os_core.o(i.OSTimeTick)
    OSTimeTickHook                           0x08003cd1   Thumb Code     2  os_cpu_c.o(i.OSTimeTickHook)
    OS_CPU_SysTickInit                       0x08003cd5   Thumb Code    84  os_cpu_c.o(i.OS_CPU_SysTickInit)
    OS_Dummy                                 0x08003d31   Thumb Code     2  os_core.o(i.OS_Dummy)
    OS_EventTaskRemove                       0x08003d33   Thumb Code    42  os_core.o(i.OS_EventTaskRemove)
    OS_EventTaskRemoveMulti                  0x08003d5d   Thumb Code    58  os_core.o(i.OS_EventTaskRemoveMulti)
    OS_FlagInit                              0x08003d99   Thumb Code    74  os_flag.o(i.OS_FlagInit)
    OS_FlagUnlink                            0x08003df1   Thumb Code    36  os_flag.o(i.OS_FlagUnlink)
    OS_MemClr                                0x0800402d   Thumb Code    18  os_core.o(i.OS_MemClr)
    OS_MemInit                               0x08004041   Thumb Code    74  os_mem.o(i.OS_MemInit)
    OS_QInit                                 0x08004099   Thumb Code    72  os_q.o(i.OS_QInit)
    OS_Sched                                 0x080040e9   Thumb Code    88  os_core.o(i.OS_Sched)
    OS_TCBInit                               0x08004189   Thumb Code   280  os_core.o(i.OS_TCBInit)
    OS_TaskIdle                              0x080042bd   Thumb Code    34  os_core.o(i.OS_TaskIdle)
    OS_TaskReturn                            0x080042e5   Thumb Code    18  os_task.o(i.OS_TaskReturn)
    OS_TaskStat                              0x080042fd   Thumb Code   116  os_core.o(i.OS_TaskStat)
    OS_TaskStatStkChk                        0x08004385   Thumb Code    54  os_core.o(i.OS_TaskStatStkChk)
    OS_TaskStkClr                            0x080043c1   Thumb Code    26  os_task.o(i.OS_TaskStkClr)
    Open_Calib                               0x080043dd   Thumb Code    12  mahonyahrs.o(i.Open_Calib)
    Quat_Init                                0x080043f1   Thumb Code  2070  mahonyahrs.o(i.Quat_Init)
    RCC_IRQHandler                           0x08004c15   Thumb Code     2  stm32f4xx_it.o(i.RCC_IRQHandler)
    SVC_Handler                              0x08004c17   Thumb Code     2  stm32f4xx_it.o(i.SVC_Handler)
    Send_Attitude                            0x08004c19   Thumb Code   342  usart.o(i.Send_Attitude)
    Send_Senser                              0x08004d79   Thumb Code   334  usart.o(i.Send_Senser)
    Sensor_Read                              0x08004ecd   Thumb Code    38  i2c.o(i.Sensor_Read)
    Sensor_Write                             0x08004ef3   Thumb Code    38  i2c.o(i.Sensor_Write)
    Soft_Dely                                0x08004f19   Thumb Code    10  i2c.o(i.Soft_Dely)
    SysTick_Handler                          0x08004f25   Thumb Code    40  stm32f4xx_it.o(i.SysTick_Handler)
    SystemClock_Config                       0x08004f51   Thumb Code   170  main.o(i.SystemClock_Config)
    SystemInit                               0x08005005   Thumb Code    24  system_stm32f4xx.o(i.SystemInit)
    TIM_Base_SetConfig                       0x08005021   Thumb Code   170  stm32f4xx_hal_tim.o(i.TIM_Base_SetConfig)
    TIM_ETR_SetConfig                        0x080050f9   Thumb Code    22  stm32f4xx_hal_tim.o(i.TIM_ETR_SetConfig)
    Task_AHRS                                0x08005171   Thumb Code   166  apps.o(i.Task_AHRS)
    Task_COM                                 0x08005225   Thumb Code   190  apps.o(i.Task_COM)
    USART_NItSend                            0x0800574d   Thumb Code    22  usart.o(i.USART_NItSend)
    UsageFault_Handler                       0x08005769   Thumb Code     4  stm32f4xx_it.o(i.UsageFault_Handler)
    __0printf$1                              0x0800576d   Thumb Code    22  printf1.o(i.__0printf$1)
    __1printf$1                              0x0800576d   Thumb Code     0  printf1.o(i.__0printf$1)
    __2printf                                0x0800576d   Thumb Code     0  printf1.o(i.__0printf$1)
    __ARM_fpclassify                         0x0800578d   Thumb Code    48  fpclassify.o(i.__ARM_fpclassify)
    __hardfp_asin                            0x080057f9   Thumb Code   770  asin.o(i.__hardfp_asin)
    __hardfp_atan                            0x08005b59   Thumb Code   622  atan.o(i.__hardfp_atan)
    __hardfp_atan2                           0x08005e31   Thumb Code   432  atan2.o(i.__hardfp_atan2)
    __hardfp_cos                             0x08006021   Thumb Code   180  cos.o(i.__hardfp_cos)
    __hardfp_sin                             0x080060e9   Thumb Code   180  sin.o(i.__hardfp_sin)
    __hardfp_sqrtf                           0x080061b1   Thumb Code    58  sqrtf.o(i.__hardfp_sqrtf)
    __ieee754_rem_pio2                       0x080061f1   Thumb Code   938  rred.o(i.__ieee754_rem_pio2)
    __kernel_cos                             0x08006629   Thumb Code   322  cos_i.o(i.__kernel_cos)
    __kernel_poly                            0x08006799   Thumb Code   248  poly.o(i.__kernel_poly)
    __kernel_sin                             0x08006891   Thumb Code   280  sin_i.o(i.__kernel_sin)
    __mathlib_dbl_infnan                     0x080069c1   Thumb Code    20  dunder.o(i.__mathlib_dbl_infnan)
    __mathlib_dbl_infnan2                    0x080069d5   Thumb Code    20  dunder.o(i.__mathlib_dbl_infnan2)
    __mathlib_dbl_invalid                    0x080069e9   Thumb Code    24  dunder.o(i.__mathlib_dbl_invalid)
    __mathlib_dbl_underflow                  0x08006a09   Thumb Code    24  dunder.o(i.__mathlib_dbl_underflow)
    __scatterload_copy                       0x08006a29   Thumb Code    14  handlers.o(i.__scatterload_copy)
    __scatterload_null                       0x08006a37   Thumb Code     2  handlers.o(i.__scatterload_null)
    __scatterload_zeroinit                   0x08006a39   Thumb Code    14  handlers.o(i.__scatterload_zeroinit)
    __set_errno                              0x08006a49   Thumb Code     6  errno.o(i.__set_errno)
    atan                                     0x08006ba9   Thumb Code    16  atan.o(i.atan)
    fabs                                     0x08006bb9   Thumb Code    24  fabs.o(i.fabs)
    fputc                                    0x08006bd1   Thumb Code    26  usart.o(i.fputc)
    invSqrt                                  0x08006bf1   Thumb Code    56  mahonyahrs.o(i.invSqrt)
    main                                     0x08006c2d   Thumb Code    72  main.o(i.main)
    sqrt                                     0x08006c85   Thumb Code   110  sqrt.o(i.sqrt)
    AHBPrescTable                            0x08006cf2   Data          16  system_stm32f4xx.o(.constdata)
    APBPrescTable                            0x08006d02   Data           8  system_stm32f4xx.o(.constdata)
    OSDebugEn                                0x08006d0c   Data           2  os_dbg_r.o(.constdata)
    OSEndiannessTest                         0x08006d10   Data           4  os_dbg_r.o(.constdata)
    OSEventEn                                0x08006d14   Data           2  os_dbg_r.o(.constdata)
    OSEventMax                               0x08006d16   Data           2  os_dbg_r.o(.constdata)
    OSEventNameEn                            0x08006d18   Data           2  os_dbg_r.o(.constdata)
    OSEventSize                              0x08006d1a   Data           2  os_dbg_r.o(.constdata)
    OSEventTblSize                           0x08006d1c   Data           2  os_dbg_r.o(.constdata)
    OSEventMultiEn                           0x08006d1e   Data           2  os_dbg_r.o(.constdata)
    OSFlagEn                                 0x08006d20   Data           2  os_dbg_r.o(.constdata)
    OSFlagGrpSize                            0x08006d22   Data           2  os_dbg_r.o(.constdata)
    OSFlagNodeSize                           0x08006d24   Data           2  os_dbg_r.o(.constdata)
    OSFlagWidth                              0x08006d26   Data           2  os_dbg_r.o(.constdata)
    OSFlagMax                                0x08006d28   Data           2  os_dbg_r.o(.constdata)
    OSFlagNameEn                             0x08006d2a   Data           2  os_dbg_r.o(.constdata)
    OSLowestPrio                             0x08006d2c   Data           2  os_dbg_r.o(.constdata)
    OSMboxEn                                 0x08006d2e   Data           2  os_dbg_r.o(.constdata)
    OSMemEn                                  0x08006d30   Data           2  os_dbg_r.o(.constdata)
    OSMemMax                                 0x08006d32   Data           2  os_dbg_r.o(.constdata)
    OSMemNameEn                              0x08006d34   Data           2  os_dbg_r.o(.constdata)
    OSMemSize                                0x08006d36   Data           2  os_dbg_r.o(.constdata)
    OSMemTblSize                             0x08006d38   Data           2  os_dbg_r.o(.constdata)
    OSMutexEn                                0x08006d3a   Data           2  os_dbg_r.o(.constdata)
    OSPtrSize                                0x08006d3c   Data           2  os_dbg_r.o(.constdata)
    OSQEn                                    0x08006d3e   Data           2  os_dbg_r.o(.constdata)
    OSQMax                                   0x08006d40   Data           2  os_dbg_r.o(.constdata)
    OSQSize                                  0x08006d42   Data           2  os_dbg_r.o(.constdata)
    OSRdyTblSize                             0x08006d44   Data           2  os_dbg_r.o(.constdata)
    OSSemEn                                  0x08006d46   Data           2  os_dbg_r.o(.constdata)
    OSStkWidth                               0x08006d48   Data           2  os_dbg_r.o(.constdata)
    OSTaskCreateEn                           0x08006d4a   Data           2  os_dbg_r.o(.constdata)
    OSTaskCreateExtEn                        0x08006d4c   Data           2  os_dbg_r.o(.constdata)
    OSTaskDelEn                              0x08006d4e   Data           2  os_dbg_r.o(.constdata)
    OSTaskIdleStkSize                        0x08006d50   Data           2  os_dbg_r.o(.constdata)
    OSTaskProfileEn                          0x08006d52   Data           2  os_dbg_r.o(.constdata)
    OSTaskMax                                0x08006d54   Data           2  os_dbg_r.o(.constdata)
    OSTaskNameEn                             0x08006d56   Data           2  os_dbg_r.o(.constdata)
    OSTaskStatEn                             0x08006d58   Data           2  os_dbg_r.o(.constdata)
    OSTaskStatStkSize                        0x08006d5a   Data           2  os_dbg_r.o(.constdata)
    OSTaskStatStkChkEn                       0x08006d5c   Data           2  os_dbg_r.o(.constdata)
    OSTaskSwHookEn                           0x08006d5e   Data           2  os_dbg_r.o(.constdata)
    OSTaskRegTblSize                         0x08006d60   Data           2  os_dbg_r.o(.constdata)
    OSTCBPrioTblMax                          0x08006d62   Data           2  os_dbg_r.o(.constdata)
    OSTCBSize                                0x08006d64   Data           2  os_dbg_r.o(.constdata)
    OSTicksPerSec                            0x08006d66   Data           2  os_dbg_r.o(.constdata)
    OSTimeTickHookEn                         0x08006d68   Data           2  os_dbg_r.o(.constdata)
    OSVersionNbr                             0x08006d6a   Data           2  os_dbg_r.o(.constdata)
    OSTmrEn                                  0x08006d6c   Data           2  os_dbg_r.o(.constdata)
    OSTmrCfgMax                              0x08006d6e   Data           2  os_dbg_r.o(.constdata)
    OSTmrCfgNameEn                           0x08006d70   Data           2  os_dbg_r.o(.constdata)
    OSTmrCfgWheelSize                        0x08006d72   Data           2  os_dbg_r.o(.constdata)
    OSTmrCfgTicksPerSec                      0x08006d74   Data           2  os_dbg_r.o(.constdata)
    OSTmrSize                                0x08006d76   Data           2  os_dbg_r.o(.constdata)
    OSTmrTblSize                             0x08006d78   Data           2  os_dbg_r.o(.constdata)
    OSTmrWheelSize                           0x08006d7a   Data           2  os_dbg_r.o(.constdata)
    OSTmrWheelTblSize                        0x08006d7c   Data           2  os_dbg_r.o(.constdata)
    OSDataSize                               0x08006d7e   Data           2  os_dbg_r.o(.constdata)
    OSUnMapTbl                               0x08006d80   Data         256  os_core.o(.constdata)
    __mathlib_zero                           0x08006f98   Data           8  qnan.o(.constdata)
    Region$$Table$$Base                      0x08007090   Number         0  anon$$obj.o(Region$$Table)
    Region$$Table$$Limit                     0x080070b0   Number         0  anon$$obj.o(Region$$Table)
    Kp                                       0x20000000   Data           4  mahonyahrs.o(.data)
    Ki                                       0x20000004   Data           4  mahonyahrs.o(.data)
    halfT                                    0x20000008   Data           4  mahonyahrs.o(.data)
    T                                        0x2000000c   Data           4  mahonyahrs.o(.data)
    q0                                       0x20000010   Data           4  mahonyahrs.o(.data)
    q1                                       0x20000014   Data           4  mahonyahrs.o(.data)
    q2                                       0x20000018   Data           4  mahonyahrs.o(.data)
    q3                                       0x2000001c   Data           4  mahonyahrs.o(.data)
    exInt                                    0x20000020   Data           4  mahonyahrs.o(.data)
    eyInt                                    0x20000024   Data           4  mahonyahrs.o(.data)
    ezInt                                    0x20000028   Data           4  mahonyahrs.o(.data)
    gyroOffset                               0x20000050   Data           1  main.o(.data)
    accOffset                                0x20000051   Data           1  main.o(.data)
    acc                                      0x20000052   Data           6  main.o(.data)
    offsetAcc                                0x20000058   Data           6  main.o(.data)
    gyro                                     0x2000005e   Data           6  main.o(.data)
    offsetGyro                               0x20000064   Data           6  main.o(.data)
    mag                                      0x2000006a   Data           6  main.o(.data)
    uwTick                                   0x20000070   Data           4  stm32f4xx_hal.o(.data)
    uwTickPrio                               0x20000074   Data           4  stm32f4xx_hal.o(.data)
    uwTickFreq                               0x20000078   Data           1  stm32f4xx_hal.o(.data)
    SystemCoreClock                          0x2000007c   Data           4  system_stm32f4xx.o(.data)
    OSCtxSwCtr                               0x20000080   Data           4  os_core.o(.data)
    OSEventFreeList                          0x20000084   Data           4  os_core.o(.data)
    OSFlagFreeList                           0x20000088   Data           4  os_core.o(.data)
    OSCPUUsage                               0x2000008c   Data           1  os_core.o(.data)
    OSIdleCtrMax                             0x20000090   Data           4  os_core.o(.data)
    OSIdleCtrRun                             0x20000094   Data           4  os_core.o(.data)
    OSStatRdy                                0x20000098   Data           1  os_core.o(.data)
    OSIntNesting                             0x20000099   Data           1  os_core.o(.data)
    OSLockNesting                            0x2000009a   Data           1  os_core.o(.data)
    OSPrioCur                                0x2000009b   Data           1  os_core.o(.data)
    OSPrioHighRdy                            0x2000009c   Data           1  os_core.o(.data)
    OSRdyGrp                                 0x2000009d   Data           1  os_core.o(.data)
    OSRdyTbl                                 0x2000009e   Data           8  os_core.o(.data)
    OSRunning                                0x200000a6   Data           1  os_core.o(.data)
    OSTaskCtr                                0x200000a7   Data           1  os_core.o(.data)
    OSIdleCtr                                0x200000a8   Data           4  os_core.o(.data)
    OSTCBCur                                 0x200000ac   Data           4  os_core.o(.data)
    OSTCBFreeList                            0x200000b0   Data           4  os_core.o(.data)
    OSTCBHighRdy                             0x200000b4   Data           4  os_core.o(.data)
    OSTCBList                                0x200000b8   Data           4  os_core.o(.data)
    OSTickStepState                          0x200000bc   Data           1  os_core.o(.data)
    OSMemFreeList                            0x200000c0   Data           4  os_core.o(.data)
    OSQFreeList                              0x200000c4   Data           4  os_core.o(.data)
    OSTime                                   0x200000c8   Data           4  os_core.o(.data)
    __stdout                                 0x200000cc   Data           4  stdout.o(.data)
    fGyro                                    0x200000d4   Data          12  main.o(.bss)
    angle                                    0x200000e0   Data          12  main.o(.bss)
    sendBuf                                  0x200000ec   Data          50  main.o(.bss)
    Task_ComStack                            0x20000120   Data        2048  main.o(.bss)
    Task_AHRSStack                           0x20000920   Data        2048  main.o(.bss)
    hi2c1                                    0x20001120   Data          84  i2c.o(.bss)
    htim2                                    0x20001174   Data          64  tim.o(.bss)
    huart3                                   0x200011b4   Data          64  usart.o(.bss)
    OSEventTbl                               0x200011f4   Data         240  os_core.o(.bss)
    OSFlagTbl                                0x200012e4   Data          80  os_core.o(.bss)
    OSTaskStatStk                            0x20001334   Data         512  os_core.o(.bss)
    OSTaskIdleStk                            0x20001534   Data         512  os_core.o(.bss)
    OSTCBPrioTbl                             0x20001734   Data         256  os_core.o(.bss)
    OSTCBTbl                                 0x20001834   Data        1056  os_core.o(.bss)
    OSMemTbl                                 0x20001c54   Data         120  os_core.o(.bss)
    OSQTbl                                   0x20001ccc   Data          96  os_core.o(.bss)
    __initial_sp                             0x20002130   Data           0  startup_stm32f407xx.o(STACK)



==============================================================================

Memory Map of the image

  Image Entry point : 0x08000189

  Load Region LR_IROM1 (Base: 0x08000000, Size: 0x00007184, Max: 0x00080000, ABSOLUTE)

    Execution Region ER_IROM1 (Exec base: 0x08000000, Load base: 0x08000000, Size: 0x000070b0, Max: 0x00080000, ABSOLUTE)

    Exec Addr    Load Addr    Size         Type   Attr      Idx    E Section Name        Object

    0x08000000   0x08000000   0x00000188   Data   RO            3    RESET               startup_stm32f407xx.o
    0x08000188   0x08000188   0x00000000   Code   RO         4725  * .ARM.Collect$$$$00000000  mc_w.l(entry.o)
    0x08000188   0x08000188   0x00000004   Code   RO         5070    .ARM.Collect$$$$00000001  mc_w.l(entry2.o)
    0x0800018c   0x0800018c   0x00000004   Code   RO         5073    .ARM.Collect$$$$00000004  mc_w.l(entry5.o)
    0x08000190   0x08000190   0x00000000   Code   RO         5075    .ARM.Collect$$$$00000008  mc_w.l(entry7b.o)
    0x08000190   0x08000190   0x00000000   Code   RO         5077    .ARM.Collect$$$$0000000A  mc_w.l(entry8b.o)
    0x08000190   0x08000190   0x00000008   Code   RO         5078    .ARM.Collect$$$$0000000B  mc_w.l(entry9a.o)
    0x08000198   0x08000198   0x00000000   Code   RO         5080    .ARM.Collect$$$$0000000D  mc_w.l(entry10a.o)
    0x08000198   0x08000198   0x00000000   Code   RO         5082    .ARM.Collect$$$$0000000F  mc_w.l(entry11a.o)
    0x08000198   0x08000198   0x00000004   Code   RO         5071    .ARM.Collect$$$$00002712  mc_w.l(entry2.o)
    0x0800019c   0x0800019c   0x00000024   Code   RO            4    .text               startup_stm32f407xx.o
    0x080001c0   0x080001c0   0x000000c0   Code   RO         3793    .text               os_cpu_a.o
    0x08000280   0x08000280   0x00000062   Code   RO         4728    .text               mc_w.l(uldiv.o)
    0x080002e2   0x080002e2   0x00000024   Code   RO         4730    .text               mc_w.l(memseta.o)
    0x08000306   0x08000306   0x0000014e   Code   RO         4993    .text               mf_w.l(dadd.o)
    0x08000454   0x08000454   0x000000e4   Code   RO         4995    .text               mf_w.l(dmul.o)
    0x08000538   0x08000538   0x00000022   Code   RO         4999    .text               mf_w.l(dflti.o)
    0x0800055a   0x0800055a   0x00000026   Code   RO         5001    .text               mf_w.l(f2d.o)
    0x08000580   0x08000580   0x00000038   Code   RO         5003    .text               mf_w.l(d2f.o)
    0x080005b8   0x080005b8   0x0000002c   Code   RO         5085    .text               mc_w.l(uidiv.o)
    0x080005e4   0x080005e4   0x0000001e   Code   RO         5087    .text               mc_w.l(llshl.o)
    0x08000602   0x08000602   0x00000020   Code   RO         5089    .text               mc_w.l(llushr.o)
    0x08000622   0x08000622   0x00000024   Code   RO         5091    .text               mc_w.l(llsshr.o)
    0x08000646   0x08000646   0x00000000   Code   RO         5100    .text               mc_w.l(iusefp.o)
    0x08000646   0x08000646   0x0000006e   Code   RO         5101    .text               mf_w.l(fepilogue.o)
    0x080006b4   0x080006b4   0x000000ba   Code   RO         5103    .text               mf_w.l(depilogue.o)
    0x0800076e   0x0800076e   0x000000de   Code   RO         5105    .text               mf_w.l(ddiv.o)
    0x0800084c   0x0800084c   0x00000024   Code   RO         5111    .text               mc_w.l(init.o)
    0x08000870   0x08000870   0x000000a2   Code   RO         5113    .text               mf_w.l(dsqrt.o)
    0x08000912   0x08000912   0x0000001a   Code   RO         5115    .text               mf_w.l(dfltui.o)
    0x0800092c   0x0800092c   0x0000003e   Code   RO         5117    .text               mf_w.l(dfixi.o)
    0x0800096a   0x0800096a   0x00000002   PAD
    0x0800096c   0x0800096c   0x00000808   Code   RO          207    i.Attitude_Update   mahonyahrs.o
    0x08001174   0x08001174   0x0000002c   Code   RO         4625    i.BSP_Init          apps.o
    0x080011a0   0x080011a0   0x00000004   Code   RO          590    i.BusFault_Handler  stm32f4xx_it.o
    0x080011a4   0x080011a4   0x00000014   Code   RO          208    i.Calib_Status      mahonyahrs.o
    0x080011b8   0x080011b8   0x00000002   Code   RO          591    i.DebugMon_Handler  stm32f4xx_it.o
    0x080011ba   0x080011ba   0x00000002   Code   RO          293    i.Error_Handler     main.o
    0x080011bc   0x080011bc   0x000001a0   Code   RO          209    i.GY86_Read         mahonyahrs.o
    0x0800135c   0x0800135c   0x00000200   Code   RO         1579    i.HAL_GPIO_Init     stm32f4xx_hal_gpio.o
    0x0800155c   0x0800155c   0x0000000c   Code   RO         2116    i.HAL_GetTick       stm32f4xx_hal.o
    0x08001568   0x08001568   0x000001d0   Code   RO          700    i.HAL_I2C_Init      stm32f4xx_hal_i2c.o
    0x08001738   0x08001738   0x000002f4   Code   RO          718    i.HAL_I2C_Mem_Read  stm32f4xx_hal_i2c.o
    0x08001a2c   0x08001a2c   0x00000164   Code   RO          721    i.HAL_I2C_Mem_Write  stm32f4xx_hal_i2c.o
    0x08001b90   0x08001b90   0x00000088   Code   RO          374    i.HAL_I2C_MspInit   i2c.o
    0x08001c18   0x08001c18   0x00000018   Code   RO         2122    i.HAL_IncTick       stm32f4xx_hal.o
    0x08001c30   0x08001c30   0x0000003c   Code   RO         2123    i.HAL_Init          stm32f4xx_hal.o
    0x08001c6c   0x08001c6c   0x0000004c   Code   RO         2124    i.HAL_InitTick      stm32f4xx_hal.o
    0x08001cb8   0x08001cb8   0x00000058   Code   RO          665    i.HAL_MspInit       stm32f4xx_hal_msp.o
    0x08001d10   0x08001d10   0x00000020   Code   RO         1968    i.HAL_NVIC_EnableIRQ  stm32f4xx_hal_cortex.o
    0x08001d30   0x08001d30   0x0000007c   Code   RO         1974    i.HAL_NVIC_SetPriority  stm32f4xx_hal_cortex.o
    0x08001dac   0x08001dac   0x00000028   Code   RO         1975    i.HAL_NVIC_SetPriorityGrouping  stm32f4xx_hal_cortex.o
    0x08001dd4   0x08001dd4   0x00000184   Code   RO         1180    i.HAL_RCC_ClockConfig  stm32f4xx_hal_rcc.o
    0x08001f58   0x08001f58   0x0000000c   Code   RO         1185    i.HAL_RCC_GetHCLKFreq  stm32f4xx_hal_rcc.o
    0x08001f64   0x08001f64   0x00000020   Code   RO         1187    i.HAL_RCC_GetPCLK1Freq  stm32f4xx_hal_rcc.o
    0x08001f84   0x08001f84   0x00000020   Code   RO         1188    i.HAL_RCC_GetPCLK2Freq  stm32f4xx_hal_rcc.o
    0x08001fa4   0x08001fa4   0x000000b0   Code   RO         1189    i.HAL_RCC_GetSysClockFreq  stm32f4xx_hal_rcc.o
    0x08002054   0x08002054   0x00000488   Code   RO         1192    i.HAL_RCC_OscConfig  stm32f4xx_hal_rcc.o
    0x080024dc   0x080024dc   0x00000034   Code   RO         1979    i.HAL_SYSTICK_Config  stm32f4xx_hal_cortex.o
    0x08002510   0x08002510   0x000000b4   Code   RO         3067    i.HAL_TIMEx_MasterConfigSynchronization  stm32f4xx_hal_tim_ex.o
    0x080025c4   0x080025c4   0x00000034   Code   RO         2363    i.HAL_TIM_Base_Init  stm32f4xx_hal_tim.o
    0x080025f8   0x080025f8   0x00000030   Code   RO          446    i.HAL_TIM_Base_MspInit  tim.o
    0x08002628   0x08002628   0x00000108   Code   RO         2372    i.HAL_TIM_ConfigClockSource  stm32f4xx_hal_tim.o
    0x08002730   0x08002730   0x00000072   Code   RO         3325    i.HAL_UART_Init     stm32f4xx_hal_uart.o
    0x080027a2   0x080027a2   0x00000002   PAD
    0x080027a4   0x080027a4   0x00000088   Code   RO          488    i.HAL_UART_MspInit  usart.o
    0x0800282c   0x0800282c   0x000000d8   Code   RO         3333    i.HAL_UART_Transmit  stm32f4xx_hal_uart.o
    0x08002904   0x08002904   0x00000044   Code   RO           13    i.HMC_Init          hmc5883.o
    0x08002948   0x08002948   0x00000014   Code   RO           14    i.HMC_Read          hmc5883.o
    0x0800295c   0x0800295c   0x00000004   Code   RO          592    i.HardFault_Handler  stm32f4xx_it.o
    0x08002960   0x08002960   0x0000003e   Code   RO          743    i.I2C_IsAcknowledgeFailed  stm32f4xx_hal_i2c.o
    0x0800299e   0x0800299e   0x00000002   PAD
    0x080029a0   0x080029a0   0x00000160   Code   RO          754    i.I2C_RequestMemoryRead  stm32f4xx_hal_i2c.o
    0x08002b00   0x08002b00   0x000000e0   Code   RO          755    i.I2C_RequestMemoryWrite  stm32f4xx_hal_i2c.o
    0x08002be0   0x08002be0   0x0000005c   Code   RO          763    i.I2C_WaitOnBTFFlagUntilTimeout  stm32f4xx_hal_i2c.o
    0x08002c3c   0x08002c3c   0x00000086   Code   RO          764    i.I2C_WaitOnFlagUntilTimeout  stm32f4xx_hal_i2c.o
    0x08002cc2   0x08002cc2   0x000000c4   Code   RO          765    i.I2C_WaitOnMasterAddressFlagUntilTimeout  stm32f4xx_hal_i2c.o
    0x08002d86   0x08002d86   0x00000080   Code   RO          766    i.I2C_WaitOnRXNEFlagUntilTimeout  stm32f4xx_hal_i2c.o
    0x08002e06   0x08002e06   0x0000005c   Code   RO          769    i.I2C_WaitOnTXEFlagUntilTimeout  stm32f4xx_hal_i2c.o
    0x08002e62   0x08002e62   0x00000002   PAD
    0x08002e64   0x08002e64   0x00000028   Code   RO          375    i.IIC_Byte_Read     i2c.o
    0x08002e8c   0x08002e8c   0x00000028   Code   RO          376    i.IIC_Byte_Write    i2c.o
    0x08002eb4   0x08002eb4   0x00000014   Code   RO          157    i.MPU6050ReadAcc    mpu6050.o
    0x08002ec8   0x08002ec8   0x00000014   Code   RO          158    i.MPU6050ReadGyro   mpu6050.o
    0x08002edc   0x08002edc   0x00000064   Code   RO          159    i.MPU6050ReadID     mpu6050.o
    0x08002f40   0x08002f40   0x00000074   Code   RO          160    i.MPU6050_Init      mpu6050.o
    0x08002fb4   0x08002fb4   0x000001ac   Code   RO          211    i.MPU6050_Offset    mahonyahrs.o
    0x08003160   0x08003160   0x00000084   Code   RO          349    i.MX_GPIO_Init      gpio.o
    0x080031e4   0x080031e4   0x0000003c   Code   RO          377    i.MX_I2C1_Init      i2c.o
    0x08003220   0x08003220   0x0000006c   Code   RO          447    i.MX_TIM2_Init      tim.o
    0x0800328c   0x0800328c   0x00000038   Code   RO          489    i.MX_USART3_UART_Init  usart.o
    0x080032c4   0x080032c4   0x00000004   Code   RO          593    i.MemManage_Handler  stm32f4xx_it.o
    0x080032c8   0x080032c8   0x00000002   Code   RO          594    i.NMI_Handler       stm32f4xx_it.o
    0x080032ca   0x080032ca   0x00000002   PAD
    0x080032cc   0x080032cc   0x00000118   Code   RO         3769    i.OSDebugInit       os_dbg_r.o
    0x080033e4   0x080033e4   0x00000034   Code   RO         3802    i.OSInit            os_core.o
    0x08003418   0x08003418   0x00000002   Code   RO         3668    i.OSInitHookBegin   os_cpu_c.o
    0x0800341a   0x0800341a   0x00000002   Code   RO         3669    i.OSInitHookEnd     os_cpu_c.o
    0x0800341c   0x0800341c   0x00000090   Code   RO         3804    i.OSIntExit         os_core.o
    0x080034ac   0x080034ac   0x00000048   Code   RO         3807    i.OSStart           os_core.o
    0x080034f4   0x080034f4   0x00000002   Code   RO         3670    i.OSTCBInitHook     os_cpu_c.o
    0x080034f6   0x080034f6   0x00000002   PAD
    0x080034f8   0x080034f8   0x000000a8   Code   RO         4452    i.OSTaskCreate      os_task.o
    0x080035a0   0x080035a0   0x000000c0   Code   RO         4453    i.OSTaskCreateExt   os_task.o
    0x08003660   0x08003660   0x00000002   Code   RO         3671    i.OSTaskCreateHook  os_cpu_c.o
    0x08003662   0x08003662   0x00000002   PAD
    0x08003664   0x08003664   0x0000016c   Code   RO         4454    i.OSTaskDel         os_task.o
    0x080037d0   0x080037d0   0x00000002   Code   RO         3672    i.OSTaskDelHook     os_cpu_c.o
    0x080037d2   0x080037d2   0x00000002   Code   RO         3673    i.OSTaskIdleHook    os_cpu_c.o
    0x080037d4   0x080037d4   0x00000084   Code   RO         4457    i.OSTaskNameSet     os_task.o
    0x08003858   0x08003858   0x00000002   Code   RO         3674    i.OSTaskReturnHook  os_cpu_c.o
    0x0800385a   0x0800385a   0x00000002   Code   RO         3675    i.OSTaskStatHook    os_cpu_c.o
    0x0800385c   0x0800385c   0x000000a0   Code   RO         4462    i.OSTaskStkChk      os_task.o
    0x080038fc   0x080038fc   0x000001b0   Code   RO         3676    i.OSTaskStkInit     os_cpu_c.o
    0x08003aac   0x08003aac   0x000000bc   Code   RO         4463    i.OSTaskSuspend     os_task.o
    0x08003b68   0x08003b68   0x00000002   Code   RO         3677    i.OSTaskSwHook      os_cpu_c.o
    0x08003b6a   0x08003b6a   0x00000002   PAD
    0x08003b6c   0x08003b6c   0x00000078   Code   RO         4559    i.OSTimeDly         os_time.o
    0x08003be4   0x08003be4   0x000000ec   Code   RO         3809    i.OSTimeTick        os_core.o
    0x08003cd0   0x08003cd0   0x00000002   Code   RO         3678    i.OSTimeTickHook    os_cpu_c.o
    0x08003cd2   0x08003cd2   0x00000002   PAD
    0x08003cd4   0x08003cd4   0x0000005c   Code   RO         3679    i.OS_CPU_SysTickInit  os_cpu_c.o
    0x08003d30   0x08003d30   0x00000002   Code   RO         3811    i.OS_Dummy          os_core.o
    0x08003d32   0x08003d32   0x0000002a   Code   RO         3813    i.OS_EventTaskRemove  os_core.o
    0x08003d5c   0x08003d5c   0x0000003a   Code   RO         3814    i.OS_EventTaskRemoveMulti  os_core.o
    0x08003d96   0x08003d96   0x00000002   PAD
    0x08003d98   0x08003d98   0x00000058   Code   RO         4032    i.OS_FlagInit       os_flag.o
    0x08003df0   0x08003df0   0x00000024   Code   RO         4034    i.OS_FlagUnlink     os_flag.o
    0x08003e14   0x08003e14   0x00000060   Code   RO         3818    i.OS_InitEventList  os_core.o
    0x08003e74   0x08003e74   0x00000054   Code   RO         3819    i.OS_InitMisc       os_core.o
    0x08003ec8   0x08003ec8   0x00000044   Code   RO         3820    i.OS_InitRdyList    os_core.o
    0x08003f0c   0x08003f0c   0x00000080   Code   RO         3821    i.OS_InitTCBList    os_core.o
    0x08003f8c   0x08003f8c   0x00000050   Code   RO         3822    i.OS_InitTaskIdle   os_core.o
    0x08003fdc   0x08003fdc   0x00000050   Code   RO         3823    i.OS_InitTaskStat   os_core.o
    0x0800402c   0x0800402c   0x00000012   Code   RO         3824    i.OS_MemClr         os_core.o
    0x0800403e   0x0800403e   0x00000002   PAD
    0x08004040   0x08004040   0x00000058   Code   RO         4188    i.OS_MemInit        os_mem.o
    0x08004098   0x08004098   0x00000050   Code   RO         4311    i.OS_QInit          os_q.o
    0x080040e8   0x080040e8   0x00000074   Code   RO         3826    i.OS_Sched          os_core.o
    0x0800415c   0x0800415c   0x0000002c   Code   RO         3827    i.OS_SchedNew       os_core.o
    0x08004188   0x08004188   0x00000134   Code   RO         3829    i.OS_TCBInit        os_core.o
    0x080042bc   0x080042bc   0x00000028   Code   RO         3830    i.OS_TaskIdle       os_core.o
    0x080042e4   0x080042e4   0x00000018   Code   RO         4464    i.OS_TaskReturn     os_task.o
    0x080042fc   0x080042fc   0x00000088   Code   RO         3831    i.OS_TaskStat       os_core.o
    0x08004384   0x08004384   0x0000003c   Code   RO         3832    i.OS_TaskStatStkChk  os_core.o
    0x080043c0   0x080043c0   0x0000001a   Code   RO         4465    i.OS_TaskStkClr     os_task.o
    0x080043da   0x080043da   0x00000002   PAD
    0x080043dc   0x080043dc   0x00000014   Code   RO          212    i.Open_Calib        mahonyahrs.o
    0x080043f0   0x080043f0   0x00000824   Code   RO          213    i.Quat_Init         mahonyahrs.o
    0x08004c14   0x08004c14   0x00000002   Code   RO          595    i.RCC_IRQHandler    stm32f4xx_it.o
    0x08004c16   0x08004c16   0x00000002   Code   RO          596    i.SVC_Handler       stm32f4xx_it.o
    0x08004c18   0x08004c18   0x00000160   Code   RO          495    i.Send_Attitude     usart.o
    0x08004d78   0x08004d78   0x00000154   Code   RO          497    i.Send_Senser       usart.o
    0x08004ecc   0x08004ecc   0x00000026   Code   RO          378    i.Sensor_Read       i2c.o
    0x08004ef2   0x08004ef2   0x00000026   Code   RO          379    i.Sensor_Write      i2c.o
    0x08004f18   0x08004f18   0x0000000a   Code   RO          380    i.Soft_Dely         i2c.o
    0x08004f22   0x08004f22   0x00000002   PAD
    0x08004f24   0x08004f24   0x0000002c   Code   RO          597    i.SysTick_Handler   stm32f4xx_it.o
    0x08004f50   0x08004f50   0x000000b4   Code   RO          294    i.SystemClock_Config  main.o
    0x08005004   0x08005004   0x0000001c   Code   RO         3632    i.SystemInit        system_stm32f4xx.o
    0x08005020   0x08005020   0x000000d8   Code   RO         2451    i.TIM_Base_SetConfig  stm32f4xx_hal_tim.o
    0x080050f8   0x080050f8   0x00000016   Code   RO         2462    i.TIM_ETR_SetConfig  stm32f4xx_hal_tim.o
    0x0800510e   0x0800510e   0x00000012   Code   RO         2463    i.TIM_ITRx_SetConfig  stm32f4xx_hal_tim.o
    0x08005120   0x08005120   0x00000026   Code   RO         2469    i.TIM_TI1_ConfigInputStage  stm32f4xx_hal_tim.o
    0x08005146   0x08005146   0x00000028   Code   RO         2471    i.TIM_TI2_ConfigInputStage  stm32f4xx_hal_tim.o
    0x0800516e   0x0800516e   0x00000002   PAD
    0x08005170   0x08005170   0x000000b4   Code   RO         4626    i.Task_AHRS         apps.o
    0x08005224   0x08005224   0x000000d4   Code   RO         4627    i.Task_COM          apps.o
    0x080052f8   0x080052f8   0x000003e8   Code   RO         3352    i.UART_SetConfig    stm32f4xx_hal_uart.o
    0x080056e0   0x080056e0   0x0000006c   Code   RO         3354    i.UART_WaitOnFlagUntilTimeout  stm32f4xx_hal_uart.o
    0x0800574c   0x0800574c   0x0000001c   Code   RO          498    i.USART_NItSend     usart.o
    0x08005768   0x08005768   0x00000004   Code   RO          598    i.UsageFault_Handler  stm32f4xx_it.o
    0x0800576c   0x0800576c   0x00000020   Code   RO         4777    i.__0printf$1       mc_w.l(printf1.o)
    0x0800578c   0x0800578c   0x00000030   Code   RO         5042    i.__ARM_fpclassify  m_wm.l(fpclassify.o)
    0x080057bc   0x080057bc   0x00000010   Code   RO         1981    i.__NVIC_GetPriorityGrouping  stm32f4xx_hal_cortex.o
    0x080057cc   0x080057cc   0x00000028   Code   RO         1982    i.__NVIC_SetPriority  stm32f4xx_hal_cortex.o
    0x080057f4   0x080057f4   0x00000004   PAD
    0x080057f8   0x080057f8   0x00000360   Code   RO         4663    i.__hardfp_asin     m_wm.l(asin.o)
    0x08005b58   0x08005b58   0x000002d8   Code   RO         5005    i.__hardfp_atan     m_wm.l(atan.o)
    0x08005e30   0x08005e30   0x000001f0   Code   RO         4677    i.__hardfp_atan2    m_wm.l(atan2.o)
    0x08006020   0x08006020   0x000000c8   Code   RO         4689    i.__hardfp_cos      m_wm.l(cos.o)
    0x080060e8   0x080060e8   0x000000c8   Code   RO         4701    i.__hardfp_sin      m_wm.l(sin.o)
    0x080061b0   0x080061b0   0x0000003a   Code   RO         4713    i.__hardfp_sqrtf    m_wm.l(sqrtf.o)
    0x080061ea   0x080061ea   0x00000006   PAD
    0x080061f0   0x080061f0   0x00000438   Code   RO         5047    i.__ieee754_rem_pio2  m_wm.l(rred.o)
    0x08006628   0x08006628   0x00000170   Code   RO         5019    i.__kernel_cos      m_wm.l(cos_i.o)
    0x08006798   0x08006798   0x000000f8   Code   RO         5044    i.__kernel_poly     m_wm.l(poly.o)
    0x08006890   0x08006890   0x00000130   Code   RO         5052    i.__kernel_sin      m_wm.l(sin_i.o)
    0x080069c0   0x080069c0   0x00000014   Code   RO         5023    i.__mathlib_dbl_infnan  m_wm.l(dunder.o)
    0x080069d4   0x080069d4   0x00000014   Code   RO         5024    i.__mathlib_dbl_infnan2  m_wm.l(dunder.o)
    0x080069e8   0x080069e8   0x00000020   Code   RO         5025    i.__mathlib_dbl_invalid  m_wm.l(dunder.o)
    0x08006a08   0x08006a08   0x00000020   Code   RO         5028    i.__mathlib_dbl_underflow  m_wm.l(dunder.o)
    0x08006a28   0x08006a28   0x0000000e   Code   RO         5123    i.__scatterload_copy  mc_w.l(handlers.o)
    0x08006a36   0x08006a36   0x00000002   Code   RO         5124    i.__scatterload_null  mc_w.l(handlers.o)
    0x08006a38   0x08006a38   0x0000000e   Code   RO         5125    i.__scatterload_zeroinit  mc_w.l(handlers.o)
    0x08006a46   0x08006a46   0x00000002   PAD
    0x08006a48   0x08006a48   0x0000000c   Code   RO         5095    i.__set_errno       mc_w.l(errno.o)
    0x08006a54   0x08006a54   0x00000154   Code   RO         4784    i._printf_core      mc_w.l(printf1.o)
    0x08006ba8   0x08006ba8   0x00000010   Code   RO         5007    i.atan              m_wm.l(atan.o)
    0x08006bb8   0x08006bb8   0x00000018   Code   RO         5038    i.fabs              m_wm.l(fabs.o)
    0x08006bd0   0x08006bd0   0x00000020   Code   RO          499    i.fputc             usart.o
    0x08006bf0   0x08006bf0   0x0000003c   Code   RO          214    i.invSqrt           mahonyahrs.o
    0x08006c2c   0x08006c2c   0x00000058   Code   RO          295    i.main              main.o
    0x08006c84   0x08006c84   0x0000006e   Code   RO         5060    i.sqrt              m_wm.l(sqrt.o)
    0x08006cf2   0x08006cf2   0x00000018   Data   RO         3633    .constdata          system_stm32f4xx.o
    0x08006d0a   0x08006d0a   0x00000002   PAD
    0x08006d0c   0x08006d0c   0x00000074   Data   RO         3770    .constdata          os_dbg_r.o
    0x08006d80   0x08006d80   0x00000100   Data   RO         3834    .constdata          os_core.o
    0x08006e80   0x08006e80   0x00000050   Data   RO         4666    .constdata          m_wm.l(asin.o)
    0x08006ed0   0x08006ed0   0x00000098   Data   RO         5008    .constdata          m_wm.l(atan.o)
    0x08006f68   0x08006f68   0x00000030   Data   RO         5020    .constdata          m_wm.l(cos_i.o)
    0x08006f98   0x08006f98   0x00000008   Data   RO         5046    .constdata          m_wm.l(qnan.o)
    0x08006fa0   0x08006fa0   0x000000c8   Data   RO         5049    .constdata          m_wm.l(rred.o)
    0x08007068   0x08007068   0x00000028   Data   RO         5053    .constdata          m_wm.l(sin_i.o)
    0x08007090   0x08007090   0x00000020   Data   RO         5121    Region$$Table       anon$$obj.o


    Execution Region RW_IRAM2 (Exec base: 0x10000000, Load base: 0x08007184, Size: 0x00000000, Max: 0x00010000, ABSOLUTE)

    **** No section assigned to this execution region ****


    Execution Region RW_IRAM1 (Exec base: 0x20000000, Load base: 0x080070b0, Size: 0x00002130, Max: 0x00020000, ABSOLUTE)

    Exec Addr    Load Addr    Size         Type   Attr      Idx    E Section Name        Object

    0x20000000   0x080070b0   0x00000050   Data   RW          215    .data               mahonyahrs.o
    0x20000050   0x08007100   0x00000020   Data   RW          297    .data               main.o
    0x20000070   0x08007120   0x00000009   Data   RW         2130    .data               stm32f4xx_hal.o
    0x20000079   0x08007129   0x00000003   PAD
    0x2000007c   0x0800712c   0x00000004   Data   RW         3634    .data               system_stm32f4xx.o
    0x20000080   0x08007130   0x0000004c   Data   RW         3835    .data               os_core.o
    0x200000cc   0x0800717c   0x00000004   Data   RW         5084    .data               mc_w.l(stdout.o)
    0x200000d0   0x08007180   0x00000004   Data   RW         5096    .data               mc_w.l(errno.o)
    0x200000d4        -       0x0000104c   Zero   RW          296    .bss                main.o
    0x20001120        -       0x00000054   Zero   RW          381    .bss                i2c.o
    0x20001174        -       0x00000040   Zero   RW          448    .bss                tim.o
    0x200011b4        -       0x00000040   Zero   RW          500    .bss                usart.o
    0x200011f4        -       0x00000b38   Zero   RW         3833    .bss                os_core.o
    0x20001d2c   0x08007184   0x00000004   PAD
    0x20001d30        -       0x00000400   Zero   RW            1    STACK               startup_stm32f407xx.o


==============================================================================

Image component sizes


      Code (inc. data)   RO Data    RW Data    ZI Data      Debug   Object Name

       436         56          0          0          0       1466   apps.o
       132          6          0          0          0        867   gpio.o
        88          6          0          0          0     693550   hmc5883.o
       362         38          0          0         84       5023   i2c.o
      5084        218          0         80          0       7079   mahonyahrs.o
       270         26          0         32       4172      11229   main.o
       256         50          0          0          0       3806   mpu6050.o
      1864        348        256         76       2872      20181   os_core.o
       192         32          0          0          0        304   os_cpu_a.o
       544         14          0          0          0      45357   os_cpu_c.o
       280        184        116          0          0       3374   os_dbg_r.o
       124         14          0          0          0       1246   os_flag.o
        88         14          0          0          0        557   os_mem.o
        80          8          0          0          0        583   os_q.o
      1254        116          0          0          0       7064   os_task.o
       120         20          0          0          0        652   os_time.o
        36          8        392          0       1024        824   startup_stm32f407xx.o
       172         32          0          9          0       8677   stm32f4xx_hal.o
       304         22          0          0          0      34379   stm32f4xx_hal_cortex.o
       512         46          0          0          0       1636   stm32f4xx_hal_gpio.o
      2856         46          0          0          0      11538   stm32f4xx_hal_i2c.o
        88          4          0          0          0        842   stm32f4xx_hal_msp.o
      1800         84          0          0          0       5536   stm32f4xx_hal_rcc.o
       650         46          0          0          0       5561   stm32f4xx_hal_tim.o
       180         30          0          0          0       1312   stm32f4xx_hal_tim_ex.o
      1438          8          0          0          0       3740   stm32f4xx_hal_uart.o
        68          4          0          0          0       4166   stm32f4xx_it.o
        28          4         24          4          0       1123   system_stm32f4xx.o
       156         10          0          0         64       1606   tim.o
       944         50          0          0         64       4754   usart.o

    ----------------------------------------------------------------------
     20436       1548        822        204       8284     888032   Object Totals
         0          0         32          0          0          0   (incl. Generated)
        30          4          2          3          4          0   (incl. Padding)

    ----------------------------------------------------------------------

      Code (inc. data)   RO Data    RW Data    ZI Data      Debug   Library Member Name

       864         94         80          0          0        280   asin.o
       744        106        152          0          0        352   atan.o
       496         64          0          0          0        192   atan2.o
       200         20          0          0          0        164   cos.o
       368         46         48          0          0        200   cos_i.o
       104         16          0          0          0        496   dunder.o
        24          0          0          0          0        124   fabs.o
        48          0          0          0          0        124   fpclassify.o
       248          0          0          0          0        152   poly.o
         0          0          8          0          0          0   qnan.o
      1080        142        200          0          0        188   rred.o
       200         20          0          0          0        164   sin.o
       304         24         40          0          0        208   sin_i.o
       110          0          0          0          0        148   sqrt.o
        58          0          0          0          0        136   sqrtf.o
         0          0          0          0          0          0   entry.o
         0          0          0          0          0          0   entry10a.o
         0          0          0          0          0          0   entry11a.o
         8          4          0          0          0          0   entry2.o
         4          0          0          0          0          0   entry5.o
         0          0          0          0          0          0   entry7b.o
         0          0          0          0          0          0   entry8b.o
         8          4          0          0          0          0   entry9a.o
        12          6          0          4          0         68   errno.o
        30          0          0          0          0          0   handlers.o
        36          8          0          0          0         68   init.o
         0          0          0          0          0          0   iusefp.o
        30          0          0          0          0         68   llshl.o
        36          0          0          0          0         68   llsshr.o
        32          0          0          0          0         68   llushr.o
        36          0          0          0          0        108   memseta.o
       372         14          0          0          0        184   printf1.o
         0          0          0          4          0          0   stdout.o
        44          0          0          0          0         80   uidiv.o
        98          0          0          0          0         92   uldiv.o
        56          0          0          0          0         88   d2f.o
       334          0          0          0          0        148   dadd.o
       222          0          0          0          0        100   ddiv.o
       186          0          0          0          0        176   depilogue.o
        62          0          0          0          0         80   dfixi.o
        34          0          0          0          0         76   dflti.o
        26          0          0          0          0         76   dfltui.o
       228          0          0          0          0         96   dmul.o
       162          0          0          0          0        100   dsqrt.o
        38          0          0          0          0         68   f2d.o
       110          0          0          0          0        168   fepilogue.o

    ----------------------------------------------------------------------
      7062        568        528          8          0       4908   Library Totals
        10          0          0          0          0          0   (incl. Padding)

    ----------------------------------------------------------------------

      Code (inc. data)   RO Data    RW Data    ZI Data      Debug   Library Name

      4848        532        528          0          0       2928   m_wm.l
       746         36          0          8          0        804   mc_w.l
      1458          0          0          0          0       1176   mf_w.l

    ----------------------------------------------------------------------
      7062        568        528          8          0       4908   Library Totals

    ----------------------------------------------------------------------

==============================================================================


      Code (inc. data)   RO Data    RW Data    ZI Data      Debug   

     27498       2116       1350        212       8284     878008   Grand Totals
     27498       2116       1350        212       8284     878008   ELF Image Totals
     27498       2116       1350        212          0          0   ROM Totals

==============================================================================

    Total RO  Size (Code + RO Data)                28848 (  28.17kB)
    Total RW  Size (RW Data + ZI Data)              8496 (   8.30kB)
    Total ROM Size (Code + RO Data + RW Data)      29060 (  28.38kB)

==============================================================================

